2025-09-06 14:23 - ml4cascades.turbogap.calcs_base - INFO - ------------------RELAXATION for energy: 100 eV, supercell size: 7 --------------------
2025-09-06 14:24 - ml4cascades.turbogap.calcs_base - INFO - ------------------RELAXATION for energy: 100 eV, supercell size: 7 --------------------
2025-09-06 14:25 - ml4cascades.turbogap.calcs_base - INFO - ------------------RELAXATION for energy: 100 eV, supercell size: 7 --------------------
2025-09-06 14:27 - ml4cascades.turbogap.calcs_base - INFO - ------------------RELAXATION for energy: 100 eV, supercell size: 7 --------------------
2025-09-06 14:28 - ml4cascades.turbogap.calcs_base - INFO - ------------------RELAXATION for energy: 100 eV, supercell size: 7 --------------------
2025-09-06 14:30 - ml4cascades.turbogap.calcs_base - INFO - ------------------RELAXATION for energy: 100 eV, supercell size: 7 --------------------
2025-09-06 14:33 - ml4cascades.turbogap.calcs_base - INFO - ------------------SIMULATION for energy: 100 eV, supercell size: 7 --------------------
2025-09-06 14:34 - ml4cascades.turbogap.calcs_base - INFO - ------------------SIMULATION for energy: 100 eV, supercell size: 7 --------------------
2025-09-06 14:35 - ml4cascades.turbogap.calcs_base - INFO - ------------------SIMULATION for energy: 100 eV, supercell size: 7 --------------------
2025-09-06 14:36 - ml4cascades.turbogap.calcs_base - INFO - ------------------SIMULATION for energy: 100 eV, supercell size: 7 --------------------
2025-09-06 14:37 - ml4cascades.turbogap.calcs_base - INFO - ------------------SIMULATION for energy: 100 eV, supercell size: 7 --------------------
2025-09-06 14:37 - ml4cascades.turbogap.calcs_base - INFO - ------------------SIMULATION for energy: 100 eV, supercell size: 7 --------------------
2025-09-06 14:39 - ml4cascades.turbogap.calcs_base - INFO - ------------------SIMULATION for energy: 100 eV, supercell size: 7 --------------------
2025-09-06 14:39 - ml4cascades.turbogap.calcs_base - INFO - PKA ID 1833 with old velocities [ 1.7718e-04  8.6980e-05 -4.1953e-04] ang/fs
2025-09-06 14:39 - ml4cascades.turbogap.calcs_base - INFO - PKA ID: 1833 with new Velocities: -0.05, -0.08, -0.13 ang/fs
2025-09-06 14:39 - ml4cascades.turbogap.calcs_base - INFO - PKA ID 1874 with old velocities [-0.00164149 -0.00056036 -0.00040723] ang/fs
2025-09-06 14:39 - ml4cascades.turbogap.calcs_base - INFO - PKA ID: 1874 with new Velocities: -0.07, -0.15, 0.02 ang/fs
2025-09-06 14:39 - ml4cascades.turbogap.calcs_base - INFO - PKA ID 1423 with old velocities [-0.00195144  0.00091964 -0.0009612 ] ang/fs
2025-09-06 14:39 - ml4cascades.turbogap.calcs_base - INFO - PKA ID: 1423 with new Velocities: 0.02, -0.08, 0.14 ang/fs
2025-09-06 14:39 - ml4cascades.turbogap.calcs_base - INFO - PKA ID 988 with old velocities [ 6.3160e-05 -6.1536e-04 -1.6613e-04] ang/fs
2025-09-06 14:39 - ml4cascades.turbogap.calcs_base - INFO - PKA ID: 988 with new Velocities: 0.12, -0.04, -0.10 ang/fs
2025-09-06 14:39 - ml4cascades.turbogap.calcs_base - INFO - PKA ID 1336 with old velocities [0.00090588 0.00067888 0.00199975] ang/fs
2025-09-06 14:39 - ml4cascades.turbogap.calcs_base - INFO - PKA ID: 1336 with new Velocities: -0.01, 0.07, -0.15 ang/fs
2025-09-06 14:39 - ml4cascades.turbogap.calcs_base - INFO - PKA ID 1716 with old velocities [-3.0480e-05  8.5235e-04  2.6008e-03] ang/fs
2025-09-06 14:39 - ml4cascades.turbogap.calcs_base - INFO - PKA ID: 1716 with new Velocities: -0.07, 0.08, -0.12 ang/fs
2025-09-06 14:39 - ml4cascades.turbogap.calcs_base - INFO - PKA ID 1824 with old velocities [-0.00092054 -0.00123228 -0.00131742] ang/fs
2025-09-06 14:39 - ml4cascades.turbogap.calcs_base - INFO - PKA ID: 1824 with new Velocities: -0.10, -0.12, 0.03 ang/fs
2025-09-06 14:39 - ml4cascades.turbogap.calcs_base - INFO - PKA ID 1423 with old velocities [-0.00195144  0.00091964 -0.0009612 ] ang/fs
2025-09-06 14:39 - ml4cascades.turbogap.calcs_base - INFO - PKA ID: 1423 with new Velocities: 0.02, -0.08, 0.14 ang/fs
2025-09-06 14:39 - ml4cascades.turbogap.calcs_base - INFO - PKA ID 935 with old velocities [-3.1179e-04 -7.8225e-04  9.5510e-05] ang/fs
2025-09-06 14:39 - ml4cascades.turbogap.calcs_base - INFO - PKA ID: 935 with new Velocities: 0.12, 0.10, -0.05 ang/fs
2025-09-06 14:39 - ml4cascades.turbogap.calcs_base - INFO - PKA ID 1874 with old velocities [-0.00164149 -0.00056036 -0.00040723] ang/fs
2025-09-06 14:39 - ml4cascades.turbogap.calcs_base - INFO - PKA ID: 1874 with new Velocities: -0.07, -0.15, 0.01 ang/fs
2025-09-06 14:39 - ml4cascades.turbogap.calcs_base - INFO - PKA ID 931 with old velocities [-0.00059286  0.00050964  0.00120627] ang/fs
2025-09-06 14:39 - ml4cascades.turbogap.calcs_base - INFO - PKA ID: 931 with new Velocities: 0.12, 0.08, -0.07 ang/fs
2025-09-06 14:39 - ml4cascades.turbogap.calcs_base - INFO - PKA ID 2162 with old velocities [ 0.0005718  -0.00017539 -0.00027751] ang/fs
2025-09-06 14:39 - ml4cascades.turbogap.calcs_base - INFO - PKA ID: 2162 with new Velocities: -0.14, 0.03, -0.08 ang/fs
2025-09-06 14:39 - ml4cascades.turbogap.calcs_base - INFO - PKA ID 1046 with old velocities [ 0.00140897  0.00105288 -0.00022668] ang/fs
2025-09-06 14:39 - ml4cascades.turbogap.calcs_base - INFO - PKA ID: 1046 with new Velocities: 0.06, -0.07, -0.13 ang/fs
2025-09-06 14:39 - ml4cascades.turbogap.calcs_base - INFO - PKA ID 930 with old velocities [ 0.00070539 -0.0001455   0.00018302] ang/fs
2025-09-06 14:39 - ml4cascades.turbogap.calcs_base - INFO - PKA ID: 930 with new Velocities: 0.12, 0.09, -0.06 ang/fs
2025-09-06 14:39 - ml4cascades.turbogap.calcs_base - INFO - PKA ID 966 with old velocities [-0.00112491  0.00115089  0.00112729] ang/fs
2025-09-06 14:39 - ml4cascades.turbogap.calcs_base - INFO - PKA ID: 966 with new Velocities: 0.06, 0.01, 0.15 ang/fs
2025-09-06 14:39 - ml4cascades.turbogap.calcs_base - INFO - PKA ID 920 with old velocities [ 0.00061086  0.00210216 -0.00182703] ang/fs
2025-09-06 14:39 - ml4cascades.turbogap.calcs_base - INFO - PKA ID: 920 with new Velocities: 0.08, 0.06, 0.13 ang/fs
2025-09-06 14:39 - ml4cascades.turbogap.calcs_base - INFO - PKA ID 923 with old velocities [ 0.00041117 -0.00095347  0.00244634] ang/fs
2025-09-06 14:39 - ml4cascades.turbogap.calcs_base - INFO - PKA ID: 923 with new Velocities: 0.13, 0.10, -0.00 ang/fs
2025-09-06 14:39 - ml4cascades.turbogap.calcs_base - INFO - PKA ID 1436 with old velocities [-1.2874e-04 -1.2490e-05 -6.2557e-04] ang/fs
2025-09-06 14:39 - ml4cascades.turbogap.calcs_base - INFO - PKA ID: 1436 with new Velocities: 0.04, -0.12, -0.10 ang/fs
2025-09-06 14:39 - ml4cascades.turbogap.calcs_base - INFO - PKA ID 590 with old velocities [ 0.00038697 -0.00242868 -0.00018737] ang/fs
2025-09-06 14:39 - ml4cascades.turbogap.calcs_base - INFO - PKA ID: 590 with new Velocities: 0.16, 0.01, -0.04 ang/fs
2025-09-06 14:39 - ml4cascades.turbogap.calcs_base - INFO - PKA ID 1759 with old velocities [ 0.00120547 -0.00102226  0.00054503] ang/fs
2025-09-06 14:39 - ml4cascades.turbogap.calcs_base - INFO - PKA ID: 1759 with new Velocities: -0.09, -0.01, 0.13 ang/fs
2025-09-06 14:39 - ml4cascades.turbogap.calcs_base - INFO - PKA ID 1812 with old velocities [-0.0012123   0.00012055 -0.00133311] ang/fs
2025-09-06 14:39 - ml4cascades.turbogap.calcs_base - INFO - PKA ID: 1812 with new Velocities: -0.08, -0.13, 0.06 ang/fs
2025-09-06 14:39 - ml4cascades.turbogap.calcs_base - INFO - PKA ID 2210 with old velocities [ 1.1609e-04 -1.6980e-05 -1.8993e-04] ang/fs
2025-09-06 14:39 - ml4cascades.turbogap.calcs_base - INFO - PKA ID: 2210 with new Velocities: -0.15, -0.06, 0.01 ang/fs
2025-09-06 14:39 - ml4cascades.turbogap.calcs_base - INFO - PKA ID 1753 with old velocities [ 0.00174118  0.00016905 -0.00143426] ang/fs
2025-09-06 14:39 - ml4cascades.turbogap.calcs_base - INFO - PKA ID: 1753 with new Velocities: -0.06, 0.02, 0.15 ang/fs
2025-09-06 14:39 - ml4cascades.turbogap.calcs_base - INFO - PKA ID 2217 with old velocities [-0.00096817 -0.00100407  0.00144234] ang/fs
2025-09-06 14:39 - ml4cascades.turbogap.calcs_base - INFO - PKA ID: 2217 with new Velocities: -0.15, -0.06, -0.02 ang/fs
2025-09-06 14:39 - ml4cascades.turbogap.calcs_base - INFO - PKA ID 1417 with old velocities [0.00047591 0.00090275 0.00057045] ang/fs
2025-09-06 14:39 - ml4cascades.turbogap.calcs_base - INFO - PKA ID: 1417 with new Velocities: 0.05, -0.05, 0.15 ang/fs
2025-09-06 14:39 - ml4cascades.turbogap.calcs_base - INFO - PKA ID 1385 with old velocities [-1.48894e-03 -1.32302e-03  9.20000e-07] ang/fs
2025-09-06 14:39 - ml4cascades.turbogap.calcs_base - INFO - PKA ID: 1385 with new Velocities: 0.02, 0.06, -0.15 ang/fs
2025-09-06 14:39 - ml4cascades.turbogap.calcs_base - INFO - PKA ID 1029 with old velocities [ 0.0008276   0.00088799 -0.00137114] ang/fs
2025-09-06 14:39 - ml4cascades.turbogap.calcs_base - INFO - PKA ID: 1029 with new Velocities: 0.12, -0.06, 0.09 ang/fs
2025-09-06 14:39 - ml4cascades.turbogap.calcs_base - INFO - PKA ID 1705 with old velocities [ 0.00164253 -0.00056556 -0.00012806] ang/fs
2025-09-06 14:39 - ml4cascades.turbogap.calcs_base - INFO - PKA ID: 1705 with new Velocities: -0.08, 0.13, 0.05 ang/fs
2025-09-06 14:39 - ml4cascades.turbogap.calcs_base - INFO - PKA ID 1881 with old velocities [0.00141443 0.00210278 0.00078775] ang/fs
2025-09-06 14:39 - ml4cascades.turbogap.calcs_base - INFO - PKA ID: 1881 with new Velocities: -0.05, -0.15, -0.06 ang/fs
2025-09-06 14:39 - ml4cascades.turbogap.calcs_base - INFO - PKA ID 1885 with old velocities [-0.00028058  0.00201086  0.00133526] ang/fs
2025-09-06 14:39 - ml4cascades.turbogap.calcs_base - INFO - PKA ID: 1885 with new Velocities: -0.07, -0.13, -0.07 ang/fs
2025-09-06 14:39 - ml4cascades.turbogap.calcs_base - INFO - PKA ID 1309 with old velocities [-0.00136052  0.00112446 -0.00096989] ang/fs
2025-09-06 14:39 - ml4cascades.turbogap.calcs_base - INFO - PKA ID: 1309 with new Velocities: 0.01, 0.13, 0.10 ang/fs
2025-09-06 14:39 - ml4cascades.turbogap.calcs_base - INFO - PKA ID 1881 with old velocities [0.00141443 0.00210278 0.00078775] ang/fs
2025-09-06 14:39 - ml4cascades.turbogap.calcs_base - INFO - PKA ID: 1881 with new Velocities: -0.04, -0.15, -0.06 ang/fs
2025-09-06 14:39 - ml4cascades.turbogap.calcs_base - INFO - PKA ID 1760 with old velocities [7.6510e-05 1.4819e-04 2.8290e-04] ang/fs
2025-09-06 14:39 - ml4cascades.turbogap.calcs_base - INFO - PKA ID: 1760 with new Velocities: -0.12, -0.04, 0.11 ang/fs
2025-09-06 14:43 - ml4cascades.turbogap.calcs_base - INFO - ------------------SIMULATION for energy: 100 eV, supercell size: 7 --------------------
2025-09-06 14:48 - ml4cascades.turbogap.calcs_base - INFO - ------------------SIMULATION for energy: 100 eV, supercell size: 7 --------------------
2025-09-06 14:48 - ml4cascades.turbogap.calcs_base - INFO - PKA ID 1833 with old velocities [ 1.7718e-04  8.6980e-05 -4.1953e-04] ang/fs
2025-09-06 14:48 - ml4cascades.turbogap.calcs_base - INFO - PKA ID: 1833 with new Velocities: -0.05, -0.08, -0.13 ang/fs
2025-09-06 14:48 - ml4cascades.turbogap.calcs_base - INFO - PKA ID 1874 with old velocities [-0.00164149 -0.00056036 -0.00040723] ang/fs
2025-09-06 14:48 - ml4cascades.turbogap.calcs_base - INFO - PKA ID: 1874 with new Velocities: -0.07, -0.15, 0.02 ang/fs
2025-09-06 14:48 - ml4cascades.turbogap.calcs_base - INFO - PKA ID 1423 with old velocities [-0.00195144  0.00091964 -0.0009612 ] ang/fs
2025-09-06 14:48 - ml4cascades.turbogap.calcs_base - INFO - PKA ID: 1423 with new Velocities: 0.02, -0.08, 0.14 ang/fs
2025-09-06 14:48 - ml4cascades.turbogap.calcs_base - INFO - PKA ID 988 with old velocities [ 6.3160e-05 -6.1536e-04 -1.6613e-04] ang/fs
2025-09-06 14:48 - ml4cascades.turbogap.calcs_base - INFO - PKA ID: 988 with new Velocities: 0.12, -0.04, -0.10 ang/fs
2025-09-06 14:48 - ml4cascades.turbogap.calcs_base - INFO - PKA ID 1336 with old velocities [0.00090588 0.00067888 0.00199975] ang/fs
2025-09-06 14:48 - ml4cascades.turbogap.calcs_base - INFO - PKA ID: 1336 with new Velocities: -0.01, 0.07, -0.15 ang/fs
2025-09-06 14:48 - ml4cascades.turbogap.calcs_base - INFO - PKA ID 1716 with old velocities [-3.0480e-05  8.5235e-04  2.6008e-03] ang/fs
2025-09-06 14:48 - ml4cascades.turbogap.calcs_base - INFO - PKA ID: 1716 with new Velocities: -0.07, 0.08, -0.12 ang/fs
2025-09-06 14:48 - ml4cascades.turbogap.calcs_base - INFO - PKA ID 1824 with old velocities [-0.00092054 -0.00123228 -0.00131742] ang/fs
2025-09-06 14:48 - ml4cascades.turbogap.calcs_base - INFO - PKA ID: 1824 with new Velocities: -0.10, -0.12, 0.03 ang/fs
2025-09-06 14:48 - ml4cascades.turbogap.calcs_base - INFO - PKA ID 1423 with old velocities [-0.00195144  0.00091964 -0.0009612 ] ang/fs
2025-09-06 14:48 - ml4cascades.turbogap.calcs_base - INFO - PKA ID: 1423 with new Velocities: 0.02, -0.08, 0.14 ang/fs
2025-09-06 14:48 - ml4cascades.turbogap.calcs_base - INFO - PKA ID 935 with old velocities [-3.1179e-04 -7.8225e-04  9.5510e-05] ang/fs
2025-09-06 14:48 - ml4cascades.turbogap.calcs_base - INFO - PKA ID: 935 with new Velocities: 0.12, 0.10, -0.05 ang/fs
2025-09-06 14:48 - ml4cascades.turbogap.calcs_base - INFO - PKA ID 1874 with old velocities [-0.00164149 -0.00056036 -0.00040723] ang/fs
2025-09-06 14:48 - ml4cascades.turbogap.calcs_base - INFO - PKA ID: 1874 with new Velocities: -0.07, -0.15, 0.01 ang/fs
2025-09-06 14:48 - ml4cascades.turbogap.calcs_base - INFO - PKA ID 931 with old velocities [-0.00059286  0.00050964  0.00120627] ang/fs
2025-09-06 14:48 - ml4cascades.turbogap.calcs_base - INFO - PKA ID: 931 with new Velocities: 0.12, 0.08, -0.07 ang/fs
2025-09-06 14:48 - ml4cascades.turbogap.calcs_base - INFO - PKA ID 2162 with old velocities [ 0.0005718  -0.00017539 -0.00027751] ang/fs
2025-09-06 14:48 - ml4cascades.turbogap.calcs_base - INFO - PKA ID: 2162 with new Velocities: -0.14, 0.03, -0.08 ang/fs
2025-09-06 14:48 - ml4cascades.turbogap.calcs_base - INFO - PKA ID 1046 with old velocities [ 0.00140897  0.00105288 -0.00022668] ang/fs
2025-09-06 14:48 - ml4cascades.turbogap.calcs_base - INFO - PKA ID: 1046 with new Velocities: 0.06, -0.07, -0.13 ang/fs
2025-09-06 14:48 - ml4cascades.turbogap.calcs_base - INFO - PKA ID 930 with old velocities [ 0.00070539 -0.0001455   0.00018302] ang/fs
2025-09-06 14:48 - ml4cascades.turbogap.calcs_base - INFO - PKA ID: 930 with new Velocities: 0.12, 0.09, -0.06 ang/fs
2025-09-06 14:48 - ml4cascades.turbogap.calcs_base - INFO - PKA ID 966 with old velocities [-0.00112491  0.00115089  0.00112729] ang/fs
2025-09-06 14:48 - ml4cascades.turbogap.calcs_base - INFO - PKA ID: 966 with new Velocities: 0.06, 0.01, 0.15 ang/fs
2025-09-06 14:48 - ml4cascades.turbogap.calcs_base - INFO - PKA ID 920 with old velocities [ 0.00061086  0.00210216 -0.00182703] ang/fs
2025-09-06 14:48 - ml4cascades.turbogap.calcs_base - INFO - PKA ID: 920 with new Velocities: 0.08, 0.06, 0.13 ang/fs
2025-09-06 14:48 - ml4cascades.turbogap.calcs_base - INFO - PKA ID 923 with old velocities [ 0.00041117 -0.00095347  0.00244634] ang/fs
2025-09-06 14:48 - ml4cascades.turbogap.calcs_base - INFO - PKA ID: 923 with new Velocities: 0.13, 0.10, -0.00 ang/fs
2025-09-06 14:48 - ml4cascades.turbogap.calcs_base - INFO - PKA ID 1436 with old velocities [-1.2874e-04 -1.2490e-05 -6.2557e-04] ang/fs
2025-09-06 14:48 - ml4cascades.turbogap.calcs_base - INFO - PKA ID: 1436 with new Velocities: 0.04, -0.12, -0.10 ang/fs
2025-09-06 14:48 - ml4cascades.turbogap.calcs_base - INFO - PKA ID 590 with old velocities [ 0.00038697 -0.00242868 -0.00018737] ang/fs
2025-09-06 14:48 - ml4cascades.turbogap.calcs_base - INFO - PKA ID: 590 with new Velocities: 0.16, 0.01, -0.04 ang/fs
2025-09-06 14:48 - ml4cascades.turbogap.calcs_base - INFO - PKA ID 1759 with old velocities [ 0.00120547 -0.00102226  0.00054503] ang/fs
2025-09-06 14:48 - ml4cascades.turbogap.calcs_base - INFO - PKA ID: 1759 with new Velocities: -0.09, -0.01, 0.13 ang/fs
2025-09-06 14:48 - ml4cascades.turbogap.calcs_base - INFO - PKA ID 1812 with old velocities [-0.0012123   0.00012055 -0.00133311] ang/fs
2025-09-06 14:48 - ml4cascades.turbogap.calcs_base - INFO - PKA ID: 1812 with new Velocities: -0.08, -0.13, 0.06 ang/fs
2025-09-06 14:48 - ml4cascades.turbogap.calcs_base - INFO - PKA ID 2210 with old velocities [ 1.1609e-04 -1.6980e-05 -1.8993e-04] ang/fs
2025-09-06 14:48 - ml4cascades.turbogap.calcs_base - INFO - PKA ID: 2210 with new Velocities: -0.15, -0.06, 0.01 ang/fs
2025-09-06 14:48 - ml4cascades.turbogap.calcs_base - INFO - PKA ID 1753 with old velocities [ 0.00174118  0.00016905 -0.00143426] ang/fs
2025-09-06 14:48 - ml4cascades.turbogap.calcs_base - INFO - PKA ID: 1753 with new Velocities: -0.06, 0.02, 0.15 ang/fs
2025-09-06 14:48 - ml4cascades.turbogap.calcs_base - INFO - PKA ID 2217 with old velocities [-0.00096817 -0.00100407  0.00144234] ang/fs
2025-09-06 14:48 - ml4cascades.turbogap.calcs_base - INFO - PKA ID: 2217 with new Velocities: -0.15, -0.06, -0.02 ang/fs
2025-09-06 14:48 - ml4cascades.turbogap.calcs_base - INFO - PKA ID 1417 with old velocities [0.00047591 0.00090275 0.00057045] ang/fs
2025-09-06 14:48 - ml4cascades.turbogap.calcs_base - INFO - PKA ID: 1417 with new Velocities: 0.05, -0.05, 0.15 ang/fs
2025-09-06 14:48 - ml4cascades.turbogap.calcs_base - INFO - PKA ID 1385 with old velocities [-1.48894e-03 -1.32302e-03  9.20000e-07] ang/fs
2025-09-06 14:48 - ml4cascades.turbogap.calcs_base - INFO - PKA ID: 1385 with new Velocities: 0.02, 0.06, -0.15 ang/fs
2025-09-06 14:48 - ml4cascades.turbogap.calcs_base - INFO - PKA ID 1029 with old velocities [ 0.0008276   0.00088799 -0.00137114] ang/fs
2025-09-06 14:48 - ml4cascades.turbogap.calcs_base - INFO - PKA ID: 1029 with new Velocities: 0.12, -0.06, 0.09 ang/fs
2025-09-06 14:48 - ml4cascades.turbogap.calcs_base - INFO - PKA ID 1705 with old velocities [ 0.00164253 -0.00056556 -0.00012806] ang/fs
2025-09-06 14:48 - ml4cascades.turbogap.calcs_base - INFO - PKA ID: 1705 with new Velocities: -0.08, 0.13, 0.05 ang/fs
2025-09-06 14:48 - ml4cascades.turbogap.calcs_base - INFO - PKA ID 1881 with old velocities [0.00141443 0.00210278 0.00078775] ang/fs
2025-09-06 14:48 - ml4cascades.turbogap.calcs_base - INFO - PKA ID: 1881 with new Velocities: -0.05, -0.15, -0.06 ang/fs
2025-09-06 14:48 - ml4cascades.turbogap.calcs_base - INFO - PKA ID 1885 with old velocities [-0.00028058  0.00201086  0.00133526] ang/fs
2025-09-06 14:48 - ml4cascades.turbogap.calcs_base - INFO - PKA ID: 1885 with new Velocities: -0.07, -0.13, -0.07 ang/fs
2025-09-06 14:48 - ml4cascades.turbogap.calcs_base - INFO - PKA ID 1309 with old velocities [-0.00136052  0.00112446 -0.00096989] ang/fs
2025-09-06 14:48 - ml4cascades.turbogap.calcs_base - INFO - PKA ID: 1309 with new Velocities: 0.01, 0.13, 0.10 ang/fs
2025-09-06 14:48 - ml4cascades.turbogap.calcs_base - INFO - PKA ID 1881 with old velocities [0.00141443 0.00210278 0.00078775] ang/fs
2025-09-06 14:48 - ml4cascades.turbogap.calcs_base - INFO - PKA ID: 1881 with new Velocities: -0.04, -0.15, -0.06 ang/fs
2025-09-06 14:48 - ml4cascades.turbogap.calcs_base - INFO - PKA ID 1760 with old velocities [7.6510e-05 1.4819e-04 2.8290e-04] ang/fs
2025-09-06 14:48 - ml4cascades.turbogap.calcs_base - INFO - PKA ID: 1760 with new Velocities: -0.12, -0.04, 0.11 ang/fs
2025-09-06 15:01 - ml4cascades.turbogap.calcs_base - INFO - ------------------SIMULATION for energy: 100 eV, supercell size: 7 --------------------
2025-09-06 15:01 - ml4cascades.turbogap.calcs_base - INFO - PKA ID 1833 with old velocities [ 1.7718e-04  8.6980e-05 -4.1953e-04] ang/fs
2025-09-06 15:01 - ml4cascades.turbogap.calcs_base - INFO - PKA ID: 1833 with new Velocities: -0.05, -0.08, -0.13 ang/fs
2025-09-06 15:01 - ml4cascades.turbogap.calcs_base - INFO - PKA ID 1874 with old velocities [-0.00164149 -0.00056036 -0.00040723] ang/fs
2025-09-06 15:01 - ml4cascades.turbogap.calcs_base - INFO - PKA ID: 1874 with new Velocities: -0.07, -0.15, 0.02 ang/fs
2025-09-06 15:01 - ml4cascades.turbogap.calcs_base - INFO - PKA ID 1423 with old velocities [-0.00195144  0.00091964 -0.0009612 ] ang/fs
2025-09-06 15:01 - ml4cascades.turbogap.calcs_base - INFO - PKA ID: 1423 with new Velocities: 0.02, -0.08, 0.14 ang/fs
2025-09-06 15:01 - ml4cascades.turbogap.calcs_base - INFO - PKA ID 988 with old velocities [ 6.3160e-05 -6.1536e-04 -1.6613e-04] ang/fs
2025-09-06 15:01 - ml4cascades.turbogap.calcs_base - INFO - PKA ID: 988 with new Velocities: 0.12, -0.04, -0.10 ang/fs
2025-09-06 15:01 - ml4cascades.turbogap.calcs_base - INFO - PKA ID 1336 with old velocities [0.00090588 0.00067888 0.00199975] ang/fs
2025-09-06 15:01 - ml4cascades.turbogap.calcs_base - INFO - PKA ID: 1336 with new Velocities: -0.01, 0.07, -0.15 ang/fs
2025-09-06 15:01 - ml4cascades.turbogap.calcs_base - INFO - PKA ID 1716 with old velocities [-3.0480e-05  8.5235e-04  2.6008e-03] ang/fs
2025-09-06 15:01 - ml4cascades.turbogap.calcs_base - INFO - PKA ID: 1716 with new Velocities: -0.07, 0.08, -0.12 ang/fs
2025-09-06 15:01 - ml4cascades.turbogap.calcs_base - INFO - PKA ID 1824 with old velocities [-0.00092054 -0.00123228 -0.00131742] ang/fs
2025-09-06 15:01 - ml4cascades.turbogap.calcs_base - INFO - PKA ID: 1824 with new Velocities: -0.10, -0.12, 0.03 ang/fs
2025-09-06 15:01 - ml4cascades.turbogap.calcs_base - INFO - PKA ID 1423 with old velocities [-0.00195144  0.00091964 -0.0009612 ] ang/fs
2025-09-06 15:01 - ml4cascades.turbogap.calcs_base - INFO - PKA ID: 1423 with new Velocities: 0.02, -0.08, 0.14 ang/fs
2025-09-06 15:01 - ml4cascades.turbogap.calcs_base - INFO - PKA ID 935 with old velocities [-3.1179e-04 -7.8225e-04  9.5510e-05] ang/fs
2025-09-06 15:01 - ml4cascades.turbogap.calcs_base - INFO - PKA ID: 935 with new Velocities: 0.12, 0.10, -0.05 ang/fs
2025-09-06 15:01 - ml4cascades.turbogap.calcs_base - INFO - PKA ID 1874 with old velocities [-0.00164149 -0.00056036 -0.00040723] ang/fs
2025-09-06 15:01 - ml4cascades.turbogap.calcs_base - INFO - PKA ID: 1874 with new Velocities: -0.07, -0.15, 0.01 ang/fs
2025-09-06 15:01 - ml4cascades.turbogap.calcs_base - INFO - PKA ID 931 with old velocities [-0.00059286  0.00050964  0.00120627] ang/fs
2025-09-06 15:01 - ml4cascades.turbogap.calcs_base - INFO - PKA ID: 931 with new Velocities: 0.12, 0.08, -0.07 ang/fs
2025-09-06 15:01 - ml4cascades.turbogap.calcs_base - INFO - PKA ID 2162 with old velocities [ 0.0005718  -0.00017539 -0.00027751] ang/fs
2025-09-06 15:01 - ml4cascades.turbogap.calcs_base - INFO - PKA ID: 2162 with new Velocities: -0.14, 0.03, -0.08 ang/fs
2025-09-06 15:01 - ml4cascades.turbogap.calcs_base - INFO - PKA ID 1046 with old velocities [ 0.00140897  0.00105288 -0.00022668] ang/fs
2025-09-06 15:01 - ml4cascades.turbogap.calcs_base - INFO - PKA ID: 1046 with new Velocities: 0.06, -0.07, -0.13 ang/fs
2025-09-06 15:01 - ml4cascades.turbogap.calcs_base - INFO - PKA ID 930 with old velocities [ 0.00070539 -0.0001455   0.00018302] ang/fs
2025-09-06 15:01 - ml4cascades.turbogap.calcs_base - INFO - PKA ID: 930 with new Velocities: 0.12, 0.09, -0.06 ang/fs
2025-09-06 15:01 - ml4cascades.turbogap.calcs_base - INFO - PKA ID 966 with old velocities [-0.00112491  0.00115089  0.00112729] ang/fs
2025-09-06 15:01 - ml4cascades.turbogap.calcs_base - INFO - PKA ID: 966 with new Velocities: 0.06, 0.01, 0.15 ang/fs
2025-09-06 15:01 - ml4cascades.turbogap.calcs_base - INFO - PKA ID 920 with old velocities [ 0.00061086  0.00210216 -0.00182703] ang/fs
2025-09-06 15:01 - ml4cascades.turbogap.calcs_base - INFO - PKA ID: 920 with new Velocities: 0.08, 0.06, 0.13 ang/fs
2025-09-06 15:01 - ml4cascades.turbogap.calcs_base - INFO - PKA ID 923 with old velocities [ 0.00041117 -0.00095347  0.00244634] ang/fs
2025-09-06 15:01 - ml4cascades.turbogap.calcs_base - INFO - PKA ID: 923 with new Velocities: 0.13, 0.10, -0.00 ang/fs
2025-09-06 15:01 - ml4cascades.turbogap.calcs_base - INFO - PKA ID 1436 with old velocities [-1.2874e-04 -1.2490e-05 -6.2557e-04] ang/fs
2025-09-06 15:01 - ml4cascades.turbogap.calcs_base - INFO - PKA ID: 1436 with new Velocities: 0.04, -0.12, -0.10 ang/fs
2025-09-06 15:01 - ml4cascades.turbogap.calcs_base - INFO - PKA ID 590 with old velocities [ 0.00038697 -0.00242868 -0.00018737] ang/fs
2025-09-06 15:01 - ml4cascades.turbogap.calcs_base - INFO - PKA ID: 590 with new Velocities: 0.16, 0.01, -0.04 ang/fs
2025-09-06 15:01 - ml4cascades.turbogap.calcs_base - INFO - PKA ID 1759 with old velocities [ 0.00120547 -0.00102226  0.00054503] ang/fs
2025-09-06 15:01 - ml4cascades.turbogap.calcs_base - INFO - PKA ID: 1759 with new Velocities: -0.09, -0.01, 0.13 ang/fs
2025-09-06 15:01 - ml4cascades.turbogap.calcs_base - INFO - PKA ID 1812 with old velocities [-0.0012123   0.00012055 -0.00133311] ang/fs
2025-09-06 15:01 - ml4cascades.turbogap.calcs_base - INFO - PKA ID: 1812 with new Velocities: -0.08, -0.13, 0.06 ang/fs
2025-09-06 15:01 - ml4cascades.turbogap.calcs_base - INFO - PKA ID 2210 with old velocities [ 1.1609e-04 -1.6980e-05 -1.8993e-04] ang/fs
2025-09-06 15:01 - ml4cascades.turbogap.calcs_base - INFO - PKA ID: 2210 with new Velocities: -0.15, -0.06, 0.01 ang/fs
2025-09-06 15:01 - ml4cascades.turbogap.calcs_base - INFO - PKA ID 1753 with old velocities [ 0.00174118  0.00016905 -0.00143426] ang/fs
2025-09-06 15:01 - ml4cascades.turbogap.calcs_base - INFO - PKA ID: 1753 with new Velocities: -0.06, 0.02, 0.15 ang/fs
2025-09-06 15:01 - ml4cascades.turbogap.calcs_base - INFO - PKA ID 2217 with old velocities [-0.00096817 -0.00100407  0.00144234] ang/fs
2025-09-06 15:01 - ml4cascades.turbogap.calcs_base - INFO - PKA ID: 2217 with new Velocities: -0.15, -0.06, -0.02 ang/fs
2025-09-06 15:01 - ml4cascades.turbogap.calcs_base - INFO - PKA ID 1417 with old velocities [0.00047591 0.00090275 0.00057045] ang/fs
2025-09-06 15:01 - ml4cascades.turbogap.calcs_base - INFO - PKA ID: 1417 with new Velocities: 0.05, -0.05, 0.15 ang/fs
2025-09-06 15:01 - ml4cascades.turbogap.calcs_base - INFO - PKA ID 1385 with old velocities [-1.48894e-03 -1.32302e-03  9.20000e-07] ang/fs
2025-09-06 15:01 - ml4cascades.turbogap.calcs_base - INFO - PKA ID: 1385 with new Velocities: 0.02, 0.06, -0.15 ang/fs
2025-09-06 15:01 - ml4cascades.turbogap.calcs_base - INFO - PKA ID 1029 with old velocities [ 0.0008276   0.00088799 -0.00137114] ang/fs
2025-09-06 15:01 - ml4cascades.turbogap.calcs_base - INFO - PKA ID: 1029 with new Velocities: 0.12, -0.06, 0.09 ang/fs
2025-09-06 15:01 - ml4cascades.turbogap.calcs_base - INFO - PKA ID 1705 with old velocities [ 0.00164253 -0.00056556 -0.00012806] ang/fs
2025-09-06 15:01 - ml4cascades.turbogap.calcs_base - INFO - PKA ID: 1705 with new Velocities: -0.08, 0.13, 0.05 ang/fs
2025-09-06 15:01 - ml4cascades.turbogap.calcs_base - INFO - PKA ID 1881 with old velocities [0.00141443 0.00210278 0.00078775] ang/fs
2025-09-06 15:01 - ml4cascades.turbogap.calcs_base - INFO - PKA ID: 1881 with new Velocities: -0.05, -0.15, -0.06 ang/fs
2025-09-06 15:01 - ml4cascades.turbogap.calcs_base - INFO - PKA ID 1885 with old velocities [-0.00028058  0.00201086  0.00133526] ang/fs
2025-09-06 15:01 - ml4cascades.turbogap.calcs_base - INFO - PKA ID: 1885 with new Velocities: -0.07, -0.13, -0.07 ang/fs
2025-09-06 15:01 - ml4cascades.turbogap.calcs_base - INFO - PKA ID 1309 with old velocities [-0.00136052  0.00112446 -0.00096989] ang/fs
2025-09-06 15:01 - ml4cascades.turbogap.calcs_base - INFO - PKA ID: 1309 with new Velocities: 0.01, 0.13, 0.10 ang/fs
2025-09-06 15:01 - ml4cascades.turbogap.calcs_base - INFO - PKA ID 1881 with old velocities [0.00141443 0.00210278 0.00078775] ang/fs
2025-09-06 15:01 - ml4cascades.turbogap.calcs_base - INFO - PKA ID: 1881 with new Velocities: -0.04, -0.15, -0.06 ang/fs
2025-09-06 15:01 - ml4cascades.turbogap.calcs_base - INFO - PKA ID 1760 with old velocities [7.6510e-05 1.4819e-04 2.8290e-04] ang/fs
2025-09-06 15:01 - ml4cascades.turbogap.calcs_base - INFO - PKA ID: 1760 with new Velocities: -0.12, -0.04, 0.11 ang/fs
2025-09-06 15:02 - ml4cascades.turbogap.calcs_base - INFO - ------------------SIMULATION for energy: 100 eV, supercell size: 7 --------------------
2025-09-06 15:02 - ml4cascades.turbogap.calcs_base - INFO - PKA ID 1833 with old velocities [ 1.7718e-04  8.6980e-05 -4.1953e-04] ang/fs
2025-09-06 15:02 - ml4cascades.turbogap.calcs_base - INFO - PKA ID: 1833 with new Velocities: -0.05, -0.08, -0.13 ang/fs
2025-09-06 15:02 - ml4cascades.turbogap.calcs_base - INFO - PKA ID 1874 with old velocities [-0.00164149 -0.00056036 -0.00040723] ang/fs
2025-09-06 15:02 - ml4cascades.turbogap.calcs_base - INFO - PKA ID: 1874 with new Velocities: -0.07, -0.15, 0.02 ang/fs
2025-09-06 15:02 - ml4cascades.turbogap.calcs_base - INFO - PKA ID 1423 with old velocities [-0.00195144  0.00091964 -0.0009612 ] ang/fs
2025-09-06 15:02 - ml4cascades.turbogap.calcs_base - INFO - PKA ID: 1423 with new Velocities: 0.02, -0.08, 0.14 ang/fs
2025-09-06 15:02 - ml4cascades.turbogap.calcs_base - INFO - PKA ID 988 with old velocities [ 6.3160e-05 -6.1536e-04 -1.6613e-04] ang/fs
2025-09-06 15:02 - ml4cascades.turbogap.calcs_base - INFO - PKA ID: 988 with new Velocities: 0.12, -0.04, -0.10 ang/fs
2025-09-06 15:02 - ml4cascades.turbogap.calcs_base - INFO - PKA ID 1336 with old velocities [0.00090588 0.00067888 0.00199975] ang/fs
2025-09-06 15:02 - ml4cascades.turbogap.calcs_base - INFO - PKA ID: 1336 with new Velocities: -0.01, 0.07, -0.15 ang/fs
2025-09-06 15:02 - ml4cascades.turbogap.calcs_base - INFO - PKA ID 1716 with old velocities [-3.0480e-05  8.5235e-04  2.6008e-03] ang/fs
2025-09-06 15:02 - ml4cascades.turbogap.calcs_base - INFO - PKA ID: 1716 with new Velocities: -0.07, 0.08, -0.12 ang/fs
2025-09-06 15:02 - ml4cascades.turbogap.calcs_base - INFO - PKA ID 1824 with old velocities [-0.00092054 -0.00123228 -0.00131742] ang/fs
2025-09-06 15:02 - ml4cascades.turbogap.calcs_base - INFO - PKA ID: 1824 with new Velocities: -0.10, -0.12, 0.03 ang/fs
2025-09-06 15:02 - ml4cascades.turbogap.calcs_base - INFO - PKA ID 1423 with old velocities [-0.00195144  0.00091964 -0.0009612 ] ang/fs
2025-09-06 15:02 - ml4cascades.turbogap.calcs_base - INFO - PKA ID: 1423 with new Velocities: 0.02, -0.08, 0.14 ang/fs
2025-09-06 15:02 - ml4cascades.turbogap.calcs_base - INFO - PKA ID 935 with old velocities [-3.1179e-04 -7.8225e-04  9.5510e-05] ang/fs
2025-09-06 15:02 - ml4cascades.turbogap.calcs_base - INFO - PKA ID: 935 with new Velocities: 0.12, 0.10, -0.05 ang/fs
2025-09-06 15:02 - ml4cascades.turbogap.calcs_base - INFO - PKA ID 1874 with old velocities [-0.00164149 -0.00056036 -0.00040723] ang/fs
2025-09-06 15:02 - ml4cascades.turbogap.calcs_base - INFO - PKA ID: 1874 with new Velocities: -0.07, -0.15, 0.01 ang/fs
2025-09-06 15:03 - ml4cascades.turbogap.calcs_base - INFO - PKA ID 931 with old velocities [-0.00059286  0.00050964  0.00120627] ang/fs
2025-09-06 15:03 - ml4cascades.turbogap.calcs_base - INFO - PKA ID: 931 with new Velocities: 0.12, 0.08, -0.07 ang/fs
2025-09-06 15:03 - ml4cascades.turbogap.calcs_base - INFO - PKA ID 2162 with old velocities [ 0.0005718  -0.00017539 -0.00027751] ang/fs
2025-09-06 15:03 - ml4cascades.turbogap.calcs_base - INFO - PKA ID: 2162 with new Velocities: -0.14, 0.03, -0.08 ang/fs
2025-09-06 15:03 - ml4cascades.turbogap.calcs_base - INFO - PKA ID 1046 with old velocities [ 0.00140897  0.00105288 -0.00022668] ang/fs
2025-09-06 15:03 - ml4cascades.turbogap.calcs_base - INFO - PKA ID: 1046 with new Velocities: 0.06, -0.07, -0.13 ang/fs
2025-09-06 15:03 - ml4cascades.turbogap.calcs_base - INFO - PKA ID 930 with old velocities [ 0.00070539 -0.0001455   0.00018302] ang/fs
2025-09-06 15:03 - ml4cascades.turbogap.calcs_base - INFO - PKA ID: 930 with new Velocities: 0.12, 0.09, -0.06 ang/fs
2025-09-06 15:03 - ml4cascades.turbogap.calcs_base - INFO - PKA ID 966 with old velocities [-0.00112491  0.00115089  0.00112729] ang/fs
2025-09-06 15:03 - ml4cascades.turbogap.calcs_base - INFO - PKA ID: 966 with new Velocities: 0.06, 0.01, 0.15 ang/fs
2025-09-06 15:03 - ml4cascades.turbogap.calcs_base - INFO - PKA ID 920 with old velocities [ 0.00061086  0.00210216 -0.00182703] ang/fs
2025-09-06 15:03 - ml4cascades.turbogap.calcs_base - INFO - PKA ID: 920 with new Velocities: 0.08, 0.06, 0.13 ang/fs
2025-09-06 15:03 - ml4cascades.turbogap.calcs_base - INFO - PKA ID 923 with old velocities [ 0.00041117 -0.00095347  0.00244634] ang/fs
2025-09-06 15:03 - ml4cascades.turbogap.calcs_base - INFO - PKA ID: 923 with new Velocities: 0.13, 0.10, -0.00 ang/fs
2025-09-06 15:03 - ml4cascades.turbogap.calcs_base - INFO - PKA ID 1436 with old velocities [-1.2874e-04 -1.2490e-05 -6.2557e-04] ang/fs
2025-09-06 15:03 - ml4cascades.turbogap.calcs_base - INFO - PKA ID: 1436 with new Velocities: 0.04, -0.12, -0.10 ang/fs
2025-09-06 15:03 - ml4cascades.turbogap.calcs_base - INFO - PKA ID 590 with old velocities [ 0.00038697 -0.00242868 -0.00018737] ang/fs
2025-09-06 15:03 - ml4cascades.turbogap.calcs_base - INFO - PKA ID: 590 with new Velocities: 0.16, 0.01, -0.04 ang/fs
2025-09-06 15:03 - ml4cascades.turbogap.calcs_base - INFO - PKA ID 1759 with old velocities [ 0.00120547 -0.00102226  0.00054503] ang/fs
2025-09-06 15:03 - ml4cascades.turbogap.calcs_base - INFO - PKA ID: 1759 with new Velocities: -0.09, -0.01, 0.13 ang/fs
2025-09-06 15:03 - ml4cascades.turbogap.calcs_base - INFO - PKA ID 1812 with old velocities [-0.0012123   0.00012055 -0.00133311] ang/fs
2025-09-06 15:03 - ml4cascades.turbogap.calcs_base - INFO - PKA ID: 1812 with new Velocities: -0.08, -0.13, 0.06 ang/fs
2025-09-06 15:03 - ml4cascades.turbogap.calcs_base - INFO - PKA ID 2210 with old velocities [ 1.1609e-04 -1.6980e-05 -1.8993e-04] ang/fs
2025-09-06 15:03 - ml4cascades.turbogap.calcs_base - INFO - PKA ID: 2210 with new Velocities: -0.15, -0.06, 0.01 ang/fs
2025-09-06 15:03 - ml4cascades.turbogap.calcs_base - INFO - PKA ID 1753 with old velocities [ 0.00174118  0.00016905 -0.00143426] ang/fs
2025-09-06 15:03 - ml4cascades.turbogap.calcs_base - INFO - PKA ID: 1753 with new Velocities: -0.06, 0.02, 0.15 ang/fs
2025-09-06 15:03 - ml4cascades.turbogap.calcs_base - INFO - PKA ID 2217 with old velocities [-0.00096817 -0.00100407  0.00144234] ang/fs
2025-09-06 15:03 - ml4cascades.turbogap.calcs_base - INFO - PKA ID: 2217 with new Velocities: -0.15, -0.06, -0.02 ang/fs
2025-09-06 15:03 - ml4cascades.turbogap.calcs_base - INFO - PKA ID 1417 with old velocities [0.00047591 0.00090275 0.00057045] ang/fs
2025-09-06 15:03 - ml4cascades.turbogap.calcs_base - INFO - PKA ID: 1417 with new Velocities: 0.05, -0.05, 0.15 ang/fs
2025-09-06 15:03 - ml4cascades.turbogap.calcs_base - INFO - PKA ID 1385 with old velocities [-1.48894e-03 -1.32302e-03  9.20000e-07] ang/fs
2025-09-06 15:03 - ml4cascades.turbogap.calcs_base - INFO - PKA ID: 1385 with new Velocities: 0.02, 0.06, -0.15 ang/fs
2025-09-06 15:03 - ml4cascades.turbogap.calcs_base - INFO - PKA ID 1029 with old velocities [ 0.0008276   0.00088799 -0.00137114] ang/fs
2025-09-06 15:03 - ml4cascades.turbogap.calcs_base - INFO - PKA ID: 1029 with new Velocities: 0.12, -0.06, 0.09 ang/fs
2025-09-06 15:03 - ml4cascades.turbogap.calcs_base - INFO - PKA ID 1705 with old velocities [ 0.00164253 -0.00056556 -0.00012806] ang/fs
2025-09-06 15:03 - ml4cascades.turbogap.calcs_base - INFO - PKA ID: 1705 with new Velocities: -0.08, 0.13, 0.05 ang/fs
2025-09-06 15:03 - ml4cascades.turbogap.calcs_base - INFO - PKA ID 1881 with old velocities [0.00141443 0.00210278 0.00078775] ang/fs
2025-09-06 15:03 - ml4cascades.turbogap.calcs_base - INFO - PKA ID: 1881 with new Velocities: -0.05, -0.15, -0.06 ang/fs
2025-09-06 15:03 - ml4cascades.turbogap.calcs_base - INFO - PKA ID 1885 with old velocities [-0.00028058  0.00201086  0.00133526] ang/fs
2025-09-06 15:03 - ml4cascades.turbogap.calcs_base - INFO - PKA ID: 1885 with new Velocities: -0.07, -0.13, -0.07 ang/fs
2025-09-06 15:03 - ml4cascades.turbogap.calcs_base - INFO - PKA ID 1309 with old velocities [-0.00136052  0.00112446 -0.00096989] ang/fs
2025-09-06 15:03 - ml4cascades.turbogap.calcs_base - INFO - PKA ID: 1309 with new Velocities: 0.01, 0.13, 0.10 ang/fs
2025-09-06 15:03 - ml4cascades.turbogap.calcs_base - INFO - PKA ID 1881 with old velocities [0.00141443 0.00210278 0.00078775] ang/fs
2025-09-06 15:03 - ml4cascades.turbogap.calcs_base - INFO - PKA ID: 1881 with new Velocities: -0.04, -0.15, -0.06 ang/fs
2025-09-06 15:03 - ml4cascades.turbogap.calcs_base - INFO - PKA ID 1760 with old velocities [7.6510e-05 1.4819e-04 2.8290e-04] ang/fs
2025-09-06 15:03 - ml4cascades.turbogap.calcs_base - INFO - PKA ID: 1760 with new Velocities: -0.12, -0.04, 0.11 ang/fs
2025-09-06 15:10 - ml4cascades.turbogap.calcs_base - INFO - ------------------SIMULATION for energy: 100 eV, supercell size: 7 --------------------
2025-09-06 15:10 - ml4cascades.turbogap.calcs_base - INFO - PKA ID 1833 with old velocities [ 1.7718e-04  8.6980e-05 -4.1953e-04] ang/fs
2025-09-06 15:10 - ml4cascades.turbogap.calcs_base - INFO - PKA ID: 1833 with new Velocities: -0.05, -0.08, -0.13 ang/fs
2025-09-06 15:10 - ml4cascades.turbogap.calcs_base - INFO - PKA ID 1874 with old velocities [-0.00164149 -0.00056036 -0.00040723] ang/fs
2025-09-06 15:10 - ml4cascades.turbogap.calcs_base - INFO - PKA ID: 1874 with new Velocities: -0.07, -0.15, 0.02 ang/fs
2025-09-06 15:10 - ml4cascades.turbogap.calcs_base - INFO - PKA ID 1423 with old velocities [-0.00195144  0.00091964 -0.0009612 ] ang/fs
2025-09-06 15:10 - ml4cascades.turbogap.calcs_base - INFO - PKA ID: 1423 with new Velocities: 0.02, -0.08, 0.14 ang/fs
2025-09-06 15:10 - ml4cascades.turbogap.calcs_base - INFO - PKA ID 988 with old velocities [ 6.3160e-05 -6.1536e-04 -1.6613e-04] ang/fs
2025-09-06 15:10 - ml4cascades.turbogap.calcs_base - INFO - PKA ID: 988 with new Velocities: 0.12, -0.04, -0.10 ang/fs
2025-09-06 15:10 - ml4cascades.turbogap.calcs_base - INFO - PKA ID 1336 with old velocities [0.00090588 0.00067888 0.00199975] ang/fs
2025-09-06 15:10 - ml4cascades.turbogap.calcs_base - INFO - PKA ID: 1336 with new Velocities: -0.01, 0.07, -0.15 ang/fs
2025-09-06 15:10 - ml4cascades.turbogap.calcs_base - INFO - PKA ID 1716 with old velocities [-3.0480e-05  8.5235e-04  2.6008e-03] ang/fs
2025-09-06 15:10 - ml4cascades.turbogap.calcs_base - INFO - PKA ID: 1716 with new Velocities: -0.07, 0.08, -0.12 ang/fs
2025-09-06 15:10 - ml4cascades.turbogap.calcs_base - INFO - PKA ID 1824 with old velocities [-0.00092054 -0.00123228 -0.00131742] ang/fs
2025-09-06 15:10 - ml4cascades.turbogap.calcs_base - INFO - PKA ID: 1824 with new Velocities: -0.10, -0.12, 0.03 ang/fs
2025-09-06 15:10 - ml4cascades.turbogap.calcs_base - INFO - PKA ID 1423 with old velocities [-0.00195144  0.00091964 -0.0009612 ] ang/fs
2025-09-06 15:10 - ml4cascades.turbogap.calcs_base - INFO - PKA ID: 1423 with new Velocities: 0.02, -0.08, 0.14 ang/fs
2025-09-06 15:10 - ml4cascades.turbogap.calcs_base - INFO - PKA ID 935 with old velocities [-3.1179e-04 -7.8225e-04  9.5510e-05] ang/fs
2025-09-06 15:10 - ml4cascades.turbogap.calcs_base - INFO - PKA ID: 935 with new Velocities: 0.12, 0.10, -0.05 ang/fs
2025-09-06 15:10 - ml4cascades.turbogap.calcs_base - INFO - PKA ID 1874 with old velocities [-0.00164149 -0.00056036 -0.00040723] ang/fs
2025-09-06 15:10 - ml4cascades.turbogap.calcs_base - INFO - PKA ID: 1874 with new Velocities: -0.07, -0.15, 0.01 ang/fs
2025-09-06 15:10 - ml4cascades.turbogap.calcs_base - INFO - PKA ID 931 with old velocities [-0.00059286  0.00050964  0.00120627] ang/fs
2025-09-06 15:10 - ml4cascades.turbogap.calcs_base - INFO - PKA ID: 931 with new Velocities: 0.12, 0.08, -0.07 ang/fs
2025-09-06 15:10 - ml4cascades.turbogap.calcs_base - INFO - PKA ID 2162 with old velocities [ 0.0005718  -0.00017539 -0.00027751] ang/fs
2025-09-06 15:10 - ml4cascades.turbogap.calcs_base - INFO - PKA ID: 2162 with new Velocities: -0.14, 0.03, -0.08 ang/fs
2025-09-06 15:10 - ml4cascades.turbogap.calcs_base - INFO - PKA ID 1046 with old velocities [ 0.00140897  0.00105288 -0.00022668] ang/fs
2025-09-06 15:10 - ml4cascades.turbogap.calcs_base - INFO - PKA ID: 1046 with new Velocities: 0.06, -0.07, -0.13 ang/fs
2025-09-06 15:10 - ml4cascades.turbogap.calcs_base - INFO - PKA ID 930 with old velocities [ 0.00070539 -0.0001455   0.00018302] ang/fs
2025-09-06 15:10 - ml4cascades.turbogap.calcs_base - INFO - PKA ID: 930 with new Velocities: 0.12, 0.09, -0.06 ang/fs
2025-09-06 15:10 - ml4cascades.turbogap.calcs_base - INFO - PKA ID 966 with old velocities [-0.00112491  0.00115089  0.00112729] ang/fs
2025-09-06 15:10 - ml4cascades.turbogap.calcs_base - INFO - PKA ID: 966 with new Velocities: 0.06, 0.01, 0.15 ang/fs
2025-09-06 15:10 - ml4cascades.turbogap.calcs_base - INFO - PKA ID 920 with old velocities [ 0.00061086  0.00210216 -0.00182703] ang/fs
2025-09-06 15:10 - ml4cascades.turbogap.calcs_base - INFO - PKA ID: 920 with new Velocities: 0.08, 0.06, 0.13 ang/fs
2025-09-06 15:10 - ml4cascades.turbogap.calcs_base - INFO - PKA ID 923 with old velocities [ 0.00041117 -0.00095347  0.00244634] ang/fs
2025-09-06 15:10 - ml4cascades.turbogap.calcs_base - INFO - PKA ID: 923 with new Velocities: 0.13, 0.10, -0.00 ang/fs
2025-09-06 15:10 - ml4cascades.turbogap.calcs_base - INFO - PKA ID 1436 with old velocities [-1.2874e-04 -1.2490e-05 -6.2557e-04] ang/fs
2025-09-06 15:10 - ml4cascades.turbogap.calcs_base - INFO - PKA ID: 1436 with new Velocities: 0.04, -0.12, -0.10 ang/fs
2025-09-06 15:10 - ml4cascades.turbogap.calcs_base - INFO - PKA ID 590 with old velocities [ 0.00038697 -0.00242868 -0.00018737] ang/fs
2025-09-06 15:10 - ml4cascades.turbogap.calcs_base - INFO - PKA ID: 590 with new Velocities: 0.16, 0.01, -0.04 ang/fs
2025-09-06 15:10 - ml4cascades.turbogap.calcs_base - INFO - PKA ID 1759 with old velocities [ 0.00120547 -0.00102226  0.00054503] ang/fs
2025-09-06 15:10 - ml4cascades.turbogap.calcs_base - INFO - PKA ID: 1759 with new Velocities: -0.09, -0.01, 0.13 ang/fs
2025-09-06 15:10 - ml4cascades.turbogap.calcs_base - INFO - PKA ID 1812 with old velocities [-0.0012123   0.00012055 -0.00133311] ang/fs
2025-09-06 15:10 - ml4cascades.turbogap.calcs_base - INFO - PKA ID: 1812 with new Velocities: -0.08, -0.13, 0.06 ang/fs
2025-09-06 15:10 - ml4cascades.turbogap.calcs_base - INFO - PKA ID 2210 with old velocities [ 1.1609e-04 -1.6980e-05 -1.8993e-04] ang/fs
2025-09-06 15:10 - ml4cascades.turbogap.calcs_base - INFO - PKA ID: 2210 with new Velocities: -0.15, -0.06, 0.01 ang/fs
2025-09-06 15:10 - ml4cascades.turbogap.calcs_base - INFO - PKA ID 1753 with old velocities [ 0.00174118  0.00016905 -0.00143426] ang/fs
2025-09-06 15:10 - ml4cascades.turbogap.calcs_base - INFO - PKA ID: 1753 with new Velocities: -0.06, 0.02, 0.15 ang/fs
2025-09-06 15:10 - ml4cascades.turbogap.calcs_base - INFO - PKA ID 2217 with old velocities [-0.00096817 -0.00100407  0.00144234] ang/fs
2025-09-06 15:10 - ml4cascades.turbogap.calcs_base - INFO - PKA ID: 2217 with new Velocities: -0.15, -0.06, -0.02 ang/fs
2025-09-06 15:10 - ml4cascades.turbogap.calcs_base - INFO - PKA ID 1417 with old velocities [0.00047591 0.00090275 0.00057045] ang/fs
2025-09-06 15:10 - ml4cascades.turbogap.calcs_base - INFO - PKA ID: 1417 with new Velocities: 0.05, -0.05, 0.15 ang/fs
2025-09-06 15:10 - ml4cascades.turbogap.calcs_base - INFO - PKA ID 1385 with old velocities [-1.48894e-03 -1.32302e-03  9.20000e-07] ang/fs
2025-09-06 15:10 - ml4cascades.turbogap.calcs_base - INFO - PKA ID: 1385 with new Velocities: 0.02, 0.06, -0.15 ang/fs
2025-09-06 15:10 - ml4cascades.turbogap.calcs_base - INFO - PKA ID 1029 with old velocities [ 0.0008276   0.00088799 -0.00137114] ang/fs
2025-09-06 15:10 - ml4cascades.turbogap.calcs_base - INFO - PKA ID: 1029 with new Velocities: 0.12, -0.06, 0.09 ang/fs
2025-09-06 15:10 - ml4cascades.turbogap.calcs_base - INFO - PKA ID 1705 with old velocities [ 0.00164253 -0.00056556 -0.00012806] ang/fs
2025-09-06 15:10 - ml4cascades.turbogap.calcs_base - INFO - PKA ID: 1705 with new Velocities: -0.08, 0.13, 0.05 ang/fs
2025-09-06 15:10 - ml4cascades.turbogap.calcs_base - INFO - PKA ID 1881 with old velocities [0.00141443 0.00210278 0.00078775] ang/fs
2025-09-06 15:10 - ml4cascades.turbogap.calcs_base - INFO - PKA ID: 1881 with new Velocities: -0.05, -0.15, -0.06 ang/fs
2025-09-06 15:10 - ml4cascades.turbogap.calcs_base - INFO - PKA ID 1885 with old velocities [-0.00028058  0.00201086  0.00133526] ang/fs
2025-09-06 15:10 - ml4cascades.turbogap.calcs_base - INFO - PKA ID: 1885 with new Velocities: -0.07, -0.13, -0.07 ang/fs
2025-09-06 15:10 - ml4cascades.turbogap.calcs_base - INFO - PKA ID 1309 with old velocities [-0.00136052  0.00112446 -0.00096989] ang/fs
2025-09-06 15:10 - ml4cascades.turbogap.calcs_base - INFO - PKA ID: 1309 with new Velocities: 0.01, 0.13, 0.10 ang/fs
2025-09-06 15:10 - ml4cascades.turbogap.calcs_base - INFO - PKA ID 1881 with old velocities [0.00141443 0.00210278 0.00078775] ang/fs
2025-09-06 15:10 - ml4cascades.turbogap.calcs_base - INFO - PKA ID: 1881 with new Velocities: -0.04, -0.15, -0.06 ang/fs
2025-09-06 15:10 - ml4cascades.turbogap.calcs_base - INFO - PKA ID 1760 with old velocities [7.6510e-05 1.4819e-04 2.8290e-04] ang/fs
2025-09-06 15:10 - ml4cascades.turbogap.calcs_base - INFO - PKA ID: 1760 with new Velocities: -0.12, -0.04, 0.11 ang/fs
2025-09-06 15:18 - ml4cascades.turbogap.calcs_base - INFO - ------------------SIMULATION for energy: 100 eV, supercell size: 7 --------------------
2025-09-06 15:18 - ml4cascades.turbogap.calcs_base - INFO - PKA ID 1833 with old velocities [ 1.7718e-04  8.6980e-05 -4.1953e-04] ang/fs
2025-09-06 15:18 - ml4cascades.turbogap.calcs_base - INFO - PKA ID: 1833 with new Velocities: -0.05, -0.08, -0.13 ang/fs
2025-09-06 15:18 - ml4cascades.turbogap.calcs_base - INFO - PKA ID 1874 with old velocities [-0.00164149 -0.00056036 -0.00040723] ang/fs
2025-09-06 15:18 - ml4cascades.turbogap.calcs_base - INFO - PKA ID: 1874 with new Velocities: -0.07, -0.15, 0.02 ang/fs
2025-09-06 15:18 - ml4cascades.turbogap.calcs_base - INFO - PKA ID 1423 with old velocities [-0.00195144  0.00091964 -0.0009612 ] ang/fs
2025-09-06 15:18 - ml4cascades.turbogap.calcs_base - INFO - PKA ID: 1423 with new Velocities: 0.02, -0.08, 0.14 ang/fs
2025-09-06 15:18 - ml4cascades.turbogap.calcs_base - INFO - PKA ID 988 with old velocities [ 6.3160e-05 -6.1536e-04 -1.6613e-04] ang/fs
2025-09-06 15:18 - ml4cascades.turbogap.calcs_base - INFO - PKA ID: 988 with new Velocities: 0.12, -0.04, -0.10 ang/fs
2025-09-06 15:18 - ml4cascades.turbogap.calcs_base - INFO - PKA ID 1336 with old velocities [0.00090588 0.00067888 0.00199975] ang/fs
2025-09-06 15:18 - ml4cascades.turbogap.calcs_base - INFO - PKA ID: 1336 with new Velocities: -0.01, 0.07, -0.15 ang/fs
2025-09-06 15:18 - ml4cascades.turbogap.calcs_base - INFO - PKA ID 1716 with old velocities [-3.0480e-05  8.5235e-04  2.6008e-03] ang/fs
2025-09-06 15:18 - ml4cascades.turbogap.calcs_base - INFO - PKA ID: 1716 with new Velocities: -0.07, 0.08, -0.12 ang/fs
2025-09-06 15:18 - ml4cascades.turbogap.calcs_base - INFO - PKA ID 1824 with old velocities [-0.00092054 -0.00123228 -0.00131742] ang/fs
2025-09-06 15:18 - ml4cascades.turbogap.calcs_base - INFO - PKA ID: 1824 with new Velocities: -0.10, -0.12, 0.03 ang/fs
2025-09-06 15:18 - ml4cascades.turbogap.calcs_base - INFO - PKA ID 1423 with old velocities [-0.00195144  0.00091964 -0.0009612 ] ang/fs
2025-09-06 15:18 - ml4cascades.turbogap.calcs_base - INFO - PKA ID: 1423 with new Velocities: 0.02, -0.08, 0.14 ang/fs
2025-09-06 15:18 - ml4cascades.turbogap.calcs_base - INFO - PKA ID 935 with old velocities [-3.1179e-04 -7.8225e-04  9.5510e-05] ang/fs
2025-09-06 15:18 - ml4cascades.turbogap.calcs_base - INFO - PKA ID: 935 with new Velocities: 0.12, 0.10, -0.05 ang/fs
2025-09-06 15:18 - ml4cascades.turbogap.calcs_base - INFO - PKA ID 1874 with old velocities [-0.00164149 -0.00056036 -0.00040723] ang/fs
2025-09-06 15:18 - ml4cascades.turbogap.calcs_base - INFO - PKA ID: 1874 with new Velocities: -0.07, -0.15, 0.01 ang/fs
2025-09-06 15:18 - ml4cascades.turbogap.calcs_base - INFO - PKA ID 931 with old velocities [-0.00059286  0.00050964  0.00120627] ang/fs
2025-09-06 15:18 - ml4cascades.turbogap.calcs_base - INFO - PKA ID: 931 with new Velocities: 0.12, 0.08, -0.07 ang/fs
2025-09-06 15:18 - ml4cascades.turbogap.calcs_base - INFO - PKA ID 2162 with old velocities [ 0.0005718  -0.00017539 -0.00027751] ang/fs
2025-09-06 15:18 - ml4cascades.turbogap.calcs_base - INFO - PKA ID: 2162 with new Velocities: -0.14, 0.03, -0.08 ang/fs
2025-09-06 15:18 - ml4cascades.turbogap.calcs_base - INFO - PKA ID 1046 with old velocities [ 0.00140897  0.00105288 -0.00022668] ang/fs
2025-09-06 15:18 - ml4cascades.turbogap.calcs_base - INFO - PKA ID: 1046 with new Velocities: 0.06, -0.07, -0.13 ang/fs
2025-09-06 15:18 - ml4cascades.turbogap.calcs_base - INFO - PKA ID 930 with old velocities [ 0.00070539 -0.0001455   0.00018302] ang/fs
2025-09-06 15:18 - ml4cascades.turbogap.calcs_base - INFO - PKA ID: 930 with new Velocities: 0.12, 0.09, -0.06 ang/fs
2025-09-06 15:18 - ml4cascades.turbogap.calcs_base - INFO - PKA ID 966 with old velocities [-0.00112491  0.00115089  0.00112729] ang/fs
2025-09-06 15:18 - ml4cascades.turbogap.calcs_base - INFO - PKA ID: 966 with new Velocities: 0.06, 0.01, 0.15 ang/fs
2025-09-06 15:18 - ml4cascades.turbogap.calcs_base - INFO - PKA ID 920 with old velocities [ 0.00061086  0.00210216 -0.00182703] ang/fs
2025-09-06 15:18 - ml4cascades.turbogap.calcs_base - INFO - PKA ID: 920 with new Velocities: 0.08, 0.06, 0.13 ang/fs
2025-09-06 15:18 - ml4cascades.turbogap.calcs_base - INFO - PKA ID 923 with old velocities [ 0.00041117 -0.00095347  0.00244634] ang/fs
2025-09-06 15:18 - ml4cascades.turbogap.calcs_base - INFO - PKA ID: 923 with new Velocities: 0.13, 0.10, -0.00 ang/fs
2025-09-06 15:18 - ml4cascades.turbogap.calcs_base - INFO - PKA ID 1436 with old velocities [-1.2874e-04 -1.2490e-05 -6.2557e-04] ang/fs
2025-09-06 15:18 - ml4cascades.turbogap.calcs_base - INFO - PKA ID: 1436 with new Velocities: 0.04, -0.12, -0.10 ang/fs
2025-09-06 15:18 - ml4cascades.turbogap.calcs_base - INFO - PKA ID 590 with old velocities [ 0.00038697 -0.00242868 -0.00018737] ang/fs
2025-09-06 15:18 - ml4cascades.turbogap.calcs_base - INFO - PKA ID: 590 with new Velocities: 0.16, 0.01, -0.04 ang/fs
2025-09-06 15:18 - ml4cascades.turbogap.calcs_base - INFO - PKA ID 1759 with old velocities [ 0.00120547 -0.00102226  0.00054503] ang/fs
2025-09-06 15:18 - ml4cascades.turbogap.calcs_base - INFO - PKA ID: 1759 with new Velocities: -0.09, -0.01, 0.13 ang/fs
2025-09-06 15:18 - ml4cascades.turbogap.calcs_base - INFO - PKA ID 1812 with old velocities [-0.0012123   0.00012055 -0.00133311] ang/fs
2025-09-06 15:18 - ml4cascades.turbogap.calcs_base - INFO - PKA ID: 1812 with new Velocities: -0.08, -0.13, 0.06 ang/fs
2025-09-06 15:18 - ml4cascades.turbogap.calcs_base - INFO - PKA ID 2210 with old velocities [ 1.1609e-04 -1.6980e-05 -1.8993e-04] ang/fs
2025-09-06 15:18 - ml4cascades.turbogap.calcs_base - INFO - PKA ID: 2210 with new Velocities: -0.15, -0.06, 0.01 ang/fs
2025-09-06 15:18 - ml4cascades.turbogap.calcs_base - INFO - PKA ID 1753 with old velocities [ 0.00174118  0.00016905 -0.00143426] ang/fs
2025-09-06 15:18 - ml4cascades.turbogap.calcs_base - INFO - PKA ID: 1753 with new Velocities: -0.06, 0.02, 0.15 ang/fs
2025-09-06 15:18 - ml4cascades.turbogap.calcs_base - INFO - PKA ID 2217 with old velocities [-0.00096817 -0.00100407  0.00144234] ang/fs
2025-09-06 15:18 - ml4cascades.turbogap.calcs_base - INFO - PKA ID: 2217 with new Velocities: -0.15, -0.06, -0.02 ang/fs
2025-09-06 15:18 - ml4cascades.turbogap.calcs_base - INFO - PKA ID 1417 with old velocities [0.00047591 0.00090275 0.00057045] ang/fs
2025-09-06 15:18 - ml4cascades.turbogap.calcs_base - INFO - PKA ID: 1417 with new Velocities: 0.05, -0.05, 0.15 ang/fs
2025-09-06 15:18 - ml4cascades.turbogap.calcs_base - INFO - PKA ID 1385 with old velocities [-1.48894e-03 -1.32302e-03  9.20000e-07] ang/fs
2025-09-06 15:18 - ml4cascades.turbogap.calcs_base - INFO - PKA ID: 1385 with new Velocities: 0.02, 0.06, -0.15 ang/fs
2025-09-06 15:18 - ml4cascades.turbogap.calcs_base - INFO - PKA ID 1029 with old velocities [ 0.0008276   0.00088799 -0.00137114] ang/fs
2025-09-06 15:18 - ml4cascades.turbogap.calcs_base - INFO - PKA ID: 1029 with new Velocities: 0.12, -0.06, 0.09 ang/fs
2025-09-06 15:18 - ml4cascades.turbogap.calcs_base - INFO - PKA ID 1705 with old velocities [ 0.00164253 -0.00056556 -0.00012806] ang/fs
2025-09-06 15:18 - ml4cascades.turbogap.calcs_base - INFO - PKA ID: 1705 with new Velocities: -0.08, 0.13, 0.05 ang/fs
2025-09-06 15:18 - ml4cascades.turbogap.calcs_base - INFO - PKA ID 1881 with old velocities [0.00141443 0.00210278 0.00078775] ang/fs
2025-09-06 15:18 - ml4cascades.turbogap.calcs_base - INFO - PKA ID: 1881 with new Velocities: -0.05, -0.15, -0.06 ang/fs
2025-09-06 15:18 - ml4cascades.turbogap.calcs_base - INFO - PKA ID 1885 with old velocities [-0.00028058  0.00201086  0.00133526] ang/fs
2025-09-06 15:18 - ml4cascades.turbogap.calcs_base - INFO - PKA ID: 1885 with new Velocities: -0.07, -0.13, -0.07 ang/fs
2025-09-06 15:18 - ml4cascades.turbogap.calcs_base - INFO - PKA ID 1309 with old velocities [-0.00136052  0.00112446 -0.00096989] ang/fs
2025-09-06 15:18 - ml4cascades.turbogap.calcs_base - INFO - PKA ID: 1309 with new Velocities: 0.01, 0.13, 0.10 ang/fs
2025-09-06 15:18 - ml4cascades.turbogap.calcs_base - INFO - PKA ID 1881 with old velocities [0.00141443 0.00210278 0.00078775] ang/fs
2025-09-06 15:18 - ml4cascades.turbogap.calcs_base - INFO - PKA ID: 1881 with new Velocities: -0.04, -0.15, -0.06 ang/fs
2025-09-06 15:18 - ml4cascades.turbogap.calcs_base - INFO - PKA ID 1760 with old velocities [7.6510e-05 1.4819e-04 2.8290e-04] ang/fs
2025-09-06 15:18 - ml4cascades.turbogap.calcs_base - INFO - PKA ID: 1760 with new Velocities: -0.12, -0.04, 0.11 ang/fs
2025-09-06 15:38 - ml4cascades.turbogap.calcs_base - INFO - ------------------SIMULATION for energy: 100 eV, supercell size: 7 --------------------
2025-09-06 15:38 - ml4cascades.turbogap.calcs_base - INFO - PKA ID 1833 with old velocities [ 1.7718e-04  8.6980e-05 -4.1953e-04] ang/fs
2025-09-06 15:38 - ml4cascades.turbogap.calcs_base - INFO - PKA ID: 1833 with new Velocities: -0.05, -0.08, -0.13 ang/fs
2025-09-06 15:38 - ml4cascades.turbogap.calcs_base - INFO - PKA ID 1874 with old velocities [-0.00164149 -0.00056036 -0.00040723] ang/fs
2025-09-06 15:38 - ml4cascades.turbogap.calcs_base - INFO - PKA ID: 1874 with new Velocities: -0.07, -0.15, 0.02 ang/fs
2025-09-06 15:38 - ml4cascades.turbogap.calcs_base - INFO - PKA ID 1423 with old velocities [-0.00195144  0.00091964 -0.0009612 ] ang/fs
2025-09-06 15:38 - ml4cascades.turbogap.calcs_base - INFO - PKA ID: 1423 with new Velocities: 0.02, -0.08, 0.14 ang/fs
2025-09-06 15:38 - ml4cascades.turbogap.calcs_base - INFO - PKA ID 988 with old velocities [ 6.3160e-05 -6.1536e-04 -1.6613e-04] ang/fs
2025-09-06 15:38 - ml4cascades.turbogap.calcs_base - INFO - PKA ID: 988 with new Velocities: 0.12, -0.04, -0.10 ang/fs
2025-09-06 15:38 - ml4cascades.turbogap.calcs_base - INFO - PKA ID 1336 with old velocities [0.00090588 0.00067888 0.00199975] ang/fs
2025-09-06 15:38 - ml4cascades.turbogap.calcs_base - INFO - PKA ID: 1336 with new Velocities: -0.01, 0.07, -0.15 ang/fs
2025-09-06 15:38 - ml4cascades.turbogap.calcs_base - INFO - PKA ID 1716 with old velocities [-3.0480e-05  8.5235e-04  2.6008e-03] ang/fs
2025-09-06 15:38 - ml4cascades.turbogap.calcs_base - INFO - PKA ID: 1716 with new Velocities: -0.07, 0.08, -0.12 ang/fs
2025-09-06 15:38 - ml4cascades.turbogap.calcs_base - INFO - PKA ID 1824 with old velocities [-0.00092054 -0.00123228 -0.00131742] ang/fs
2025-09-06 15:38 - ml4cascades.turbogap.calcs_base - INFO - PKA ID: 1824 with new Velocities: -0.10, -0.12, 0.03 ang/fs
2025-09-06 15:38 - ml4cascades.turbogap.calcs_base - INFO - PKA ID 1423 with old velocities [-0.00195144  0.00091964 -0.0009612 ] ang/fs
2025-09-06 15:38 - ml4cascades.turbogap.calcs_base - INFO - PKA ID: 1423 with new Velocities: 0.02, -0.08, 0.14 ang/fs
2025-09-06 15:38 - ml4cascades.turbogap.calcs_base - INFO - PKA ID 935 with old velocities [-3.1179e-04 -7.8225e-04  9.5510e-05] ang/fs
2025-09-06 15:38 - ml4cascades.turbogap.calcs_base - INFO - PKA ID: 935 with new Velocities: 0.12, 0.10, -0.05 ang/fs
2025-09-06 15:38 - ml4cascades.turbogap.calcs_base - INFO - PKA ID 1874 with old velocities [-0.00164149 -0.00056036 -0.00040723] ang/fs
2025-09-06 15:38 - ml4cascades.turbogap.calcs_base - INFO - PKA ID: 1874 with new Velocities: -0.07, -0.15, 0.01 ang/fs
2025-09-06 15:38 - ml4cascades.turbogap.calcs_base - INFO - PKA ID 931 with old velocities [-0.00059286  0.00050964  0.00120627] ang/fs
2025-09-06 15:38 - ml4cascades.turbogap.calcs_base - INFO - PKA ID: 931 with new Velocities: 0.12, 0.08, -0.07 ang/fs
2025-09-06 15:38 - ml4cascades.turbogap.calcs_base - INFO - PKA ID 2162 with old velocities [ 0.0005718  -0.00017539 -0.00027751] ang/fs
2025-09-06 15:38 - ml4cascades.turbogap.calcs_base - INFO - PKA ID: 2162 with new Velocities: -0.14, 0.03, -0.08 ang/fs
2025-09-06 15:38 - ml4cascades.turbogap.calcs_base - INFO - PKA ID 1046 with old velocities [ 0.00140897  0.00105288 -0.00022668] ang/fs
2025-09-06 15:38 - ml4cascades.turbogap.calcs_base - INFO - PKA ID: 1046 with new Velocities: 0.06, -0.07, -0.13 ang/fs
2025-09-06 15:38 - ml4cascades.turbogap.calcs_base - INFO - PKA ID 930 with old velocities [ 0.00070539 -0.0001455   0.00018302] ang/fs
2025-09-06 15:38 - ml4cascades.turbogap.calcs_base - INFO - PKA ID: 930 with new Velocities: 0.12, 0.09, -0.06 ang/fs
2025-09-06 15:38 - ml4cascades.turbogap.calcs_base - INFO - PKA ID 966 with old velocities [-0.00112491  0.00115089  0.00112729] ang/fs
2025-09-06 15:38 - ml4cascades.turbogap.calcs_base - INFO - PKA ID: 966 with new Velocities: 0.06, 0.01, 0.15 ang/fs
2025-09-06 15:38 - ml4cascades.turbogap.calcs_base - INFO - PKA ID 920 with old velocities [ 0.00061086  0.00210216 -0.00182703] ang/fs
2025-09-06 15:38 - ml4cascades.turbogap.calcs_base - INFO - PKA ID: 920 with new Velocities: 0.08, 0.06, 0.13 ang/fs
2025-09-06 15:38 - ml4cascades.turbogap.calcs_base - INFO - PKA ID 923 with old velocities [ 0.00041117 -0.00095347  0.00244634] ang/fs
2025-09-06 15:38 - ml4cascades.turbogap.calcs_base - INFO - PKA ID: 923 with new Velocities: 0.13, 0.10, -0.00 ang/fs
2025-09-06 15:38 - ml4cascades.turbogap.calcs_base - INFO - PKA ID 1436 with old velocities [-1.2874e-04 -1.2490e-05 -6.2557e-04] ang/fs
2025-09-06 15:38 - ml4cascades.turbogap.calcs_base - INFO - PKA ID: 1436 with new Velocities: 0.04, -0.12, -0.10 ang/fs
2025-09-06 15:38 - ml4cascades.turbogap.calcs_base - INFO - PKA ID 590 with old velocities [ 0.00038697 -0.00242868 -0.00018737] ang/fs
2025-09-06 15:38 - ml4cascades.turbogap.calcs_base - INFO - PKA ID: 590 with new Velocities: 0.16, 0.01, -0.04 ang/fs
2025-09-06 15:38 - ml4cascades.turbogap.calcs_base - INFO - PKA ID 1759 with old velocities [ 0.00120547 -0.00102226  0.00054503] ang/fs
2025-09-06 15:38 - ml4cascades.turbogap.calcs_base - INFO - PKA ID: 1759 with new Velocities: -0.09, -0.01, 0.13 ang/fs
2025-09-06 15:38 - ml4cascades.turbogap.calcs_base - INFO - PKA ID 1812 with old velocities [-0.0012123   0.00012055 -0.00133311] ang/fs
2025-09-06 15:38 - ml4cascades.turbogap.calcs_base - INFO - PKA ID: 1812 with new Velocities: -0.08, -0.13, 0.06 ang/fs
2025-09-06 15:38 - ml4cascades.turbogap.calcs_base - INFO - PKA ID 2210 with old velocities [ 1.1609e-04 -1.6980e-05 -1.8993e-04] ang/fs
2025-09-06 15:38 - ml4cascades.turbogap.calcs_base - INFO - PKA ID: 2210 with new Velocities: -0.15, -0.06, 0.01 ang/fs
2025-09-06 15:38 - ml4cascades.turbogap.calcs_base - INFO - PKA ID 1753 with old velocities [ 0.00174118  0.00016905 -0.00143426] ang/fs
2025-09-06 15:38 - ml4cascades.turbogap.calcs_base - INFO - PKA ID: 1753 with new Velocities: -0.06, 0.02, 0.15 ang/fs
2025-09-06 15:38 - ml4cascades.turbogap.calcs_base - INFO - PKA ID 2217 with old velocities [-0.00096817 -0.00100407  0.00144234] ang/fs
2025-09-06 15:38 - ml4cascades.turbogap.calcs_base - INFO - PKA ID: 2217 with new Velocities: -0.15, -0.06, -0.02 ang/fs
2025-09-06 15:38 - ml4cascades.turbogap.calcs_base - INFO - PKA ID 1417 with old velocities [0.00047591 0.00090275 0.00057045] ang/fs
2025-09-06 15:38 - ml4cascades.turbogap.calcs_base - INFO - PKA ID: 1417 with new Velocities: 0.05, -0.05, 0.15 ang/fs
2025-09-06 15:38 - ml4cascades.turbogap.calcs_base - INFO - PKA ID 1385 with old velocities [-1.48894e-03 -1.32302e-03  9.20000e-07] ang/fs
2025-09-06 15:38 - ml4cascades.turbogap.calcs_base - INFO - PKA ID: 1385 with new Velocities: 0.02, 0.06, -0.15 ang/fs
2025-09-06 15:38 - ml4cascades.turbogap.calcs_base - INFO - PKA ID 1029 with old velocities [ 0.0008276   0.00088799 -0.00137114] ang/fs
2025-09-06 15:38 - ml4cascades.turbogap.calcs_base - INFO - PKA ID: 1029 with new Velocities: 0.12, -0.06, 0.09 ang/fs
2025-09-06 15:38 - ml4cascades.turbogap.calcs_base - INFO - PKA ID 1705 with old velocities [ 0.00164253 -0.00056556 -0.00012806] ang/fs
2025-09-06 15:38 - ml4cascades.turbogap.calcs_base - INFO - PKA ID: 1705 with new Velocities: -0.08, 0.13, 0.05 ang/fs
2025-09-06 15:38 - ml4cascades.turbogap.calcs_base - INFO - PKA ID 1881 with old velocities [0.00141443 0.00210278 0.00078775] ang/fs
2025-09-06 15:38 - ml4cascades.turbogap.calcs_base - INFO - PKA ID: 1881 with new Velocities: -0.05, -0.15, -0.06 ang/fs
2025-09-06 15:38 - ml4cascades.turbogap.calcs_base - INFO - PKA ID 1885 with old velocities [-0.00028058  0.00201086  0.00133526] ang/fs
2025-09-06 15:38 - ml4cascades.turbogap.calcs_base - INFO - PKA ID: 1885 with new Velocities: -0.07, -0.13, -0.07 ang/fs
2025-09-06 15:38 - ml4cascades.turbogap.calcs_base - INFO - PKA ID 1309 with old velocities [-0.00136052  0.00112446 -0.00096989] ang/fs
2025-09-06 15:38 - ml4cascades.turbogap.calcs_base - INFO - PKA ID: 1309 with new Velocities: 0.01, 0.13, 0.10 ang/fs
2025-09-06 15:38 - ml4cascades.turbogap.calcs_base - INFO - PKA ID 1881 with old velocities [0.00141443 0.00210278 0.00078775] ang/fs
2025-09-06 15:38 - ml4cascades.turbogap.calcs_base - INFO - PKA ID: 1881 with new Velocities: -0.04, -0.15, -0.06 ang/fs
2025-09-06 15:38 - ml4cascades.turbogap.calcs_base - INFO - PKA ID 1760 with old velocities [7.6510e-05 1.4819e-04 2.8290e-04] ang/fs
2025-09-06 15:38 - ml4cascades.turbogap.calcs_base - INFO - PKA ID: 1760 with new Velocities: -0.12, -0.04, 0.11 ang/fs
2025-09-06 15:45 - ml4cascades.turbogap.calcs_base - INFO - ------------------SIMULATION for energy: 100 eV, supercell size: 7 --------------------
2025-09-06 15:45 - ml4cascades.turbogap.calcs_base - INFO - PKA ID 1833 with old velocities [ 1.7718e-04  8.6980e-05 -4.1953e-04] ang/fs
2025-09-06 15:45 - ml4cascades.turbogap.calcs_base - INFO - PKA ID: 1833 with new Velocities: -0.05, -0.08, -0.13 ang/fs
2025-09-06 15:45 - ml4cascades.turbogap.calcs_base - INFO - PKA ID 1874 with old velocities [-0.00164149 -0.00056036 -0.00040723] ang/fs
2025-09-06 15:45 - ml4cascades.turbogap.calcs_base - INFO - PKA ID: 1874 with new Velocities: -0.07, -0.15, 0.02 ang/fs
2025-09-06 15:45 - ml4cascades.turbogap.calcs_base - INFO - PKA ID 1423 with old velocities [-0.00195144  0.00091964 -0.0009612 ] ang/fs
2025-09-06 15:45 - ml4cascades.turbogap.calcs_base - INFO - PKA ID: 1423 with new Velocities: 0.02, -0.08, 0.14 ang/fs
2025-09-06 15:45 - ml4cascades.turbogap.calcs_base - INFO - PKA ID 988 with old velocities [ 6.3160e-05 -6.1536e-04 -1.6613e-04] ang/fs
2025-09-06 15:45 - ml4cascades.turbogap.calcs_base - INFO - PKA ID: 988 with new Velocities: 0.12, -0.04, -0.10 ang/fs
2025-09-06 15:45 - ml4cascades.turbogap.calcs_base - INFO - PKA ID 1336 with old velocities [0.00090588 0.00067888 0.00199975] ang/fs
2025-09-06 15:45 - ml4cascades.turbogap.calcs_base - INFO - PKA ID: 1336 with new Velocities: -0.01, 0.07, -0.15 ang/fs
2025-09-06 15:45 - ml4cascades.turbogap.calcs_base - INFO - PKA ID 1716 with old velocities [-3.0480e-05  8.5235e-04  2.6008e-03] ang/fs
2025-09-06 15:45 - ml4cascades.turbogap.calcs_base - INFO - PKA ID: 1716 with new Velocities: -0.07, 0.08, -0.12 ang/fs
2025-09-06 15:45 - ml4cascades.turbogap.calcs_base - INFO - PKA ID 1824 with old velocities [-0.00092054 -0.00123228 -0.00131742] ang/fs
2025-09-06 15:45 - ml4cascades.turbogap.calcs_base - INFO - PKA ID: 1824 with new Velocities: -0.10, -0.12, 0.03 ang/fs
2025-09-06 15:45 - ml4cascades.turbogap.calcs_base - INFO - PKA ID 1423 with old velocities [-0.00195144  0.00091964 -0.0009612 ] ang/fs
2025-09-06 15:45 - ml4cascades.turbogap.calcs_base - INFO - PKA ID: 1423 with new Velocities: 0.02, -0.08, 0.14 ang/fs
2025-09-06 15:45 - ml4cascades.turbogap.calcs_base - INFO - PKA ID 935 with old velocities [-3.1179e-04 -7.8225e-04  9.5510e-05] ang/fs
2025-09-06 15:45 - ml4cascades.turbogap.calcs_base - INFO - PKA ID: 935 with new Velocities: 0.12, 0.10, -0.05 ang/fs
2025-09-06 15:45 - ml4cascades.turbogap.calcs_base - INFO - PKA ID 1874 with old velocities [-0.00164149 -0.00056036 -0.00040723] ang/fs
2025-09-06 15:45 - ml4cascades.turbogap.calcs_base - INFO - PKA ID: 1874 with new Velocities: -0.07, -0.15, 0.01 ang/fs
2025-09-06 15:45 - ml4cascades.turbogap.calcs_base - INFO - PKA ID 931 with old velocities [-0.00059286  0.00050964  0.00120627] ang/fs
2025-09-06 15:45 - ml4cascades.turbogap.calcs_base - INFO - PKA ID: 931 with new Velocities: 0.12, 0.08, -0.07 ang/fs
2025-09-06 15:45 - ml4cascades.turbogap.calcs_base - INFO - PKA ID 2162 with old velocities [ 0.0005718  -0.00017539 -0.00027751] ang/fs
2025-09-06 15:45 - ml4cascades.turbogap.calcs_base - INFO - PKA ID: 2162 with new Velocities: -0.14, 0.03, -0.08 ang/fs
2025-09-06 15:45 - ml4cascades.turbogap.calcs_base - INFO - PKA ID 1046 with old velocities [ 0.00140897  0.00105288 -0.00022668] ang/fs
2025-09-06 15:45 - ml4cascades.turbogap.calcs_base - INFO - PKA ID: 1046 with new Velocities: 0.06, -0.07, -0.13 ang/fs
2025-09-06 15:45 - ml4cascades.turbogap.calcs_base - INFO - PKA ID 930 with old velocities [ 0.00070539 -0.0001455   0.00018302] ang/fs
2025-09-06 15:45 - ml4cascades.turbogap.calcs_base - INFO - PKA ID: 930 with new Velocities: 0.12, 0.09, -0.06 ang/fs
2025-09-06 15:45 - ml4cascades.turbogap.calcs_base - INFO - PKA ID 966 with old velocities [-0.00112491  0.00115089  0.00112729] ang/fs
2025-09-06 15:45 - ml4cascades.turbogap.calcs_base - INFO - PKA ID: 966 with new Velocities: 0.06, 0.01, 0.15 ang/fs
2025-09-06 15:45 - ml4cascades.turbogap.calcs_base - INFO - PKA ID 920 with old velocities [ 0.00061086  0.00210216 -0.00182703] ang/fs
2025-09-06 15:45 - ml4cascades.turbogap.calcs_base - INFO - PKA ID: 920 with new Velocities: 0.08, 0.06, 0.13 ang/fs
2025-09-06 15:45 - ml4cascades.turbogap.calcs_base - INFO - PKA ID 923 with old velocities [ 0.00041117 -0.00095347  0.00244634] ang/fs
2025-09-06 15:45 - ml4cascades.turbogap.calcs_base - INFO - PKA ID: 923 with new Velocities: 0.13, 0.10, -0.00 ang/fs
2025-09-06 15:45 - ml4cascades.turbogap.calcs_base - INFO - PKA ID 1436 with old velocities [-1.2874e-04 -1.2490e-05 -6.2557e-04] ang/fs
2025-09-06 15:45 - ml4cascades.turbogap.calcs_base - INFO - PKA ID: 1436 with new Velocities: 0.04, -0.12, -0.10 ang/fs
2025-09-06 15:45 - ml4cascades.turbogap.calcs_base - INFO - PKA ID 590 with old velocities [ 0.00038697 -0.00242868 -0.00018737] ang/fs
2025-09-06 15:45 - ml4cascades.turbogap.calcs_base - INFO - PKA ID: 590 with new Velocities: 0.16, 0.01, -0.04 ang/fs
2025-09-06 15:45 - ml4cascades.turbogap.calcs_base - INFO - PKA ID 1759 with old velocities [ 0.00120547 -0.00102226  0.00054503] ang/fs
2025-09-06 15:45 - ml4cascades.turbogap.calcs_base - INFO - PKA ID: 1759 with new Velocities: -0.09, -0.01, 0.13 ang/fs
2025-09-06 15:45 - ml4cascades.turbogap.calcs_base - INFO - PKA ID 1812 with old velocities [-0.0012123   0.00012055 -0.00133311] ang/fs
2025-09-06 15:45 - ml4cascades.turbogap.calcs_base - INFO - PKA ID: 1812 with new Velocities: -0.08, -0.13, 0.06 ang/fs
2025-09-06 15:45 - ml4cascades.turbogap.calcs_base - INFO - PKA ID 2210 with old velocities [ 1.1609e-04 -1.6980e-05 -1.8993e-04] ang/fs
2025-09-06 15:45 - ml4cascades.turbogap.calcs_base - INFO - PKA ID: 2210 with new Velocities: -0.15, -0.06, 0.01 ang/fs
2025-09-06 15:45 - ml4cascades.turbogap.calcs_base - INFO - PKA ID 1753 with old velocities [ 0.00174118  0.00016905 -0.00143426] ang/fs
2025-09-06 15:45 - ml4cascades.turbogap.calcs_base - INFO - PKA ID: 1753 with new Velocities: -0.06, 0.02, 0.15 ang/fs
2025-09-06 15:45 - ml4cascades.turbogap.calcs_base - INFO - PKA ID 2217 with old velocities [-0.00096817 -0.00100407  0.00144234] ang/fs
2025-09-06 15:45 - ml4cascades.turbogap.calcs_base - INFO - PKA ID: 2217 with new Velocities: -0.15, -0.06, -0.02 ang/fs
2025-09-06 15:45 - ml4cascades.turbogap.calcs_base - INFO - PKA ID 1417 with old velocities [0.00047591 0.00090275 0.00057045] ang/fs
2025-09-06 15:45 - ml4cascades.turbogap.calcs_base - INFO - PKA ID: 1417 with new Velocities: 0.05, -0.05, 0.15 ang/fs
2025-09-06 15:45 - ml4cascades.turbogap.calcs_base - INFO - PKA ID 1385 with old velocities [-1.48894e-03 -1.32302e-03  9.20000e-07] ang/fs
2025-09-06 15:45 - ml4cascades.turbogap.calcs_base - INFO - PKA ID: 1385 with new Velocities: 0.02, 0.06, -0.15 ang/fs
2025-09-06 15:45 - ml4cascades.turbogap.calcs_base - INFO - PKA ID 1029 with old velocities [ 0.0008276   0.00088799 -0.00137114] ang/fs
2025-09-06 15:45 - ml4cascades.turbogap.calcs_base - INFO - PKA ID: 1029 with new Velocities: 0.12, -0.06, 0.09 ang/fs
2025-09-06 15:45 - ml4cascades.turbogap.calcs_base - INFO - PKA ID 1705 with old velocities [ 0.00164253 -0.00056556 -0.00012806] ang/fs
2025-09-06 15:45 - ml4cascades.turbogap.calcs_base - INFO - PKA ID: 1705 with new Velocities: -0.08, 0.13, 0.05 ang/fs
2025-09-06 15:45 - ml4cascades.turbogap.calcs_base - INFO - PKA ID 1881 with old velocities [0.00141443 0.00210278 0.00078775] ang/fs
2025-09-06 15:45 - ml4cascades.turbogap.calcs_base - INFO - PKA ID: 1881 with new Velocities: -0.05, -0.15, -0.06 ang/fs
2025-09-06 15:45 - ml4cascades.turbogap.calcs_base - INFO - PKA ID 1885 with old velocities [-0.00028058  0.00201086  0.00133526] ang/fs
2025-09-06 15:45 - ml4cascades.turbogap.calcs_base - INFO - PKA ID: 1885 with new Velocities: -0.07, -0.13, -0.07 ang/fs
2025-09-06 15:45 - ml4cascades.turbogap.calcs_base - INFO - PKA ID 1309 with old velocities [-0.00136052  0.00112446 -0.00096989] ang/fs
2025-09-06 15:45 - ml4cascades.turbogap.calcs_base - INFO - PKA ID: 1309 with new Velocities: 0.01, 0.13, 0.10 ang/fs
2025-09-06 15:45 - ml4cascades.turbogap.calcs_base - INFO - PKA ID 1881 with old velocities [0.00141443 0.00210278 0.00078775] ang/fs
2025-09-06 15:45 - ml4cascades.turbogap.calcs_base - INFO - PKA ID: 1881 with new Velocities: -0.04, -0.15, -0.06 ang/fs
2025-09-06 15:45 - ml4cascades.turbogap.calcs_base - INFO - PKA ID 1760 with old velocities [7.6510e-05 1.4819e-04 2.8290e-04] ang/fs
2025-09-06 15:45 - ml4cascades.turbogap.calcs_base - INFO - PKA ID: 1760 with new Velocities: -0.12, -0.04, 0.11 ang/fs
2025-09-06 15:55 - ml4cascades.turbogap.calcs_base - INFO - ------------------SIMULATION for energy: 100 eV, supercell size: 7 --------------------
2025-09-06 15:55 - ml4cascades.turbogap.calcs_base - INFO - PKA ID 1833 with old velocities [ 1.7718e-04  8.6980e-05 -4.1953e-04] ang/fs
2025-09-06 15:55 - ml4cascades.turbogap.calcs_base - INFO - PKA ID: 1833 with new Velocities: -0.05, -0.08, -0.13 ang/fs
2025-09-06 15:55 - ml4cascades.turbogap.calcs_base - INFO - PKA ID 1874 with old velocities [-0.00164149 -0.00056036 -0.00040723] ang/fs
2025-09-06 15:55 - ml4cascades.turbogap.calcs_base - INFO - PKA ID: 1874 with new Velocities: -0.07, -0.15, 0.02 ang/fs
2025-09-06 15:55 - ml4cascades.turbogap.calcs_base - INFO - PKA ID 1423 with old velocities [-0.00195144  0.00091964 -0.0009612 ] ang/fs
2025-09-06 15:55 - ml4cascades.turbogap.calcs_base - INFO - PKA ID: 1423 with new Velocities: 0.02, -0.08, 0.14 ang/fs
2025-09-06 15:55 - ml4cascades.turbogap.calcs_base - INFO - PKA ID 988 with old velocities [ 6.3160e-05 -6.1536e-04 -1.6613e-04] ang/fs
2025-09-06 15:55 - ml4cascades.turbogap.calcs_base - INFO - PKA ID: 988 with new Velocities: 0.12, -0.04, -0.10 ang/fs
2025-09-06 15:55 - ml4cascades.turbogap.calcs_base - INFO - PKA ID 1336 with old velocities [0.00090588 0.00067888 0.00199975] ang/fs
2025-09-06 15:55 - ml4cascades.turbogap.calcs_base - INFO - PKA ID: 1336 with new Velocities: -0.01, 0.07, -0.15 ang/fs
2025-09-06 15:55 - ml4cascades.turbogap.calcs_base - INFO - PKA ID 1716 with old velocities [-3.0480e-05  8.5235e-04  2.6008e-03] ang/fs
2025-09-06 15:55 - ml4cascades.turbogap.calcs_base - INFO - PKA ID: 1716 with new Velocities: -0.07, 0.08, -0.12 ang/fs
2025-09-06 15:55 - ml4cascades.turbogap.calcs_base - INFO - PKA ID 1824 with old velocities [-0.00092054 -0.00123228 -0.00131742] ang/fs
2025-09-06 15:55 - ml4cascades.turbogap.calcs_base - INFO - PKA ID: 1824 with new Velocities: -0.10, -0.12, 0.03 ang/fs
2025-09-06 15:55 - ml4cascades.turbogap.calcs_base - INFO - PKA ID 1423 with old velocities [-0.00195144  0.00091964 -0.0009612 ] ang/fs
2025-09-06 15:55 - ml4cascades.turbogap.calcs_base - INFO - PKA ID: 1423 with new Velocities: 0.02, -0.08, 0.14 ang/fs
2025-09-06 15:55 - ml4cascades.turbogap.calcs_base - INFO - PKA ID 935 with old velocities [-3.1179e-04 -7.8225e-04  9.5510e-05] ang/fs
2025-09-06 15:55 - ml4cascades.turbogap.calcs_base - INFO - PKA ID: 935 with new Velocities: 0.12, 0.10, -0.05 ang/fs
2025-09-06 15:55 - ml4cascades.turbogap.calcs_base - INFO - PKA ID 1874 with old velocities [-0.00164149 -0.00056036 -0.00040723] ang/fs
2025-09-06 15:55 - ml4cascades.turbogap.calcs_base - INFO - PKA ID: 1874 with new Velocities: -0.07, -0.15, 0.01 ang/fs
2025-09-06 15:55 - ml4cascades.turbogap.calcs_base - INFO - PKA ID 931 with old velocities [-0.00059286  0.00050964  0.00120627] ang/fs
2025-09-06 15:55 - ml4cascades.turbogap.calcs_base - INFO - PKA ID: 931 with new Velocities: 0.12, 0.08, -0.07 ang/fs
2025-09-06 15:55 - ml4cascades.turbogap.calcs_base - INFO - PKA ID 2162 with old velocities [ 0.0005718  -0.00017539 -0.00027751] ang/fs
2025-09-06 15:55 - ml4cascades.turbogap.calcs_base - INFO - PKA ID: 2162 with new Velocities: -0.14, 0.03, -0.08 ang/fs
2025-09-06 15:55 - ml4cascades.turbogap.calcs_base - INFO - PKA ID 1046 with old velocities [ 0.00140897  0.00105288 -0.00022668] ang/fs
2025-09-06 15:55 - ml4cascades.turbogap.calcs_base - INFO - PKA ID: 1046 with new Velocities: 0.06, -0.07, -0.13 ang/fs
2025-09-06 15:55 - ml4cascades.turbogap.calcs_base - INFO - PKA ID 930 with old velocities [ 0.00070539 -0.0001455   0.00018302] ang/fs
2025-09-06 15:55 - ml4cascades.turbogap.calcs_base - INFO - PKA ID: 930 with new Velocities: 0.12, 0.09, -0.06 ang/fs
2025-09-06 15:55 - ml4cascades.turbogap.calcs_base - INFO - PKA ID 966 with old velocities [-0.00112491  0.00115089  0.00112729] ang/fs
2025-09-06 15:55 - ml4cascades.turbogap.calcs_base - INFO - PKA ID: 966 with new Velocities: 0.06, 0.01, 0.15 ang/fs
2025-09-06 15:55 - ml4cascades.turbogap.calcs_base - INFO - PKA ID 920 with old velocities [ 0.00061086  0.00210216 -0.00182703] ang/fs
2025-09-06 15:55 - ml4cascades.turbogap.calcs_base - INFO - PKA ID: 920 with new Velocities: 0.08, 0.06, 0.13 ang/fs
2025-09-06 15:55 - ml4cascades.turbogap.calcs_base - INFO - PKA ID 923 with old velocities [ 0.00041117 -0.00095347  0.00244634] ang/fs
2025-09-06 15:55 - ml4cascades.turbogap.calcs_base - INFO - PKA ID: 923 with new Velocities: 0.13, 0.10, -0.00 ang/fs
2025-09-06 15:55 - ml4cascades.turbogap.calcs_base - INFO - PKA ID 1436 with old velocities [-1.2874e-04 -1.2490e-05 -6.2557e-04] ang/fs
2025-09-06 15:55 - ml4cascades.turbogap.calcs_base - INFO - PKA ID: 1436 with new Velocities: 0.04, -0.12, -0.10 ang/fs
2025-09-06 15:55 - ml4cascades.turbogap.calcs_base - INFO - PKA ID 590 with old velocities [ 0.00038697 -0.00242868 -0.00018737] ang/fs
2025-09-06 15:55 - ml4cascades.turbogap.calcs_base - INFO - PKA ID: 590 with new Velocities: 0.16, 0.01, -0.04 ang/fs
2025-09-06 15:55 - ml4cascades.turbogap.calcs_base - INFO - PKA ID 1759 with old velocities [ 0.00120547 -0.00102226  0.00054503] ang/fs
2025-09-06 15:55 - ml4cascades.turbogap.calcs_base - INFO - PKA ID: 1759 with new Velocities: -0.09, -0.01, 0.13 ang/fs
2025-09-06 15:55 - ml4cascades.turbogap.calcs_base - INFO - PKA ID 1812 with old velocities [-0.0012123   0.00012055 -0.00133311] ang/fs
2025-09-06 15:55 - ml4cascades.turbogap.calcs_base - INFO - PKA ID: 1812 with new Velocities: -0.08, -0.13, 0.06 ang/fs
2025-09-06 15:55 - ml4cascades.turbogap.calcs_base - INFO - PKA ID 2210 with old velocities [ 1.1609e-04 -1.6980e-05 -1.8993e-04] ang/fs
2025-09-06 15:55 - ml4cascades.turbogap.calcs_base - INFO - PKA ID: 2210 with new Velocities: -0.15, -0.06, 0.01 ang/fs
2025-09-06 15:55 - ml4cascades.turbogap.calcs_base - INFO - PKA ID 1753 with old velocities [ 0.00174118  0.00016905 -0.00143426] ang/fs
2025-09-06 15:55 - ml4cascades.turbogap.calcs_base - INFO - PKA ID: 1753 with new Velocities: -0.06, 0.02, 0.15 ang/fs
2025-09-06 15:55 - ml4cascades.turbogap.calcs_base - INFO - PKA ID 2217 with old velocities [-0.00096817 -0.00100407  0.00144234] ang/fs
2025-09-06 15:55 - ml4cascades.turbogap.calcs_base - INFO - PKA ID: 2217 with new Velocities: -0.15, -0.06, -0.02 ang/fs
2025-09-06 15:55 - ml4cascades.turbogap.calcs_base - INFO - PKA ID 1417 with old velocities [0.00047591 0.00090275 0.00057045] ang/fs
2025-09-06 15:55 - ml4cascades.turbogap.calcs_base - INFO - PKA ID: 1417 with new Velocities: 0.05, -0.05, 0.15 ang/fs
2025-09-06 15:55 - ml4cascades.turbogap.calcs_base - INFO - PKA ID 1385 with old velocities [-1.48894e-03 -1.32302e-03  9.20000e-07] ang/fs
2025-09-06 15:55 - ml4cascades.turbogap.calcs_base - INFO - PKA ID: 1385 with new Velocities: 0.02, 0.06, -0.15 ang/fs
2025-09-06 15:55 - ml4cascades.turbogap.calcs_base - INFO - PKA ID 1029 with old velocities [ 0.0008276   0.00088799 -0.00137114] ang/fs
2025-09-06 15:55 - ml4cascades.turbogap.calcs_base - INFO - PKA ID: 1029 with new Velocities: 0.12, -0.06, 0.09 ang/fs
2025-09-06 15:55 - ml4cascades.turbogap.calcs_base - INFO - PKA ID 1705 with old velocities [ 0.00164253 -0.00056556 -0.00012806] ang/fs
2025-09-06 15:55 - ml4cascades.turbogap.calcs_base - INFO - PKA ID: 1705 with new Velocities: -0.08, 0.13, 0.05 ang/fs
2025-09-06 15:55 - ml4cascades.turbogap.calcs_base - INFO - PKA ID 1881 with old velocities [0.00141443 0.00210278 0.00078775] ang/fs
2025-09-06 15:55 - ml4cascades.turbogap.calcs_base - INFO - PKA ID: 1881 with new Velocities: -0.05, -0.15, -0.06 ang/fs
2025-09-06 15:55 - ml4cascades.turbogap.calcs_base - INFO - PKA ID 1885 with old velocities [-0.00028058  0.00201086  0.00133526] ang/fs
2025-09-06 15:55 - ml4cascades.turbogap.calcs_base - INFO - PKA ID: 1885 with new Velocities: -0.07, -0.13, -0.07 ang/fs
2025-09-06 15:55 - ml4cascades.turbogap.calcs_base - INFO - PKA ID 1309 with old velocities [-0.00136052  0.00112446 -0.00096989] ang/fs
2025-09-06 15:55 - ml4cascades.turbogap.calcs_base - INFO - PKA ID: 1309 with new Velocities: 0.01, 0.13, 0.10 ang/fs
2025-09-06 15:55 - ml4cascades.turbogap.calcs_base - INFO - PKA ID 1881 with old velocities [0.00141443 0.00210278 0.00078775] ang/fs
2025-09-06 15:55 - ml4cascades.turbogap.calcs_base - INFO - PKA ID: 1881 with new Velocities: -0.04, -0.15, -0.06 ang/fs
2025-09-06 15:55 - ml4cascades.turbogap.calcs_base - INFO - PKA ID 1760 with old velocities [7.6510e-05 1.4819e-04 2.8290e-04] ang/fs
2025-09-06 15:55 - ml4cascades.turbogap.calcs_base - INFO - PKA ID: 1760 with new Velocities: -0.12, -0.04, 0.11 ang/fs
2025-09-06 16:04 - ml4cascades.turbogap.calcs_base - INFO - ------------------SIMULATION for energy: 100 eV, supercell size: 8 --------------------
2025-09-06 16:04 - ml4cascades.turbogap.calcs_base - INFO - ------------------RELAXATION for energy: 100 eV, supercell size: 8 --------------------
2025-09-07 07:32 - ml4cascades.turbogap.calcs_base - INFO - ------------------SIMULATION for energy: 100 eV, supercell size: 8 --------------------
2025-09-07 07:32 - ml4cascades.turbogap.calcs_base - INFO - PKA ID 2413 with old velocities [-0.00081221 -0.00311166  0.00067169] ang/fs
2025-09-07 07:32 - ml4cascades.turbogap.calcs_base - INFO - PKA ID: 2413 with new Velocities: -0.05, -0.08, -0.13 ang/fs
2025-09-07 07:32 - ml4cascades.turbogap.calcs_base - INFO - PKA ID 2977 with old velocities [ 0.00252431 -0.0024799  -0.00118767] ang/fs
2025-09-07 07:32 - ml4cascades.turbogap.calcs_base - INFO - PKA ID: 2977 with new Velocities: -0.07, -0.15, 0.02 ang/fs
2025-09-07 07:32 - ml4cascades.turbogap.calcs_base - INFO - PKA ID 1816 with old velocities [-0.00071832  0.00050928  0.00256453] ang/fs
2025-09-07 07:32 - ml4cascades.turbogap.calcs_base - INFO - PKA ID: 1816 with new Velocities: 0.02, -0.08, 0.14 ang/fs
2025-09-07 07:32 - ml4cascades.turbogap.calcs_base - INFO - PKA ID 1327 with old velocities [ 0.00012313 -0.00331886 -0.00142226] ang/fs
2025-09-07 07:32 - ml4cascades.turbogap.calcs_base - INFO - PKA ID: 1327 with new Velocities: 0.12, -0.04, -0.10 ang/fs
2025-09-07 07:32 - ml4cascades.turbogap.calcs_base - INFO - PKA ID 2289 with old velocities [-0.00038715 -0.00083161 -0.0007627 ] ang/fs
2025-09-07 07:32 - ml4cascades.turbogap.calcs_base - INFO - PKA ID: 2289 with new Velocities: -0.01, 0.07, -0.15 ang/fs
2025-09-07 07:32 - ml4cascades.turbogap.calcs_base - INFO - PKA ID 2286 with old velocities [ 8.87700e-05  1.27402e-03 -1.85561e-03] ang/fs
2025-09-07 07:32 - ml4cascades.turbogap.calcs_base - INFO - PKA ID: 2286 with new Velocities: -0.07, 0.08, -0.12 ang/fs
2025-09-07 07:32 - ml4cascades.turbogap.calcs_base - INFO - PKA ID 2907 with old velocities [-0.00042578  0.0028603   0.00027265] ang/fs
2025-09-07 07:32 - ml4cascades.turbogap.calcs_base - INFO - PKA ID: 2907 with new Velocities: -0.10, -0.12, 0.03 ang/fs
2025-09-07 07:32 - ml4cascades.turbogap.calcs_base - INFO - PKA ID 1816 with old velocities [-0.00071832  0.00050928  0.00256453] ang/fs
2025-09-07 07:32 - ml4cascades.turbogap.calcs_base - INFO - PKA ID: 1816 with new Velocities: 0.02, -0.08, 0.14 ang/fs
2025-09-07 07:32 - ml4cascades.turbogap.calcs_base - INFO - PKA ID 1253 with old velocities [0.00107249 0.00224175 0.00362025] ang/fs
2025-09-07 07:32 - ml4cascades.turbogap.calcs_base - INFO - PKA ID: 1253 with new Velocities: 0.12, 0.10, -0.05 ang/fs
2025-09-07 07:32 - ml4cascades.turbogap.calcs_base - INFO - PKA ID 2977 with old velocities [ 0.00252431 -0.0024799  -0.00118767] ang/fs
2025-09-07 07:32 - ml4cascades.turbogap.calcs_base - INFO - PKA ID: 2977 with new Velocities: -0.07, -0.15, 0.01 ang/fs
2025-09-07 07:32 - ml4cascades.turbogap.calcs_base - INFO - PKA ID 1254 with old velocities [ 2.94720e-03  3.47000e-06 -2.00371e-03] ang/fs
2025-09-07 07:32 - ml4cascades.turbogap.calcs_base - INFO - PKA ID: 1254 with new Velocities: 0.12, 0.08, -0.07 ang/fs
2025-09-07 07:32 - ml4cascades.turbogap.calcs_base - INFO - PKA ID 2799 with old velocities [ 0.00064008  0.00161237 -0.003896  ] ang/fs
2025-09-07 07:32 - ml4cascades.turbogap.calcs_base - INFO - PKA ID: 2799 with new Velocities: -0.14, 0.03, -0.08 ang/fs
2025-09-07 07:32 - ml4cascades.turbogap.calcs_base - INFO - PKA ID 1836 with old velocities [ 0.00206792 -0.00033126  0.00261557] ang/fs
2025-09-07 07:32 - ml4cascades.turbogap.calcs_base - INFO - PKA ID: 1836 with new Velocities: 0.06, -0.07, -0.13 ang/fs
2025-09-07 07:32 - ml4cascades.turbogap.calcs_base - INFO - PKA ID 1253 with old velocities [0.00107249 0.00224175 0.00362025] ang/fs
2025-09-07 07:32 - ml4cascades.turbogap.calcs_base - INFO - PKA ID: 1253 with new Velocities: 0.12, 0.09, -0.06 ang/fs
2025-09-07 07:32 - ml4cascades.turbogap.calcs_base - INFO - PKA ID 1740 with old velocities [-0.00172332 -0.00100054  0.00087491] ang/fs
2025-09-07 07:32 - ml4cascades.turbogap.calcs_base - INFO - PKA ID: 1740 with new Velocities: 0.06, 0.01, 0.15 ang/fs
2025-09-07 07:32 - ml4cascades.turbogap.calcs_base - INFO - PKA ID 1746 with old velocities [ 0.00238451 -0.00033656  0.00042925] ang/fs
2025-09-07 07:32 - ml4cascades.turbogap.calcs_base - INFO - PKA ID: 1746 with new Velocities: 0.08, 0.06, 0.13 ang/fs
2025-09-07 07:32 - ml4cascades.turbogap.calcs_base - INFO - PKA ID 1180 with old velocities [ 0.00017721 -0.00222291 -0.00054462] ang/fs
2025-09-07 07:32 - ml4cascades.turbogap.calcs_base - INFO - PKA ID: 1180 with new Velocities: 0.13, 0.10, -0.00 ang/fs
2025-09-07 07:32 - ml4cascades.turbogap.calcs_base - INFO - PKA ID 1903 with old velocities [-0.00103862 -0.00127209 -0.00180313] ang/fs
2025-09-07 07:32 - ml4cascades.turbogap.calcs_base - INFO - PKA ID: 1903 with new Velocities: 0.04, -0.12, -0.10 ang/fs
2025-09-07 07:32 - ml4cascades.turbogap.calcs_base - INFO - PKA ID 1252 with old velocities [-3.7600e-03  8.8330e-05  7.4913e-04] ang/fs
2025-09-07 07:32 - ml4cascades.turbogap.calcs_base - INFO - PKA ID: 1252 with new Velocities: 0.16, 0.01, -0.04 ang/fs
2025-09-07 07:32 - ml4cascades.turbogap.calcs_base - INFO - PKA ID 2834 with old velocities [ 0.00573058 -0.00117975  0.00033326] ang/fs
2025-09-07 07:32 - ml4cascades.turbogap.calcs_base - INFO - PKA ID: 2834 with new Velocities: -0.09, -0.01, 0.13 ang/fs
2025-09-07 07:32 - ml4cascades.turbogap.calcs_base - INFO - PKA ID 2907 with old velocities [-0.00042578  0.0028603   0.00027265] ang/fs
2025-09-07 07:32 - ml4cascades.turbogap.calcs_base - INFO - PKA ID: 2907 with new Velocities: -0.08, -0.13, 0.06 ang/fs
2025-09-07 07:32 - ml4cascades.turbogap.calcs_base - INFO - PKA ID 3425 with old velocities [-6.6556e-04  6.0674e-04  9.4460e-05] ang/fs
2025-09-07 07:32 - ml4cascades.turbogap.calcs_base - INFO - PKA ID: 3425 with new Velocities: -0.15, -0.06, 0.01 ang/fs
2025-09-07 07:32 - ml4cascades.turbogap.calcs_base - INFO - PKA ID 2264 with old velocities [-0.00082433 -0.00095915  0.00172618] ang/fs
2025-09-07 07:32 - ml4cascades.turbogap.calcs_base - INFO - PKA ID: 2264 with new Velocities: -0.06, 0.02, 0.15 ang/fs
2025-09-07 07:32 - ml4cascades.turbogap.calcs_base - INFO - PKA ID 2856 with old velocities [ 0.00021608 -0.00142799 -0.00073746] ang/fs
2025-09-07 07:32 - ml4cascades.turbogap.calcs_base - INFO - PKA ID: 2856 with new Velocities: -0.15, -0.06, -0.02 ang/fs
2025-09-07 07:32 - ml4cascades.turbogap.calcs_base - INFO - PKA ID 1815 with old velocities [-0.00171282 -0.00139921  0.00411701] ang/fs
2025-09-07 07:32 - ml4cascades.turbogap.calcs_base - INFO - PKA ID: 1815 with new Velocities: 0.05, -0.05, 0.15 ang/fs
2025-09-07 07:32 - ml4cascades.turbogap.calcs_base - INFO - PKA ID 1774 with old velocities [-0.00212404 -0.00110764 -0.00427686] ang/fs
2025-09-07 07:32 - ml4cascades.turbogap.calcs_base - INFO - PKA ID: 1774 with new Velocities: 0.02, 0.06, -0.15 ang/fs
2025-09-07 07:32 - ml4cascades.turbogap.calcs_base - INFO - PKA ID 1311 with old velocities [-0.00211923 -0.00181678  0.00205055] ang/fs
2025-09-07 07:32 - ml4cascades.turbogap.calcs_base - INFO - PKA ID: 1311 with new Velocities: 0.12, -0.06, 0.09 ang/fs
2025-09-07 07:32 - ml4cascades.turbogap.calcs_base - INFO - PKA ID 2715 with old velocities [-0.0021703  -0.00132524 -0.00132036] ang/fs
2025-09-07 07:32 - ml4cascades.turbogap.calcs_base - INFO - PKA ID: 2715 with new Velocities: -0.08, 0.13, 0.05 ang/fs
2025-09-07 07:32 - ml4cascades.turbogap.calcs_base - INFO - PKA ID 2469 with old velocities [ 0.00179426 -0.00174225  0.00214646] ang/fs
2025-09-07 07:32 - ml4cascades.turbogap.calcs_base - INFO - PKA ID: 2469 with new Velocities: -0.05, -0.15, -0.06 ang/fs
2025-09-07 07:32 - ml4cascades.turbogap.calcs_base - INFO - PKA ID 2406 with old velocities [-0.00014941  0.00117718 -0.00030123] ang/fs
2025-09-07 07:32 - ml4cascades.turbogap.calcs_base - INFO - PKA ID: 2406 with new Velocities: -0.07, -0.13, -0.07 ang/fs
2025-09-07 07:32 - ml4cascades.turbogap.calcs_base - INFO - PKA ID 1686 with old velocities [-0.00095174 -0.00366359 -0.00090297] ang/fs
2025-09-07 07:32 - ml4cascades.turbogap.calcs_base - INFO - PKA ID: 1686 with new Velocities: 0.01, 0.13, 0.10 ang/fs
2025-09-07 07:32 - ml4cascades.turbogap.calcs_base - INFO - PKA ID 2404 with old velocities [0.00318715 0.00100212 0.00112928] ang/fs
2025-09-07 07:32 - ml4cascades.turbogap.calcs_base - INFO - PKA ID: 2404 with new Velocities: -0.04, -0.15, -0.06 ang/fs
2025-09-07 07:32 - ml4cascades.turbogap.calcs_base - INFO - PKA ID 2847 with old velocities [ 0.00406612 -0.00129034  0.00137837] ang/fs
2025-09-07 07:32 - ml4cascades.turbogap.calcs_base - INFO - PKA ID: 2847 with new Velocities: -0.12, -0.04, 0.11 ang/fs
