2026-02-05 20:02 - ml4cascades.lammps.process - INFO - #------------Defect analysis, PKA_kin_eng: 1000 eV------------#
2026-02-05 20:02 - ml4cascades.lammps.process - INFO - Starting the 1th trajectory in folder 1...
2026-02-05 20:02 - ml4cascades.lammps.process - INFO - Starting the 2th trajectory in folder 2...
2026-02-05 20:02 - ml4cascades.lammps.process - INFO - Starting the 3th trajectory in folder 3...
2026-02-05 20:03 - ml4cascades.lammps.process - INFO - Starting the 4th trajectory in folder 4...
2026-02-05 20:03 - ml4cascades.lammps.process - INFO - Starting the 5th trajectory in folder 5...
2026-02-05 20:03 - ml4cascades.lammps.process - INFO - Starting the 6th trajectory in folder 6...
2026-02-05 20:03 - ml4cascades.lammps.process - INFO - Starting the 7th trajectory in folder 7...
2026-02-05 20:04 - ml4cascades.lammps.process - INFO - Starting the 8th trajectory in folder 8...
2026-02-05 20:04 - ml4cascades.lammps.process - INFO - Starting the 9th trajectory in folder 9...
2026-02-05 20:04 - ml4cascades.lammps.process - INFO - Starting the 10th trajectory in folder 10...
2026-02-05 20:04 - ml4cascades.lammps.process - INFO - Starting the 11th trajectory in folder 11...
2026-02-05 20:04 - ml4cascades.lammps.process - INFO - Starting the 12th trajectory in folder 12...
2026-02-05 20:05 - ml4cascades.lammps.process - INFO - Starting the 13th trajectory in folder 13...
2026-02-05 20:05 - ml4cascades.lammps.process - INFO - Starting the 14th trajectory in folder 14...
2026-02-05 20:05 - ml4cascades.lammps.process - INFO - Starting the 15th trajectory in folder 15...
2026-02-05 20:05 - ml4cascades.lammps.process - INFO - Starting the 16th trajectory in folder 16...
2026-02-05 20:06 - ml4cascades.lammps.process - INFO - Starting the 17th trajectory in folder 17...
2026-02-05 20:06 - ml4cascades.lammps.process - INFO - Starting the 18th trajectory in folder 18...
2026-02-05 20:06 - ml4cascades.lammps.process - INFO - Starting the 19th trajectory in folder 19...
2026-02-05 20:06 - ml4cascades.lammps.process - INFO - Starting the 20th trajectory in folder 20...
2026-02-05 20:06 - ml4cascades.lammps.process - INFO - Starting the 21th trajectory in folder 21...
2026-02-05 20:07 - ml4cascades.lammps.process - INFO - Starting the 22th trajectory in folder 22...
2026-02-05 20:07 - ml4cascades.lammps.process - INFO - Starting the 23th trajectory in folder 23...
2026-02-05 20:07 - ml4cascades.lammps.process - INFO - Starting the 24th trajectory in folder 24...
2026-02-05 20:07 - ml4cascades.lammps.process - INFO - Starting the 25th trajectory in folder 25...
2026-02-05 20:08 - ml4cascades.lammps.process - INFO - Starting the 26th trajectory in folder 26...
2026-02-05 20:08 - ml4cascades.lammps.process - INFO - Starting the 27th trajectory in folder 27...
2026-02-05 20:08 - ml4cascades.lammps.process - INFO - Starting the 28th trajectory in folder 28...
2026-02-05 20:08 - ml4cascades.lammps.process - INFO - Starting the 29th trajectory in folder 29...
2026-02-05 20:08 - ml4cascades.lammps.process - INFO - Starting the 30th trajectory in folder 30...
2026-02-05 20:09 - ml4cascades.lammps.process - INFO - #------------ Defect analysis completed. ------------#
2026-02-05 20:10 - ml4cascades.lammps.process - INFO - #------------Defect analysis, PKA_kin_eng: 1000 eV------------#
2026-02-05 20:10 - ml4cascades.lammps.process - INFO - Starting the 1th trajectory in folder 1...
2026-02-05 20:11 - ml4cascades.lammps.process - INFO - Starting the 2th trajectory in folder 2...
2026-02-05 20:11 - ml4cascades.lammps.process - INFO - Starting the 3th trajectory in folder 3...
2026-02-05 20:11 - ml4cascades.lammps.process - INFO - Starting the 4th trajectory in folder 4...
2026-02-05 20:11 - ml4cascades.lammps.process - INFO - Starting the 5th trajectory in folder 5...
2026-02-05 20:11 - ml4cascades.lammps.process - INFO - Starting the 6th trajectory in folder 6...
2026-02-05 20:12 - ml4cascades.lammps.process - INFO - Starting the 7th trajectory in folder 7...
2026-02-05 20:12 - ml4cascades.lammps.process - INFO - Starting the 8th trajectory in folder 8...
2026-02-05 20:12 - ml4cascades.lammps.process - INFO - Starting the 9th trajectory in folder 9...
2026-02-05 20:12 - ml4cascades.lammps.process - INFO - Starting the 10th trajectory in folder 10...
2026-02-05 20:13 - ml4cascades.lammps.process - INFO - Starting the 11th trajectory in folder 11...
2026-02-05 20:13 - ml4cascades.lammps.process - INFO - Starting the 12th trajectory in folder 12...
2026-02-05 20:13 - ml4cascades.lammps.process - INFO - Starting the 13th trajectory in folder 13...
2026-02-05 20:13 - ml4cascades.lammps.process - INFO - Starting the 14th trajectory in folder 14...
2026-02-05 20:13 - ml4cascades.lammps.process - INFO - Starting the 15th trajectory in folder 15...
2026-02-05 20:14 - ml4cascades.lammps.process - INFO - Starting the 16th trajectory in folder 16...
2026-02-05 20:14 - ml4cascades.lammps.process - INFO - Starting the 17th trajectory in folder 17...
2026-02-05 20:14 - ml4cascades.lammps.process - INFO - Starting the 18th trajectory in folder 18...
2026-02-05 20:14 - ml4cascades.lammps.process - INFO - Starting the 19th trajectory in folder 19...
2026-02-05 20:14 - ml4cascades.lammps.process - INFO - Starting the 20th trajectory in folder 20...
2026-02-05 20:15 - ml4cascades.lammps.process - INFO - Starting the 21th trajectory in folder 21...
2026-02-05 20:15 - ml4cascades.lammps.process - INFO - Starting the 22th trajectory in folder 22...
2026-02-05 20:15 - ml4cascades.lammps.process - INFO - Starting the 23th trajectory in folder 23...
2026-02-05 20:15 - ml4cascades.lammps.process - INFO - Starting the 24th trajectory in folder 24...
2026-02-05 20:16 - ml4cascades.lammps.process - INFO - Starting the 25th trajectory in folder 25...
2026-02-05 20:16 - ml4cascades.lammps.process - INFO - Starting the 26th trajectory in folder 26...
2026-02-05 20:16 - ml4cascades.lammps.process - INFO - Starting the 27th trajectory in folder 27...
2026-02-05 20:16 - ml4cascades.lammps.process - INFO - Starting the 28th trajectory in folder 28...
2026-02-05 20:17 - ml4cascades.lammps.process - INFO - Starting the 29th trajectory in folder 29...
2026-02-05 20:17 - ml4cascades.lammps.process - INFO - Starting the 30th trajectory in folder 30...
2026-02-05 20:17 - ml4cascades.lammps.process - INFO - #------------ Defect analysis completed. ------------#
2026-03-02 15:25 - ml4cascades.lammps.process - INFO - #------------Defect analysis, PKA_kin_eng: 1000 eV------------#
2026-03-02 15:25 - ml4cascades.lammps.process - INFO - Starting the 1th trajectory in folder 1...
2026-03-02 15:26 - ml4cascades.lammps.process - INFO - Starting the 2th trajectory in folder 2...
2026-03-02 15:26 - ml4cascades.lammps.process - INFO - Starting the 3th trajectory in folder 3...
2026-03-02 15:26 - ml4cascades.lammps.process - INFO - Starting the 4th trajectory in folder 4...
2026-03-02 15:27 - ml4cascades.lammps.process - INFO - Starting the 5th trajectory in folder 5...
2026-03-02 15:27 - ml4cascades.lammps.process - INFO - Starting the 6th trajectory in folder 6...
2026-03-02 15:27 - ml4cascades.lammps.process - INFO - Starting the 7th trajectory in folder 7...
2026-03-02 15:27 - ml4cascades.lammps.process - INFO - Starting the 8th trajectory in folder 8...
2026-03-02 15:28 - ml4cascades.lammps.process - INFO - Starting the 9th trajectory in folder 9...
2026-03-02 15:28 - ml4cascades.lammps.process - INFO - Starting the 10th trajectory in folder 10...
2026-03-02 15:28 - ml4cascades.lammps.process - INFO - Starting the 11th trajectory in folder 11...
2026-03-02 15:29 - ml4cascades.lammps.process - INFO - Starting the 12th trajectory in folder 12...
2026-03-02 15:29 - ml4cascades.lammps.process - INFO - Starting the 13th trajectory in folder 13...
2026-03-02 15:29 - ml4cascades.lammps.process - INFO - Starting the 14th trajectory in folder 14...
2026-03-02 15:30 - ml4cascades.lammps.process - INFO - Starting the 15th trajectory in folder 15...
2026-03-02 15:30 - ml4cascades.lammps.process - INFO - Starting the 16th trajectory in folder 16...
2026-03-02 15:31 - ml4cascades.lammps.process - INFO - Starting the 17th trajectory in folder 17...
2026-03-02 15:31 - ml4cascades.lammps.process - INFO - Starting the 18th trajectory in folder 18...
2026-03-02 15:32 - ml4cascades.lammps.process - INFO - Starting the 19th trajectory in folder 19...
2026-03-02 15:32 - ml4cascades.lammps.process - INFO - Starting the 20th trajectory in folder 20...
2026-03-02 15:32 - ml4cascades.lammps.process - INFO - Starting the 21th trajectory in folder 21...
2026-03-02 15:33 - ml4cascades.lammps.process - INFO - Starting the 22th trajectory in folder 22...
2026-03-02 15:33 - ml4cascades.lammps.process - INFO - Starting the 23th trajectory in folder 23...
2026-03-02 15:33 - ml4cascades.lammps.process - INFO - Starting the 24th trajectory in folder 24...
2026-03-02 15:33 - ml4cascades.lammps.process - INFO - Starting the 25th trajectory in folder 25...
2026-03-02 15:34 - ml4cascades.lammps.process - INFO - Starting the 26th trajectory in folder 26...
2026-03-02 15:34 - ml4cascades.lammps.process - INFO - Starting the 27th trajectory in folder 27...
2026-03-02 15:34 - ml4cascades.lammps.process - INFO - Starting the 28th trajectory in folder 28...
2026-03-02 15:34 - ml4cascades.lammps.process - INFO - Starting the 29th trajectory in folder 29...
2026-03-02 15:35 - ml4cascades.lammps.process - INFO - Starting the 30th trajectory in folder 30...
2026-03-02 15:35 - ml4cascades.lammps.process - INFO - #------------ Defect analysis completed. ------------#
2026-03-02 15:39 - ml4cascades.lammps.process - INFO - #------------Defect analysis, PKA_kin_eng: 1000 eV------------#
2026-03-02 15:39 - ml4cascades.lammps.process - INFO - Starting the 1th trajectory in folder 1...
2026-03-02 15:39 - ml4cascades.lammps.process - INFO - Starting the 2th trajectory in folder 2...
2026-03-02 15:40 - ml4cascades.lammps.process - INFO - Starting the 3th trajectory in folder 3...
2026-03-02 15:40 - ml4cascades.lammps.process - INFO - Starting the 4th trajectory in folder 4...
2026-03-02 15:40 - ml4cascades.lammps.process - INFO - Starting the 5th trajectory in folder 5...
2026-03-02 15:40 - ml4cascades.lammps.process - INFO - Starting the 6th trajectory in folder 6...
2026-03-02 15:41 - ml4cascades.lammps.process - INFO - Starting the 7th trajectory in folder 7...
2026-03-02 15:41 - ml4cascades.lammps.process - INFO - Starting the 8th trajectory in folder 8...
2026-03-02 15:41 - ml4cascades.lammps.process - INFO - Starting the 9th trajectory in folder 9...
2026-03-02 15:41 - ml4cascades.lammps.process - INFO - Starting the 10th trajectory in folder 10...
2026-03-02 15:42 - ml4cascades.lammps.process - INFO - Starting the 11th trajectory in folder 11...
2026-03-02 15:42 - ml4cascades.lammps.process - INFO - Starting the 12th trajectory in folder 12...
2026-03-02 15:43 - ml4cascades.lammps.process - INFO - Starting the 13th trajectory in folder 13...
2026-03-02 15:43 - ml4cascades.lammps.process - INFO - Starting the 14th trajectory in folder 14...
2026-03-02 15:43 - ml4cascades.lammps.process - INFO - Starting the 15th trajectory in folder 15...
2026-03-02 15:43 - ml4cascades.lammps.process - INFO - Starting the 16th trajectory in folder 16...
2026-03-02 15:43 - ml4cascades.lammps.process - INFO - Starting the 17th trajectory in folder 17...
2026-03-02 15:44 - ml4cascades.lammps.process - INFO - Starting the 18th trajectory in folder 18...
2026-03-02 15:44 - ml4cascades.lammps.process - INFO - Starting the 19th trajectory in folder 19...
2026-03-02 15:45 - ml4cascades.lammps.process - INFO - Starting the 20th trajectory in folder 20...
2026-03-02 15:45 - ml4cascades.lammps.process - INFO - Starting the 21th trajectory in folder 21...
2026-03-02 15:45 - ml4cascades.lammps.process - INFO - Starting the 22th trajectory in folder 22...
2026-03-02 15:45 - ml4cascades.lammps.process - INFO - Starting the 23th trajectory in folder 23...
2026-03-02 15:46 - ml4cascades.lammps.process - INFO - Starting the 24th trajectory in folder 24...
2026-03-02 15:46 - ml4cascades.lammps.process - INFO - Starting the 25th trajectory in folder 25...
2026-03-02 15:47 - ml4cascades.lammps.process - INFO - Starting the 26th trajectory in folder 26...
2026-03-02 15:47 - ml4cascades.lammps.process - INFO - Starting the 27th trajectory in folder 27...
2026-03-02 15:47 - ml4cascades.lammps.process - INFO - Starting the 28th trajectory in folder 28...
2026-03-02 15:48 - ml4cascades.lammps.process - INFO - Starting the 29th trajectory in folder 29...
2026-03-02 15:48 - ml4cascades.lammps.process - INFO - Starting the 30th trajectory in folder 30...
2026-03-02 15:48 - ml4cascades.lammps.process - INFO - #------------ Defect analysis completed. ------------#

2026-03-03 08:20 - ml4cascades.lammps.process - INFO - 
2026-03-03 08:20 - ml4cascades.lammps.process - INFO - #------------Defect analysis, PKA_kin_eng: 1000 eV------------#
2026-03-03 08:20 - ml4cascades.lammps.process - INFO - Starting the 1th trajectory in folder 1...
2026-03-03 08:20 - ml4cascades.lammps.process - INFO - Starting the 2th trajectory in folder 2...
2026-03-03 08:21 - ml4cascades.lammps.process - INFO - Starting the 3th trajectory in folder 3...
2026-03-03 08:21 - ml4cascades.lammps.process - INFO - Starting the 4th trajectory in folder 4...
2026-03-03 08:21 - ml4cascades.lammps.process - INFO - Starting the 5th trajectory in folder 5...
2026-03-03 08:21 - ml4cascades.lammps.process - INFO - #------------ Defect analysis completed. ------------#

2026-03-03 08:22 - ml4cascades.lammps.process - INFO - 
2026-03-03 08:22 - ml4cascades.lammps.process - INFO - #------------Defect analysis, PKA_kin_eng: 1000 eV------------#
2026-03-03 08:22 - ml4cascades.lammps.process - INFO - Starting the 1th trajectory in folder 1...
2026-03-03 08:23 - ml4cascades.lammps.process - INFO - Starting the 2th trajectory in folder 2...
2026-03-03 08:23 - ml4cascades.lammps.process - INFO - Starting the 3th trajectory in folder 3...
2026-03-03 08:23 - ml4cascades.lammps.process - INFO - Starting the 4th trajectory in folder 4...
2026-03-03 08:23 - ml4cascades.lammps.process - INFO - Starting the 5th trajectory in folder 5...
2026-03-03 08:23 - ml4cascades.lammps.process - INFO - #------------ Defect analysis completed. ------------#

2026-03-03 10:25 - ml4cascades.lammps.process - INFO - #------------Defect analysis, PKA_kin_eng: 1000 eV------------#
2026-03-03 10:25 - ml4cascades.lammps.process - INFO - Starting the 1th trajectory in folder 1...
2026-03-03 10:27 - ml4cascades.lammps.process - INFO - Starting the 2th trajectory in folder 2...
2026-03-03 10:28 - ml4cascades.lammps.process - INFO - Starting the 3th trajectory in folder 3...
2026-03-03 10:30 - ml4cascades.lammps.process - INFO - Starting the 4th trajectory in folder 4...
2026-03-03 10:32 - ml4cascades.lammps.process - INFO - Starting the 5th trajectory in folder 5...
2026-03-03 10:34 - ml4cascades.lammps.process - INFO - #------------ Defect analysis completed. ------------#

2026-03-03 10:41 - ml4cascades.lammps.process - INFO - #------------Defect analysis, PKA_kin_eng: 1000 eV------------#
2026-03-03 10:41 - ml4cascades.lammps.process - INFO - Starting the 1th trajectory in folder 1...
2026-03-03 10:43 - ml4cascades.lammps.process - INFO - Starting the 2th trajectory in folder 2...
2026-03-03 10:45 - ml4cascades.lammps.process - INFO - Starting the 3th trajectory in folder 3...
2026-03-03 10:47 - ml4cascades.lammps.process - INFO - Starting the 4th trajectory in folder 4...
2026-03-03 10:49 - ml4cascades.lammps.process - INFO - Starting the 5th trajectory in folder 5...
2026-03-03 10:51 - ml4cascades.lammps.process - INFO - #------------ Defect analysis completed. ------------#

2026-03-04 08:27 - ml4cascades.lammps.process - INFO - #------------Defect analysis, PKA_kin_eng: 1000 eV------------#
2026-03-04 08:27 - ml4cascades.lammps.process - INFO - Starting the 1th trajectory in folder 1...
2026-03-04 08:29 - ml4cascades.lammps.process - INFO - Starting the 2th trajectory in folder 2...
2026-03-04 08:30 - ml4cascades.lammps.process - INFO - Starting the 3th trajectory in folder 3...
2026-03-04 08:32 - ml4cascades.lammps.process - INFO - Starting the 4th trajectory in folder 4...
2026-03-04 08:34 - ml4cascades.lammps.process - INFO - Starting the 5th trajectory in folder 5...
2026-03-04 08:36 - ml4cascades.lammps.process - INFO - Starting the 6th trajectory in folder 6...
2026-03-04 08:38 - ml4cascades.lammps.process - INFO - Starting the 7th trajectory in folder 7...
2026-03-04 08:39 - ml4cascades.lammps.process - INFO - Starting the 8th trajectory in folder 8...
2026-03-04 08:41 - ml4cascades.lammps.process - INFO - Starting the 9th trajectory in folder 9...
2026-03-04 08:43 - ml4cascades.lammps.process - INFO - Starting the 10th trajectory in folder 10...
2026-03-04 08:45 - ml4cascades.lammps.process - INFO - Starting the 11th trajectory in folder 11...
2026-03-04 08:47 - ml4cascades.lammps.process - INFO - Starting the 12th trajectory in folder 12...
2026-03-04 08:48 - ml4cascades.lammps.process - INFO - Starting the 13th trajectory in folder 13...
2026-03-04 08:50 - ml4cascades.lammps.process - INFO - Starting the 14th trajectory in folder 14...
2026-03-04 08:52 - ml4cascades.lammps.process - INFO - Starting the 15th trajectory in folder 15...
2026-03-04 08:54 - ml4cascades.lammps.process - INFO - Starting the 16th trajectory in folder 16...
2026-03-04 08:56 - ml4cascades.lammps.process - INFO - Starting the 17th trajectory in folder 17...
2026-03-04 08:57 - ml4cascades.lammps.process - INFO - Starting the 18th trajectory in folder 18...
2026-03-04 08:59 - ml4cascades.lammps.process - INFO - Starting the 19th trajectory in folder 19...
2026-03-04 09:01 - ml4cascades.lammps.process - INFO - Starting the 20th trajectory in folder 20...
2026-03-04 09:03 - ml4cascades.lammps.process - INFO - Starting the 21th trajectory in folder 21...
2026-03-04 09:05 - ml4cascades.lammps.process - INFO - Starting the 22th trajectory in folder 22...
2026-03-04 09:06 - ml4cascades.lammps.process - INFO - Starting the 23th trajectory in folder 23...
2026-03-04 09:08 - ml4cascades.lammps.process - INFO - Starting the 24th trajectory in folder 24...
2026-03-04 09:10 - ml4cascades.lammps.process - INFO - Starting the 25th trajectory in folder 25...
2026-03-04 09:12 - ml4cascades.lammps.process - INFO - Starting the 26th trajectory in folder 26...
2026-03-04 09:14 - ml4cascades.lammps.process - INFO - Starting the 27th trajectory in folder 27...
2026-03-04 09:16 - ml4cascades.lammps.process - INFO - Starting the 28th trajectory in folder 28...
2026-03-04 09:17 - ml4cascades.lammps.process - INFO - Starting the 29th trajectory in folder 29...
2026-03-04 09:19 - ml4cascades.lammps.process - INFO - Starting the 30th trajectory in folder 30...
2026-03-04 09:21 - ml4cascades.lammps.process - INFO - #------------ Defect analysis completed. ------------#

2026-03-04 09:25 - ml4cascades.lammps.process - INFO - #------------Defect analysis, PKA_kin_eng: 1000 eV------------#
2026-03-04 09:25 - ml4cascades.lammps.process - INFO - Starting the 1th trajectory in folder 1...
2026-03-04 09:27 - ml4cascades.lammps.process - INFO - Starting the 2th trajectory in folder 2...
2026-03-04 09:29 - ml4cascades.lammps.process - INFO - Starting the 3th trajectory in folder 3...
2026-03-04 09:30 - ml4cascades.lammps.process - INFO - Starting the 4th trajectory in folder 4...
2026-03-04 09:32 - ml4cascades.lammps.process - INFO - Starting the 5th trajectory in folder 5...
2026-03-04 09:34 - ml4cascades.lammps.process - INFO - Starting the 6th trajectory in folder 6...
2026-03-04 09:36 - ml4cascades.lammps.process - INFO - Starting the 7th trajectory in folder 7...
2026-03-04 09:38 - ml4cascades.lammps.process - INFO - Starting the 8th trajectory in folder 8...
2026-03-04 09:40 - ml4cascades.lammps.process - INFO - Starting the 9th trajectory in folder 9...
2026-03-04 09:42 - ml4cascades.lammps.process - INFO - Starting the 10th trajectory in folder 10...
2026-03-04 09:44 - ml4cascades.lammps.process - INFO - Starting the 11th trajectory in folder 11...
2026-03-04 09:46 - ml4cascades.lammps.process - INFO - Starting the 12th trajectory in folder 12...
2026-03-04 09:48 - ml4cascades.lammps.process - INFO - Starting the 13th trajectory in folder 13...
2026-03-04 09:50 - ml4cascades.lammps.process - INFO - Starting the 14th trajectory in folder 14...
2026-03-04 09:51 - ml4cascades.lammps.process - INFO - Starting the 15th trajectory in folder 15...
2026-03-04 09:53 - ml4cascades.lammps.process - INFO - Starting the 16th trajectory in folder 16...
2026-03-04 09:55 - ml4cascades.lammps.process - INFO - Starting the 17th trajectory in folder 17...
2026-03-04 09:57 - ml4cascades.lammps.process - INFO - Starting the 18th trajectory in folder 18...
2026-03-04 09:59 - ml4cascades.lammps.process - INFO - Starting the 19th trajectory in folder 19...
2026-03-04 10:01 - ml4cascades.lammps.process - INFO - Starting the 20th trajectory in folder 20...
2026-03-04 10:02 - ml4cascades.lammps.process - INFO - Starting the 21th trajectory in folder 21...
2026-03-04 10:04 - ml4cascades.lammps.process - INFO - Starting the 22th trajectory in folder 22...
2026-03-04 10:06 - ml4cascades.lammps.process - INFO - Starting the 23th trajectory in folder 23...
2026-03-04 10:08 - ml4cascades.lammps.process - INFO - Starting the 24th trajectory in folder 24...
2026-03-04 10:10 - ml4cascades.lammps.process - INFO - Starting the 25th trajectory in folder 25...
2026-03-04 10:12 - ml4cascades.lammps.process - INFO - Starting the 26th trajectory in folder 26...
2026-03-04 10:14 - ml4cascades.lammps.process - INFO - Starting the 27th trajectory in folder 27...
2026-03-04 10:16 - ml4cascades.lammps.process - INFO - Starting the 28th trajectory in folder 28...
2026-03-04 10:18 - ml4cascades.lammps.process - INFO - Starting the 29th trajectory in folder 29...
2026-03-04 10:20 - ml4cascades.lammps.process - INFO - Starting the 30th trajectory in folder 30...
2026-03-04 10:22 - ml4cascades.lammps.process - INFO - #------------ Defect analysis completed. ------------#

2026-03-09 12:04 - ml4cascades.lammps.process - INFO - #------------Liquid atom analysis, PKA_kin_eng: 1000 eV------------#
2026-03-09 12:04 - ml4cascades.lammps.process - INFO - Starting the 1th trajectory in folder 1...
2026-03-09 12:06 - ml4cascades.lammps.process - INFO - #------------Liquid atom analysis, PKA_kin_eng: 1000 eV------------#
2026-03-09 12:06 - ml4cascades.lammps.process - INFO - Starting the 1th trajectory in folder 1...
2026-03-09 12:07 - ml4cascades.lammps.process - INFO - Starting the 2th trajectory in folder 2...
2026-03-09 12:07 - ml4cascades.lammps.process - INFO - #------------Liquid atom analysis, PKA_kin_eng: 1000 eV------------#
2026-03-09 12:07 - ml4cascades.lammps.process - INFO - Starting the 1th trajectory in folder 1...
2026-03-09 12:08 - ml4cascades.lammps.process - INFO - Starting the 2th trajectory in folder 2...
2026-03-09 12:08 - ml4cascades.lammps.process - INFO - Starting the 3th trajectory in folder 3...
2026-03-09 12:09 - ml4cascades.lammps.process - INFO - #------------Liquid atom analysis, PKA_kin_eng: 1000 eV------------#
2026-03-09 12:09 - ml4cascades.lammps.process - INFO - Starting the 1th trajectory in folder 1...
2026-03-09 12:10 - ml4cascades.lammps.process - INFO - Starting the 2th trajectory in folder 2...
2026-03-09 12:11 - ml4cascades.lammps.process - INFO - Starting the 3th trajectory in folder 3...
2026-03-09 12:27 - ml4cascades.lammps.process - INFO - #------------Liquid atom analysis, PKA_kin_eng: 1000 eV------------#
2026-03-09 12:27 - ml4cascades.lammps.process - INFO - Starting the 1th trajectory in folder 1...
2026-03-09 12:27 - ml4cascades.lammps.process - INFO - Starting the 2th trajectory in folder 2...
2026-03-09 12:27 - ml4cascades.lammps.process - INFO - Starting the 3th trajectory in folder 3...
2026-03-09 12:28 - ml4cascades.lammps.process - INFO - Starting the 4th trajectory in folder 4...
2026-03-09 12:28 - ml4cascades.lammps.process - INFO - Starting the 5th trajectory in folder 5...
2026-03-09 12:29 - ml4cascades.lammps.process - INFO - Starting the 6th trajectory in folder 6...
2026-03-09 12:29 - ml4cascades.lammps.process - INFO - Starting the 7th trajectory in folder 7...
2026-03-09 12:29 - ml4cascades.lammps.process - INFO - Starting the 8th trajectory in folder 8...
2026-03-09 12:30 - ml4cascades.lammps.process - INFO - Starting the 9th trajectory in folder 9...
2026-03-09 12:30 - ml4cascades.lammps.process - INFO - Starting the 10th trajectory in folder 10...
2026-03-09 12:31 - ml4cascades.lammps.process - INFO - Starting the 11th trajectory in folder 11...
2026-03-09 12:31 - ml4cascades.lammps.process - INFO - Starting the 12th trajectory in folder 12...
2026-03-09 12:32 - ml4cascades.lammps.process - INFO - Starting the 13th trajectory in folder 13...
2026-03-09 12:32 - ml4cascades.lammps.process - INFO - Starting the 14th trajectory in folder 14...
2026-03-09 12:32 - ml4cascades.lammps.process - INFO - Starting the 15th trajectory in folder 15...
2026-03-09 12:33 - ml4cascades.lammps.process - INFO - Starting the 16th trajectory in folder 16...
2026-03-09 12:33 - ml4cascades.lammps.process - INFO - Starting the 17th trajectory in folder 17...
2026-03-09 12:34 - ml4cascades.lammps.process - INFO - Starting the 18th trajectory in folder 18...
2026-03-09 12:34 - ml4cascades.lammps.process - INFO - Starting the 19th trajectory in folder 19...
2026-03-09 12:34 - ml4cascades.lammps.process - INFO - Starting the 20th trajectory in folder 20...
2026-03-09 12:35 - ml4cascades.lammps.process - INFO - Starting the 21th trajectory in folder 21...
2026-03-09 12:35 - ml4cascades.lammps.process - INFO - Starting the 22th trajectory in folder 22...
2026-03-09 12:36 - ml4cascades.lammps.process - INFO - Starting the 23th trajectory in folder 23...
2026-03-09 12:36 - ml4cascades.lammps.process - INFO - Starting the 24th trajectory in folder 24...
2026-03-09 12:36 - ml4cascades.lammps.process - INFO - Starting the 25th trajectory in folder 25...
2026-03-09 12:37 - ml4cascades.lammps.process - INFO - Starting the 26th trajectory in folder 26...
2026-03-09 12:37 - ml4cascades.lammps.process - INFO - Starting the 27th trajectory in folder 27...
2026-03-09 12:38 - ml4cascades.lammps.process - INFO - Starting the 28th trajectory in folder 28...
2026-03-09 12:38 - ml4cascades.lammps.process - INFO - Starting the 29th trajectory in folder 29...
2026-03-09 12:38 - ml4cascades.lammps.process - INFO - Starting the 30th trajectory in folder 30...


2026-03-09 15:46 - ml4cascades.lammps.process - INFO - #------------Liquid atom analysis, PKA_kin_eng: 1000 eV------------#
2026-03-09 15:46 - ml4cascades.lammps.process - INFO - Starting the 1th trajectory in folder 1...
2026-03-09 15:46 - ml4cascades.lammps.process - INFO - liquid.txt already exists in folder 1, skipping liquid atom analysis for this trajectory. Reading...
2026-03-09 15:46 - ml4cascades.lammps.process - WARNING - Time array length in folder 1: 722 frames are read.
2026-03-09 15:46 - ml4cascades.lammps.process - INFO - Starting the 2th trajectory in folder 2...
2026-03-09 15:46 - ml4cascades.lammps.process - INFO - liquid.txt already exists in folder 2, skipping liquid atom analysis for this trajectory. Reading...
2026-03-09 15:46 - ml4cascades.lammps.process - WARNING - Time array length in folder 2: 723 frames are read.
2026-03-09 15:46 - ml4cascades.lammps.process - INFO - Starting the 3th trajectory in folder 3...
2026-03-09 15:46 - ml4cascades.lammps.process - INFO - liquid.txt already exists in folder 3, skipping liquid atom analysis for this trajectory. Reading...
2026-03-09 15:46 - ml4cascades.lammps.process - WARNING - Time array length in folder 3: 726 frames are read.
2026-03-09 15:46 - ml4cascades.lammps.process - INFO - Starting the 4th trajectory in folder 4...
2026-03-09 15:46 - ml4cascades.lammps.process - INFO - liquid.txt already exists in folder 4, skipping liquid atom analysis for this trajectory. Reading...
2026-03-09 15:46 - ml4cascades.lammps.process - WARNING - Time array length in folder 4: 720 frames are read.
2026-03-09 15:46 - ml4cascades.lammps.process - INFO - Starting the 5th trajectory in folder 5...
2026-03-09 15:46 - ml4cascades.lammps.process - INFO - liquid.txt already exists in folder 5, skipping liquid atom analysis for this trajectory. Reading...
2026-03-09 15:46 - ml4cascades.lammps.process - WARNING - Time array length in folder 5: 725 frames are read.
2026-03-09 15:46 - ml4cascades.lammps.process - INFO - Starting the 6th trajectory in folder 6...
2026-03-09 15:46 - ml4cascades.lammps.process - INFO - liquid.txt already exists in folder 6, skipping liquid atom analysis for this trajectory. Reading...
2026-03-09 15:46 - ml4cascades.lammps.process - WARNING - Time array length in folder 6: 721 frames are read.
2026-03-09 15:46 - ml4cascades.lammps.process - INFO - Starting the 7th trajectory in folder 7...
2026-03-09 15:46 - ml4cascades.lammps.process - INFO - liquid.txt already exists in folder 7, skipping liquid atom analysis for this trajectory. Reading...
2026-03-09 15:46 - ml4cascades.lammps.process - WARNING - Time array length in folder 7: 725 frames are read.
2026-03-09 15:46 - ml4cascades.lammps.process - INFO - Starting the 8th trajectory in folder 8...
2026-03-09 15:46 - ml4cascades.lammps.process - INFO - liquid.txt already exists in folder 8, skipping liquid atom analysis for this trajectory. Reading...
2026-03-09 15:46 - ml4cascades.lammps.process - WARNING - Time array length in folder 8: 724 frames are read.
2026-03-09 15:46 - ml4cascades.lammps.process - INFO - Starting the 9th trajectory in folder 9...
2026-03-09 15:46 - ml4cascades.lammps.process - INFO - liquid.txt already exists in folder 9, skipping liquid atom analysis for this trajectory. Reading...
2026-03-09 15:46 - ml4cascades.lammps.process - WARNING - Time array length in folder 9: 732 frames are read.
2026-03-09 15:46 - ml4cascades.lammps.process - INFO - Starting the 10th trajectory in folder 10...
2026-03-09 15:46 - ml4cascades.lammps.process - INFO - liquid.txt already exists in folder 10, skipping liquid atom analysis for this trajectory. Reading...
2026-03-09 15:46 - ml4cascades.lammps.process - WARNING - Time array length in folder 10: 735 frames are read.
2026-03-09 15:46 - ml4cascades.lammps.process - INFO - Starting the 11th trajectory in folder 11...
2026-03-09 15:46 - ml4cascades.lammps.process - INFO - liquid.txt already exists in folder 11, skipping liquid atom analysis for this trajectory. Reading...
2026-03-09 15:46 - ml4cascades.lammps.process - WARNING - Time array length in folder 11: 727 frames are read.
2026-03-09 15:46 - ml4cascades.lammps.process - INFO - Starting the 12th trajectory in folder 12...
2026-03-09 15:46 - ml4cascades.lammps.process - INFO - liquid.txt already exists in folder 12, skipping liquid atom analysis for this trajectory. Reading...
2026-03-09 15:46 - ml4cascades.lammps.process - WARNING - Time array length in folder 12: 727 frames are read.
2026-03-09 15:46 - ml4cascades.lammps.process - INFO - Starting the 13th trajectory in folder 13...
2026-03-09 15:46 - ml4cascades.lammps.process - INFO - liquid.txt already exists in folder 13, skipping liquid atom analysis for this trajectory. Reading...
2026-03-09 15:46 - ml4cascades.lammps.process - WARNING - Time array length in folder 13: 727 frames are read.
2026-03-09 15:46 - ml4cascades.lammps.process - INFO - Starting the 14th trajectory in folder 14...
2026-03-09 15:46 - ml4cascades.lammps.process - INFO - liquid.txt already exists in folder 14, skipping liquid atom analysis for this trajectory. Reading...
2026-03-09 15:46 - ml4cascades.lammps.process - WARNING - Time array length in folder 14: 728 frames are read.
2026-03-09 15:46 - ml4cascades.lammps.process - INFO - Starting the 15th trajectory in folder 15...
2026-03-09 15:46 - ml4cascades.lammps.process - INFO - liquid.txt already exists in folder 15, skipping liquid atom analysis for this trajectory. Reading...
2026-03-09 15:46 - ml4cascades.lammps.process - WARNING - Time array length in folder 15: 726 frames are read.
2026-03-09 15:46 - ml4cascades.lammps.process - INFO - Starting the 16th trajectory in folder 16...
2026-03-09 15:46 - ml4cascades.lammps.process - INFO - liquid.txt already exists in folder 16, skipping liquid atom analysis for this trajectory. Reading...
2026-03-09 15:46 - ml4cascades.lammps.process - WARNING - Time array length in folder 16: 720 frames are read.
2026-03-09 15:46 - ml4cascades.lammps.process - INFO - Starting the 17th trajectory in folder 17...
2026-03-09 15:46 - ml4cascades.lammps.process - INFO - liquid.txt already exists in folder 17, skipping liquid atom analysis for this trajectory. Reading...
2026-03-09 15:46 - ml4cascades.lammps.process - WARNING - Time array length in folder 17: 722 frames are read.
2026-03-09 15:46 - ml4cascades.lammps.process - INFO - Starting the 18th trajectory in folder 18...
2026-03-09 15:46 - ml4cascades.lammps.process - INFO - liquid.txt already exists in folder 18, skipping liquid atom analysis for this trajectory. Reading...
2026-03-09 15:46 - ml4cascades.lammps.process - WARNING - Time array length in folder 18: 725 frames are read.
2026-03-09 15:46 - ml4cascades.lammps.process - INFO - Starting the 19th trajectory in folder 19...
2026-03-09 15:46 - ml4cascades.lammps.process - INFO - Starting the 20th trajectory in folder 20...
2026-03-09 15:47 - ml4cascades.lammps.process - INFO - Starting the 21th trajectory in folder 21...
2026-03-09 15:47 - ml4cascades.lammps.process - INFO - Starting the 22th trajectory in folder 22...
2026-03-09 15:48 - ml4cascades.lammps.process - INFO - Starting the 23th trajectory in folder 23...
2026-03-09 15:48 - ml4cascades.lammps.process - INFO - Starting the 24th trajectory in folder 24...
2026-03-09 15:48 - ml4cascades.lammps.process - INFO - Starting the 25th trajectory in folder 25...
2026-03-09 15:49 - ml4cascades.lammps.process - INFO - Starting the 26th trajectory in folder 26...
2026-03-09 15:49 - ml4cascades.lammps.process - INFO - Starting the 27th trajectory in folder 27...
2026-03-09 15:50 - ml4cascades.lammps.process - INFO - Starting the 28th trajectory in folder 28...
2026-03-09 15:50 - ml4cascades.lammps.process - INFO - Starting the 29th trajectory in folder 29...
2026-03-09 15:50 - ml4cascades.lammps.process - INFO - Starting the 30th trajectory in folder 30...
2026-03-09 15:51 - ml4cascades.lammps.process - INFO - #------------ Liquid atom analysis completed. ------------#/n
2026-03-10 09:31 - ml4cascades.lammps.process - INFO - #------------R2 analysis, PKA_kin_eng: 1000 eV------------#
2026-03-10 09:31 - ml4cascades.lammps.process - INFO - Starting the 1th trajectory in folder 1...
2026-03-10 09:32 - ml4cascades.lammps.process - INFO - #------------ Liquid atom analysis completed. ------------#/n
2026-03-10 09:32 - ml4cascades.lammps.process - INFO - #------------R2 analysis, PKA_kin_eng: 1000 eV------------#
2026-03-10 09:32 - ml4cascades.lammps.process - INFO - Starting the 1th trajectory in folder 1...
2026-03-10 09:32 - ml4cascades.lammps.process - INFO - #------------ Liquid atom analysis completed. ------------#/n
2026-03-10 09:49 - ml4cascades.lammps.process - INFO - #------------R2 analysis, PKA_kin_eng: 1000 eV------------#
2026-03-10 09:49 - ml4cascades.lammps.process - INFO - Starting the 1th trajectory in folder 1...
2026-03-10 09:49 - ml4cascades.lammps.process - INFO - Starting the 2th trajectory in folder 2...
2026-03-10 09:49 - ml4cascades.lammps.process - INFO - Starting the 3th trajectory in folder 3...
2026-03-10 09:50 - ml4cascades.lammps.process - INFO - Starting the 4th trajectory in folder 4...
2026-03-10 09:50 - ml4cascades.lammps.process - INFO - Starting the 5th trajectory in folder 5...
2026-03-10 09:51 - ml4cascades.lammps.process - INFO - Starting the 6th trajectory in folder 6...
2026-03-10 09:51 - ml4cascades.lammps.process - INFO - Starting the 7th trajectory in folder 7...
2026-03-10 09:52 - ml4cascades.lammps.process - INFO - Starting the 8th trajectory in folder 8...
2026-03-10 09:52 - ml4cascades.lammps.process - INFO - Starting the 9th trajectory in folder 9...
2026-03-10 09:52 - ml4cascades.lammps.process - INFO - Starting the 10th trajectory in folder 10...
2026-03-10 09:53 - ml4cascades.lammps.process - INFO - Starting the 11th trajectory in folder 11...
2026-03-10 09:53 - ml4cascades.lammps.process - INFO - Starting the 12th trajectory in folder 12...
2026-03-10 09:54 - ml4cascades.lammps.process - INFO - Starting the 13th trajectory in folder 13...
2026-03-10 09:54 - ml4cascades.lammps.process - INFO - Starting the 14th trajectory in folder 14...
2026-03-10 09:55 - ml4cascades.lammps.process - INFO - Starting the 15th trajectory in folder 15...
2026-03-10 09:55 - ml4cascades.lammps.process - INFO - Starting the 16th trajectory in folder 16...
2026-03-10 09:56 - ml4cascades.lammps.process - INFO - Starting the 17th trajectory in folder 17...
2026-03-10 09:56 - ml4cascades.lammps.process - INFO - Starting the 18th trajectory in folder 18...
2026-03-10 09:57 - ml4cascades.lammps.process - INFO - Starting the 19th trajectory in folder 19...
2026-03-10 09:57 - ml4cascades.lammps.process - INFO - Starting the 20th trajectory in folder 20...
2026-03-10 09:57 - ml4cascades.lammps.process - INFO - Starting the 21th trajectory in folder 21...
2026-03-10 09:58 - ml4cascades.lammps.process - INFO - Starting the 22th trajectory in folder 22...
2026-03-10 09:58 - ml4cascades.lammps.process - INFO - Starting the 23th trajectory in folder 23...
2026-03-10 09:59 - ml4cascades.lammps.process - INFO - Starting the 24th trajectory in folder 24...
2026-03-10 09:59 - ml4cascades.lammps.process - INFO - Starting the 25th trajectory in folder 25...
2026-03-10 09:59 - ml4cascades.lammps.process - INFO - Starting the 26th trajectory in folder 26...
2026-03-10 10:00 - ml4cascades.lammps.process - INFO - Starting the 27th trajectory in folder 27...
2026-03-10 10:00 - ml4cascades.lammps.process - INFO - Starting the 28th trajectory in folder 28...
2026-03-10 10:01 - ml4cascades.lammps.process - INFO - Starting the 29th trajectory in folder 29...
2026-03-10 10:01 - ml4cascades.lammps.process - INFO - Starting the 30th trajectory in folder 30...
2026-03-10 10:02 - ml4cascades.lammps.process - INFO - #------------ R2 analysis completed. ------------#/n
2026-03-10 10:02 - ml4cascades.lammps.process - INFO - #------------R2 analysis, PKA_kin_eng: 1000 eV------------#
2026-03-10 10:02 - ml4cascades.lammps.process - INFO - Starting the 1th trajectory in folder 1...
2026-03-10 10:03 - ml4cascades.lammps.process - INFO - Starting the 2th trajectory in folder 2...
2026-03-10 10:03 - ml4cascades.lammps.process - INFO - Starting the 3th trajectory in folder 3...
2026-03-10 10:04 - ml4cascades.lammps.process - INFO - Starting the 4th trajectory in folder 4...
2026-03-10 10:04 - ml4cascades.lammps.process - INFO - Starting the 5th trajectory in folder 5...
2026-03-10 10:04 - ml4cascades.lammps.process - INFO - Starting the 6th trajectory in folder 6...
2026-03-10 10:05 - ml4cascades.lammps.process - INFO - Starting the 7th trajectory in folder 7...
2026-03-10 10:05 - ml4cascades.lammps.process - INFO - Starting the 8th trajectory in folder 8...
2026-03-10 10:06 - ml4cascades.lammps.process - INFO - Starting the 9th trajectory in folder 9...
2026-03-10 10:06 - ml4cascades.lammps.process - INFO - Starting the 10th trajectory in folder 10...
2026-03-10 10:07 - ml4cascades.lammps.process - INFO - Starting the 11th trajectory in folder 11...
2026-03-10 10:07 - ml4cascades.lammps.process - INFO - Starting the 12th trajectory in folder 12...
2026-03-10 10:08 - ml4cascades.lammps.process - INFO - Starting the 13th trajectory in folder 13...
2026-03-10 10:08 - ml4cascades.lammps.process - INFO - Starting the 14th trajectory in folder 14...
2026-03-10 10:09 - ml4cascades.lammps.process - INFO - Starting the 15th trajectory in folder 15...
2026-03-10 10:09 - ml4cascades.lammps.process - INFO - Starting the 16th trajectory in folder 16...
2026-03-10 10:10 - ml4cascades.lammps.process - INFO - Starting the 17th trajectory in folder 17...
2026-03-10 10:10 - ml4cascades.lammps.process - INFO - Starting the 18th trajectory in folder 18...
2026-03-10 10:10 - ml4cascades.lammps.process - INFO - Starting the 19th trajectory in folder 19...
2026-03-10 10:11 - ml4cascades.lammps.process - INFO - Starting the 20th trajectory in folder 20...
2026-03-10 10:11 - ml4cascades.lammps.process - INFO - Starting the 21th trajectory in folder 21...
2026-03-10 10:12 - ml4cascades.lammps.process - INFO - Starting the 22th trajectory in folder 22...
2026-03-10 10:12 - ml4cascades.lammps.process - INFO - Starting the 23th trajectory in folder 23...
2026-03-10 10:13 - ml4cascades.lammps.process - INFO - Starting the 24th trajectory in folder 24...
2026-03-10 10:13 - ml4cascades.lammps.process - INFO - Starting the 25th trajectory in folder 25...
2026-03-10 10:13 - ml4cascades.lammps.process - INFO - Starting the 26th trajectory in folder 26...
2026-03-10 10:14 - ml4cascades.lammps.process - INFO - Starting the 27th trajectory in folder 27...
2026-03-10 10:14 - ml4cascades.lammps.process - INFO - Starting the 28th trajectory in folder 28...
2026-03-10 10:15 - ml4cascades.lammps.process - INFO - Starting the 29th trajectory in folder 29...
2026-03-10 10:15 - ml4cascades.lammps.process - INFO - Starting the 30th trajectory in folder 30...
2026-03-10 10:16 - ml4cascades.lammps.process - INFO - #------------ R2 analysis completed. ------------#/n
2026-03-10 11:37 - ml4cascades.lammps.process - INFO - #------------Cluster analysis, PKA_kin_eng: 1000 eV, cutoff: 8.1 Å------------#
2026-03-10 11:37 - ml4cascades.lammps.process - INFO - Starting the 1th trajectory in folder 1...
2026-03-10 11:37 - ml4cascades.lammps.process - INFO - Starting the 2th trajectory in folder 2...
2026-03-10 11:37 - ml4cascades.lammps.process - INFO - Starting the 3th trajectory in folder 3...
2026-03-10 11:37 - ml4cascades.lammps.process - INFO - Starting the 4th trajectory in folder 4...
2026-03-10 11:37 - ml4cascades.lammps.process - INFO - Starting the 5th trajectory in folder 5...
2026-03-10 11:37 - ml4cascades.lammps.process - INFO - Starting the 6th trajectory in folder 6...
2026-03-10 11:37 - ml4cascades.lammps.process - INFO - Starting the 7th trajectory in folder 7...
2026-03-10 11:37 - ml4cascades.lammps.process - INFO - Starting the 8th trajectory in folder 8...
2026-03-10 11:37 - ml4cascades.lammps.process - INFO - Starting the 9th trajectory in folder 9...
2026-03-10 11:37 - ml4cascades.lammps.process - INFO - Starting the 10th trajectory in folder 10...
2026-03-10 11:38 - ml4cascades.lammps.process - INFO - Starting the 11th trajectory in folder 11...
2026-03-10 11:38 - ml4cascades.lammps.process - INFO - Starting the 12th trajectory in folder 12...
2026-03-10 11:38 - ml4cascades.lammps.process - INFO - Starting the 13th trajectory in folder 13...
2026-03-10 11:38 - ml4cascades.lammps.process - INFO - Starting the 14th trajectory in folder 14...
2026-03-10 11:38 - ml4cascades.lammps.process - INFO - Starting the 15th trajectory in folder 15...
2026-03-10 11:38 - ml4cascades.lammps.process - INFO - Starting the 16th trajectory in folder 16...
2026-03-10 11:38 - ml4cascades.lammps.process - INFO - Starting the 17th trajectory in folder 17...
2026-03-10 11:38 - ml4cascades.lammps.process - INFO - Starting the 18th trajectory in folder 18...
2026-03-10 11:38 - ml4cascades.lammps.process - INFO - Starting the 19th trajectory in folder 19...
2026-03-10 11:38 - ml4cascades.lammps.process - INFO - Starting the 20th trajectory in folder 20...
2026-03-10 11:38 - ml4cascades.lammps.process - INFO - Starting the 21th trajectory in folder 21...
2026-03-10 11:38 - ml4cascades.lammps.process - INFO - Starting the 22th trajectory in folder 22...
2026-03-10 11:39 - ml4cascades.lammps.process - INFO - Starting the 23th trajectory in folder 23...
2026-03-10 11:39 - ml4cascades.lammps.process - INFO - Starting the 24th trajectory in folder 24...
2026-03-10 11:39 - ml4cascades.lammps.process - INFO - Starting the 25th trajectory in folder 25...
2026-03-10 11:39 - ml4cascades.lammps.process - INFO - Starting the 26th trajectory in folder 26...
2026-03-10 11:39 - ml4cascades.lammps.process - INFO - Starting the 27th trajectory in folder 27...
2026-03-10 11:39 - ml4cascades.lammps.process - INFO - Starting the 28th trajectory in folder 28...
2026-03-10 11:39 - ml4cascades.lammps.process - INFO - Starting the 29th trajectory in folder 29...
2026-03-10 11:39 - ml4cascades.lammps.process - INFO - Starting the 30th trajectory in folder 30...
2026-03-10 11:39 - ml4cascades.lammps.process - INFO - #------------ Cluster analysis completed. ------------#

2026-03-10 11:40 - ml4cascades.lammps.process - INFO - #------------Cluster analysis, PKA_kin_eng: 1000 eV, cutoff: 8.1 Å------------#
2026-03-10 11:40 - ml4cascades.lammps.process - INFO - Starting the 1th trajectory in folder 1...
2026-03-10 11:40 - ml4cascades.lammps.process - INFO - Starting the 2th trajectory in folder 2...
2026-03-10 11:40 - ml4cascades.lammps.process - INFO - Starting the 3th trajectory in folder 3...
2026-03-10 11:40 - ml4cascades.lammps.process - INFO - Starting the 4th trajectory in folder 4...
2026-03-10 11:40 - ml4cascades.lammps.process - INFO - Starting the 5th trajectory in folder 5...
2026-03-10 11:40 - ml4cascades.lammps.process - INFO - Starting the 6th trajectory in folder 6...
2026-03-10 11:40 - ml4cascades.lammps.process - INFO - Starting the 7th trajectory in folder 7...
2026-03-10 11:40 - ml4cascades.lammps.process - INFO - Starting the 8th trajectory in folder 8...
2026-03-10 11:40 - ml4cascades.lammps.process - INFO - Starting the 9th trajectory in folder 9...
2026-03-10 11:40 - ml4cascades.lammps.process - INFO - Starting the 10th trajectory in folder 10...
2026-03-10 11:40 - ml4cascades.lammps.process - INFO - Starting the 11th trajectory in folder 11...
2026-03-10 11:40 - ml4cascades.lammps.process - INFO - Starting the 12th trajectory in folder 12...
2026-03-10 11:41 - ml4cascades.lammps.process - INFO - Starting the 13th trajectory in folder 13...
2026-03-10 11:41 - ml4cascades.lammps.process - INFO - Starting the 14th trajectory in folder 14...
2026-03-10 11:41 - ml4cascades.lammps.process - INFO - Starting the 15th trajectory in folder 15...
2026-03-10 11:41 - ml4cascades.lammps.process - INFO - Starting the 16th trajectory in folder 16...
2026-03-10 11:41 - ml4cascades.lammps.process - INFO - Starting the 17th trajectory in folder 17...
2026-03-10 11:41 - ml4cascades.lammps.process - INFO - Starting the 18th trajectory in folder 18...
2026-03-10 11:41 - ml4cascades.lammps.process - INFO - Starting the 19th trajectory in folder 19...
2026-03-10 11:41 - ml4cascades.lammps.process - INFO - Starting the 20th trajectory in folder 20...
2026-03-10 11:41 - ml4cascades.lammps.process - INFO - Starting the 21th trajectory in folder 21...
2026-03-10 11:41 - ml4cascades.lammps.process - INFO - Starting the 22th trajectory in folder 22...
2026-03-10 11:41 - ml4cascades.lammps.process - INFO - Starting the 23th trajectory in folder 23...
2026-03-10 11:41 - ml4cascades.lammps.process - INFO - Starting the 24th trajectory in folder 24...
2026-03-10 11:41 - ml4cascades.lammps.process - INFO - Starting the 25th trajectory in folder 25...
2026-03-10 11:41 - ml4cascades.lammps.process - INFO - Starting the 26th trajectory in folder 26...
2026-03-10 11:41 - ml4cascades.lammps.process - INFO - Starting the 27th trajectory in folder 27...
2026-03-10 11:41 - ml4cascades.lammps.process - INFO - Starting the 28th trajectory in folder 28...
2026-03-10 11:42 - ml4cascades.lammps.process - INFO - Starting the 29th trajectory in folder 29...
2026-03-10 11:42 - ml4cascades.lammps.process - INFO - Starting the 30th trajectory in folder 30...
2026-03-10 11:42 - ml4cascades.lammps.process - INFO - #------------ Cluster analysis completed. ------------#

2026-03-10 16:41 - ml4cascades.lammps.process - INFO - #------------Cluster analysis, PKA_kin_eng: 2000 eV, cutoff: 8.1 Å------------#
2026-03-10 16:41 - ml4cascades.lammps.process - INFO - Skipping trajectory 5 as it is in the exclude list.
2026-03-10 16:41 - ml4cascades.lammps.process - INFO - Skipping trajectory 22 as it is in the exclude list.
2026-03-10 16:41 - ml4cascades.lammps.process - INFO - Starting the 1th trajectory in folder 1...
2026-03-10 16:41 - ml4cascades.lammps.process - INFO - Starting the 2th trajectory in folder 2...
2026-03-10 16:41 - ml4cascades.lammps.process - INFO - Starting the 3th trajectory in folder 3...
2026-03-10 16:41 - ml4cascades.lammps.process - INFO - Starting the 4th trajectory in folder 4...
2026-03-10 16:42 - ml4cascades.lammps.process - INFO - Starting the 5th trajectory in folder 6...
2026-03-10 16:42 - ml4cascades.lammps.process - INFO - Starting the 6th trajectory in folder 7...
2026-03-10 16:42 - ml4cascades.lammps.process - INFO - Starting the 7th trajectory in folder 8...
2026-03-10 16:42 - ml4cascades.lammps.process - INFO - Starting the 8th trajectory in folder 9...
2026-03-10 16:42 - ml4cascades.lammps.process - INFO - Starting the 9th trajectory in folder 10...
2026-03-10 16:42 - ml4cascades.lammps.process - INFO - Starting the 10th trajectory in folder 11...
2026-03-10 16:42 - ml4cascades.lammps.process - INFO - Starting the 11th trajectory in folder 12...
2026-03-10 16:43 - ml4cascades.lammps.process - INFO - Starting the 12th trajectory in folder 13...
2026-03-10 16:43 - ml4cascades.lammps.process - INFO - Starting the 13th trajectory in folder 14...
2026-03-10 16:43 - ml4cascades.lammps.process - INFO - Starting the 14th trajectory in folder 15...
2026-03-10 16:43 - ml4cascades.lammps.process - INFO - Starting the 15th trajectory in folder 16...
2026-03-10 16:43 - ml4cascades.lammps.process - INFO - Starting the 16th trajectory in folder 17...
2026-03-10 16:43 - ml4cascades.lammps.process - INFO - Starting the 17th trajectory in folder 18...
2026-03-10 16:43 - ml4cascades.lammps.process - INFO - Starting the 18th trajectory in folder 19...
2026-03-10 16:43 - ml4cascades.lammps.process - INFO - Starting the 19th trajectory in folder 20...
2026-03-10 16:43 - ml4cascades.lammps.process - INFO - Starting the 20th trajectory in folder 21...
2026-03-10 16:44 - ml4cascades.lammps.process - INFO - Starting the 21th trajectory in folder 23...
2026-03-10 16:44 - ml4cascades.lammps.process - INFO - Starting the 22th trajectory in folder 24...
2026-03-10 16:44 - ml4cascades.lammps.process - INFO - Starting the 23th trajectory in folder 25...
2026-03-10 16:44 - ml4cascades.lammps.process - INFO - Starting the 24th trajectory in folder 26...
2026-03-10 16:44 - ml4cascades.lammps.process - INFO - Starting the 25th trajectory in folder 27...
2026-03-10 16:44 - ml4cascades.lammps.process - INFO - Starting the 26th trajectory in folder 28...
2026-03-10 16:44 - ml4cascades.lammps.process - INFO - Starting the 27th trajectory in folder 29...
2026-03-10 16:44 - ml4cascades.lammps.process - INFO - Starting the 28th trajectory in folder 30...
2026-03-10 16:44 - ml4cascades.lammps.process - INFO - Starting the 29th trajectory in folder 31...
2026-03-10 16:44 - ml4cascades.lammps.process - INFO - Starting the 30th trajectory in folder 32...
2026-03-10 16:45 - ml4cascades.lammps.process - INFO - Starting the 31th trajectory in folder 33...
2026-03-10 16:45 - ml4cascades.lammps.process - INFO - Starting the 32th trajectory in folder 34...
2026-03-10 16:45 - ml4cascades.lammps.process - INFO - Starting the 33th trajectory in folder 35...
2026-03-10 16:45 - ml4cascades.lammps.process - INFO - #------------ Cluster analysis completed. ------------#

2026-03-10 16:45 - ml4cascades.lammps.process - INFO - #------------Cluster analysis, PKA_kin_eng: 2000 eV, cutoff: 8.1 Å------------#
2026-03-10 16:45 - ml4cascades.lammps.process - INFO - Skipping trajectory 22 as it is in the exclude list.
2026-03-10 16:45 - ml4cascades.lammps.process - INFO - Starting the 1th trajectory in folder 1...
2026-03-10 16:45 - ml4cascades.lammps.process - INFO - Starting the 2th trajectory in folder 2...
2026-03-10 16:45 - ml4cascades.lammps.process - INFO - Starting the 3th trajectory in folder 3...
2026-03-10 16:46 - ml4cascades.lammps.process - INFO - Starting the 4th trajectory in folder 4...
2026-03-10 16:46 - ml4cascades.lammps.process - INFO - Starting the 5th trajectory in folder 5...
2026-03-10 16:46 - ml4cascades.lammps.process - INFO - Starting the 6th trajectory in folder 6...
2026-03-10 16:46 - ml4cascades.lammps.process - INFO - Starting the 7th trajectory in folder 7...
2026-03-10 16:46 - ml4cascades.lammps.process - INFO - Starting the 8th trajectory in folder 8...
2026-03-10 16:46 - ml4cascades.lammps.process - INFO - Starting the 9th trajectory in folder 9...
2026-03-10 16:46 - ml4cascades.lammps.process - INFO - Starting the 10th trajectory in folder 10...
2026-03-10 16:46 - ml4cascades.lammps.process - INFO - Starting the 11th trajectory in folder 11...
2026-03-10 16:46 - ml4cascades.lammps.process - INFO - Starting the 12th trajectory in folder 12...
2026-03-10 16:46 - ml4cascades.lammps.process - INFO - Starting the 13th trajectory in folder 13...
2026-03-10 16:46 - ml4cascades.lammps.process - INFO - Starting the 14th trajectory in folder 14...
2026-03-10 16:46 - ml4cascades.lammps.process - INFO - Starting the 15th trajectory in folder 15...
2026-03-10 16:46 - ml4cascades.lammps.process - INFO - Starting the 16th trajectory in folder 16...
2026-03-10 16:46 - ml4cascades.lammps.process - INFO - Starting the 17th trajectory in folder 17...
2026-03-10 16:46 - ml4cascades.lammps.process - INFO - Starting the 18th trajectory in folder 18...
2026-03-10 16:46 - ml4cascades.lammps.process - INFO - Starting the 19th trajectory in folder 19...
2026-03-10 16:46 - ml4cascades.lammps.process - INFO - Starting the 20th trajectory in folder 20...
2026-03-10 16:46 - ml4cascades.lammps.process - INFO - Starting the 21th trajectory in folder 21...
2026-03-10 16:46 - ml4cascades.lammps.process - INFO - Starting the 22th trajectory in folder 23...
2026-03-10 16:47 - ml4cascades.lammps.process - INFO - Starting the 23th trajectory in folder 24...
2026-03-10 16:47 - ml4cascades.lammps.process - INFO - Starting the 24th trajectory in folder 25...
2026-03-10 16:47 - ml4cascades.lammps.process - INFO - Starting the 25th trajectory in folder 26...
2026-03-10 16:47 - ml4cascades.lammps.process - INFO - Starting the 26th trajectory in folder 27...
2026-03-10 16:47 - ml4cascades.lammps.process - INFO - Starting the 27th trajectory in folder 28...
2026-03-10 16:47 - ml4cascades.lammps.process - INFO - Starting the 28th trajectory in folder 29...
2026-03-10 16:47 - ml4cascades.lammps.process - INFO - Starting the 29th trajectory in folder 30...
2026-03-10 16:47 - ml4cascades.lammps.process - INFO - Starting the 30th trajectory in folder 31...
2026-03-10 16:47 - ml4cascades.lammps.process - INFO - Starting the 31th trajectory in folder 32...
2026-03-10 16:47 - ml4cascades.lammps.process - INFO - Starting the 32th trajectory in folder 33...
2026-03-10 16:47 - ml4cascades.lammps.process - INFO - Starting the 33th trajectory in folder 34...
2026-03-10 16:47 - ml4cascades.lammps.process - INFO - Starting the 34th trajectory in folder 35...
2026-03-10 16:47 - ml4cascades.lammps.process - INFO - #------------ Cluster analysis completed. ------------#

2026-03-10 16:56 - ml4cascades.lammps.process - INFO - #------------Defect analysis, PKA_kin_eng: 2000 eV------------#
2026-03-10 16:56 - ml4cascades.lammps.process - INFO - Skipping trajectory 5 as it is in the exclude list.
2026-03-10 16:56 - ml4cascades.lammps.process - INFO - Skipping trajectory 22 as it is in the exclude list.
2026-03-10 16:56 - ml4cascades.lammps.process - INFO - Starting the 1th trajectory in folder 1...
2026-03-10 17:00 - ml4cascades.lammps.process - INFO - Starting the 2th trajectory in folder 2...
2026-03-10 17:03 - ml4cascades.lammps.process - INFO - Starting the 3th trajectory in folder 3...
2026-03-10 17:06 - ml4cascades.lammps.process - INFO - Starting the 4th trajectory in folder 4...
2026-03-10 17:10 - ml4cascades.lammps.process - INFO - Starting the 5th trajectory in folder 6...
2026-03-10 17:13 - ml4cascades.lammps.process - INFO - Starting the 6th trajectory in folder 7...
2026-03-10 17:16 - ml4cascades.lammps.process - INFO - Starting the 7th trajectory in folder 8...
2026-03-10 17:20 - ml4cascades.lammps.process - INFO - Starting the 8th trajectory in folder 9...
2026-03-10 17:23 - ml4cascades.lammps.process - INFO - Starting the 9th trajectory in folder 10...
2026-03-10 17:27 - ml4cascades.lammps.process - INFO - Starting the 10th trajectory in folder 11...
2026-03-10 17:30 - ml4cascades.lammps.process - INFO - Starting the 11th trajectory in folder 12...
2026-03-10 17:33 - ml4cascades.lammps.process - INFO - Starting the 12th trajectory in folder 13...
2026-03-10 17:37 - ml4cascades.lammps.process - INFO - Starting the 13th trajectory in folder 14...
2026-03-10 17:40 - ml4cascades.lammps.process - INFO - Starting the 14th trajectory in folder 15...
2026-03-10 17:44 - ml4cascades.lammps.process - INFO - Starting the 15th trajectory in folder 16...
2026-03-10 17:47 - ml4cascades.lammps.process - INFO - Starting the 16th trajectory in folder 17...
2026-03-10 17:50 - ml4cascades.lammps.process - INFO - Starting the 17th trajectory in folder 18...
2026-03-10 17:54 - ml4cascades.lammps.process - INFO - Starting the 18th trajectory in folder 19...
2026-03-10 17:57 - ml4cascades.lammps.process - INFO - Starting the 19th trajectory in folder 20...
2026-03-10 18:00 - ml4cascades.lammps.process - INFO - Starting the 20th trajectory in folder 21...
2026-03-10 18:04 - ml4cascades.lammps.process - INFO - Starting the 21th trajectory in folder 23...
2026-03-10 18:07 - ml4cascades.lammps.process - INFO - Starting the 22th trajectory in folder 24...
2026-03-10 18:10 - ml4cascades.lammps.process - INFO - Starting the 23th trajectory in folder 25...
2026-03-10 18:14 - ml4cascades.lammps.process - INFO - Starting the 24th trajectory in folder 26...
2026-03-10 18:17 - ml4cascades.lammps.process - INFO - Starting the 25th trajectory in folder 27...
2026-03-10 18:20 - ml4cascades.lammps.process - INFO - Starting the 26th trajectory in folder 28...
2026-03-10 18:24 - ml4cascades.lammps.process - INFO - Starting the 27th trajectory in folder 29...
2026-03-10 18:28 - ml4cascades.lammps.process - INFO - Starting the 28th trajectory in folder 30...
2026-03-10 18:31 - ml4cascades.lammps.process - INFO - Starting the 29th trajectory in folder 31...
2026-03-10 18:34 - ml4cascades.lammps.process - INFO - Starting the 30th trajectory in folder 32...
2026-03-10 18:38 - ml4cascades.lammps.process - INFO - Starting the 31th trajectory in folder 33...
2026-03-10 18:41 - ml4cascades.lammps.process - INFO - Starting the 32th trajectory in folder 34...
2026-03-10 18:45 - ml4cascades.lammps.process - INFO - Starting the 33th trajectory in folder 35...
2026-03-10 18:48 - ml4cascades.lammps.process - INFO - #------------ Defect analysis completed. ------------#

2026-03-10 20:20 - ml4cascades.lammps.process - INFO - #------------Defect analysis, PKA_kin_eng: 2000 eV------------#
2026-03-10 20:20 - ml4cascades.lammps.process - INFO - Skipping trajectory 22 as it is in the exclude list.
2026-03-10 20:20 - ml4cascades.lammps.process - INFO - Starting the 1th trajectory in folder 1...
2026-03-10 20:21 - ml4cascades.lammps.process - INFO - Starting the 2th trajectory in folder 2...
2026-03-10 20:22 - ml4cascades.lammps.process - INFO - Starting the 3th trajectory in folder 3...
2026-03-10 20:24 - ml4cascades.lammps.process - INFO - Starting the 4th trajectory in folder 4...
2026-03-10 20:25 - ml4cascades.lammps.process - INFO - Starting the 5th trajectory in folder 5...
2026-03-10 20:26 - ml4cascades.lammps.process - INFO - Starting the 6th trajectory in folder 6...
2026-03-10 20:27 - ml4cascades.lammps.process - INFO - Starting the 7th trajectory in folder 7...
2026-03-10 20:28 - ml4cascades.lammps.process - INFO - Starting the 8th trajectory in folder 8...
2026-03-10 20:29 - ml4cascades.lammps.process - INFO - Starting the 9th trajectory in folder 9...
2026-03-10 20:30 - ml4cascades.lammps.process - INFO - Starting the 10th trajectory in folder 10...
2026-03-10 20:31 - ml4cascades.lammps.process - INFO - Starting the 11th trajectory in folder 11...
2026-03-10 20:33 - ml4cascades.lammps.process - INFO - Starting the 12th trajectory in folder 12...
2026-03-10 20:34 - ml4cascades.lammps.process - INFO - Starting the 13th trajectory in folder 13...
2026-03-10 20:35 - ml4cascades.lammps.process - INFO - Starting the 14th trajectory in folder 14...
2026-03-10 20:36 - ml4cascades.lammps.process - INFO - Starting the 15th trajectory in folder 15...
2026-03-10 20:37 - ml4cascades.lammps.process - INFO - Starting the 16th trajectory in folder 16...
2026-03-10 20:38 - ml4cascades.lammps.process - INFO - Starting the 17th trajectory in folder 17...
2026-03-10 20:39 - ml4cascades.lammps.process - INFO - Starting the 18th trajectory in folder 18...
2026-03-10 20:41 - ml4cascades.lammps.process - INFO - Starting the 19th trajectory in folder 19...
2026-03-10 20:42 - ml4cascades.lammps.process - INFO - Starting the 20th trajectory in folder 20...
2026-03-10 20:43 - ml4cascades.lammps.process - INFO - Starting the 21th trajectory in folder 21...
2026-03-10 20:44 - ml4cascades.lammps.process - INFO - Starting the 22th trajectory in folder 23...
2026-03-10 20:45 - ml4cascades.lammps.process - INFO - Starting the 23th trajectory in folder 24...
2026-03-10 20:46 - ml4cascades.lammps.process - INFO - Starting the 24th trajectory in folder 25...
2026-03-10 20:47 - ml4cascades.lammps.process - INFO - Starting the 25th trajectory in folder 26...
2026-03-10 20:48 - ml4cascades.lammps.process - INFO - Starting the 26th trajectory in folder 27...
2026-03-10 20:49 - ml4cascades.lammps.process - INFO - Starting the 27th trajectory in folder 28...
2026-03-10 20:51 - ml4cascades.lammps.process - INFO - Starting the 28th trajectory in folder 29...
2026-03-10 20:52 - ml4cascades.lammps.process - INFO - Starting the 29th trajectory in folder 30...
2026-03-10 20:53 - ml4cascades.lammps.process - INFO - Starting the 30th trajectory in folder 31...
2026-03-10 20:54 - ml4cascades.lammps.process - INFO - Starting the 31th trajectory in folder 32...
2026-03-10 20:55 - ml4cascades.lammps.process - INFO - Starting the 32th trajectory in folder 33...
2026-03-10 20:56 - ml4cascades.lammps.process - INFO - Starting the 33th trajectory in folder 34...
2026-03-10 20:57 - ml4cascades.lammps.process - INFO - Starting the 34th trajectory in folder 35...
2026-03-10 20:58 - ml4cascades.lammps.process - INFO - #------------ Defect analysis completed. ------------#

2026-03-11 09:40 - ml4cascades.lammps.process - INFO - #------------Liquid atom analysis, PKA_kin_eng: 2000 eV------------#
2026-03-11 09:40 - ml4cascades.lammps.process - INFO - Skipping trajectory 5 as it is in the exclude list.
2026-03-11 09:40 - ml4cascades.lammps.process - INFO - Skipping trajectory 22 as it is in the exclude list.
2026-03-11 09:40 - ml4cascades.lammps.process - INFO - Starting the 1th trajectory in folder 1...
2026-03-11 09:40 - ml4cascades.lammps.process - INFO - Starting the 2th trajectory in folder 2...
2026-03-11 09:41 - ml4cascades.lammps.process - INFO - Starting the 3th trajectory in folder 3...
2026-03-11 09:42 - ml4cascades.lammps.process - INFO - Starting the 4th trajectory in folder 4...
2026-03-11 09:42 - ml4cascades.lammps.process - INFO - Starting the 5th trajectory in folder 6...
2026-03-11 09:43 - ml4cascades.lammps.process - INFO - Starting the 6th trajectory in folder 7...
2026-03-11 09:44 - ml4cascades.lammps.process - INFO - Starting the 7th trajectory in folder 8...
2026-03-11 09:44 - ml4cascades.lammps.process - INFO - Starting the 8th trajectory in folder 9...
2026-03-11 09:45 - ml4cascades.lammps.process - INFO - Starting the 9th trajectory in folder 10...
2026-03-11 09:46 - ml4cascades.lammps.process - INFO - Starting the 10th trajectory in folder 11...
2026-03-11 09:46 - ml4cascades.lammps.process - INFO - Starting the 11th trajectory in folder 12...
2026-03-11 09:47 - ml4cascades.lammps.process - INFO - Starting the 12th trajectory in folder 13...
2026-03-11 09:48 - ml4cascades.lammps.process - INFO - Starting the 13th trajectory in folder 14...
2026-03-11 09:48 - ml4cascades.lammps.process - INFO - Starting the 14th trajectory in folder 15...
2026-03-11 09:49 - ml4cascades.lammps.process - INFO - Starting the 15th trajectory in folder 16...
2026-03-11 09:50 - ml4cascades.lammps.process - INFO - Starting the 16th trajectory in folder 17...
2026-03-11 09:50 - ml4cascades.lammps.process - INFO - Starting the 17th trajectory in folder 18...
2026-03-11 09:51 - ml4cascades.lammps.process - INFO - Starting the 18th trajectory in folder 19...
2026-03-11 09:52 - ml4cascades.lammps.process - INFO - Starting the 19th trajectory in folder 20...
2026-03-11 09:52 - ml4cascades.lammps.process - INFO - Starting the 20th trajectory in folder 21...
2026-03-11 09:53 - ml4cascades.lammps.process - INFO - Starting the 21th trajectory in folder 23...
2026-03-11 09:54 - ml4cascades.lammps.process - INFO - Starting the 22th trajectory in folder 24...
2026-03-11 09:54 - ml4cascades.lammps.process - INFO - Starting the 23th trajectory in folder 25...
2026-03-11 09:55 - ml4cascades.lammps.process - INFO - Starting the 24th trajectory in folder 26...
2026-03-11 09:56 - ml4cascades.lammps.process - INFO - Starting the 25th trajectory in folder 27...
2026-03-11 09:56 - ml4cascades.lammps.process - INFO - Starting the 26th trajectory in folder 28...
2026-03-11 09:57 - ml4cascades.lammps.process - INFO - Starting the 27th trajectory in folder 29...
2026-03-11 09:58 - ml4cascades.lammps.process - INFO - Starting the 28th trajectory in folder 30...
2026-03-11 09:59 - ml4cascades.lammps.process - INFO - Starting the 29th trajectory in folder 31...
2026-03-11 09:59 - ml4cascades.lammps.process - INFO - Starting the 30th trajectory in folder 32...
2026-03-11 10:00 - ml4cascades.lammps.process - INFO - Starting the 31th trajectory in folder 33...
2026-03-11 10:01 - ml4cascades.lammps.process - INFO - Starting the 32th trajectory in folder 34...
2026-03-11 10:01 - ml4cascades.lammps.process - INFO - Starting the 33th trajectory in folder 35...
2026-03-11 10:02 - ml4cascades.lammps.process - INFO - #------------ Liquid atom analysis completed. ------------#

2026-03-11 10:04 - ml4cascades.lammps.process - INFO - #------------Liquid atom analysis, PKA_kin_eng: 2000 eV------------#
2026-03-11 10:04 - ml4cascades.lammps.process - INFO - Skipping trajectory 22 as it is in the exclude list.
2026-03-11 10:04 - ml4cascades.lammps.process - INFO - Starting the 1th trajectory in folder 1...
2026-03-11 10:04 - ml4cascades.lammps.process - INFO - Starting the 2th trajectory in folder 2...
2026-03-11 10:05 - ml4cascades.lammps.process - INFO - Starting the 3th trajectory in folder 3...
2026-03-11 10:05 - ml4cascades.lammps.process - INFO - Starting the 4th trajectory in folder 4...
2026-03-11 10:05 - ml4cascades.lammps.process - INFO - Starting the 5th trajectory in folder 5...
2026-03-11 10:05 - ml4cascades.lammps.process - INFO - Starting the 6th trajectory in folder 6...
2026-03-11 10:06 - ml4cascades.lammps.process - INFO - Starting the 7th trajectory in folder 7...
2026-03-11 10:06 - ml4cascades.lammps.process - INFO - Starting the 8th trajectory in folder 8...
2026-03-11 10:06 - ml4cascades.lammps.process - INFO - Starting the 9th trajectory in folder 9...
2026-03-11 10:06 - ml4cascades.lammps.process - INFO - Starting the 10th trajectory in folder 10...
2026-03-11 10:07 - ml4cascades.lammps.process - INFO - Starting the 11th trajectory in folder 11...
2026-03-11 10:07 - ml4cascades.lammps.process - INFO - Starting the 12th trajectory in folder 12...
2026-03-11 10:07 - ml4cascades.lammps.process - INFO - Starting the 13th trajectory in folder 13...
2026-03-11 10:07 - ml4cascades.lammps.process - INFO - Starting the 14th trajectory in folder 14...
2026-03-11 10:07 - ml4cascades.lammps.process - INFO - Starting the 15th trajectory in folder 15...
2026-03-11 10:08 - ml4cascades.lammps.process - INFO - Starting the 16th trajectory in folder 16...
2026-03-11 10:08 - ml4cascades.lammps.process - INFO - Starting the 17th trajectory in folder 17...
2026-03-11 10:08 - ml4cascades.lammps.process - INFO - Starting the 18th trajectory in folder 18...
2026-03-11 10:08 - ml4cascades.lammps.process - INFO - Starting the 19th trajectory in folder 19...
2026-03-11 10:09 - ml4cascades.lammps.process - INFO - Starting the 20th trajectory in folder 20...
2026-03-11 10:09 - ml4cascades.lammps.process - INFO - Starting the 21th trajectory in folder 21...
2026-03-11 10:09 - ml4cascades.lammps.process - INFO - Starting the 22th trajectory in folder 23...
2026-03-11 10:09 - ml4cascades.lammps.process - INFO - Starting the 23th trajectory in folder 24...
2026-03-11 10:09 - ml4cascades.lammps.process - INFO - Starting the 24th trajectory in folder 25...
2026-03-11 10:10 - ml4cascades.lammps.process - INFO - Starting the 25th trajectory in folder 26...
2026-03-11 10:10 - ml4cascades.lammps.process - INFO - Starting the 26th trajectory in folder 27...
2026-03-11 10:10 - ml4cascades.lammps.process - INFO - Starting the 27th trajectory in folder 28...
2026-03-11 10:10 - ml4cascades.lammps.process - INFO - Starting the 28th trajectory in folder 29...
2026-03-11 10:11 - ml4cascades.lammps.process - INFO - Starting the 29th trajectory in folder 30...
2026-03-11 10:11 - ml4cascades.lammps.process - INFO - Starting the 30th trajectory in folder 31...
2026-03-11 10:11 - ml4cascades.lammps.process - INFO - Starting the 31th trajectory in folder 32...
2026-03-11 10:11 - ml4cascades.lammps.process - INFO - Starting the 32th trajectory in folder 33...
2026-03-11 10:11 - ml4cascades.lammps.process - INFO - Starting the 33th trajectory in folder 34...
2026-03-11 10:12 - ml4cascades.lammps.process - INFO - Starting the 34th trajectory in folder 35...
2026-03-11 10:12 - ml4cascades.lammps.process - INFO - #------------ Liquid atom analysis completed. ------------#

2026-03-14 10:05 - ml4cascades.lammps.process - INFO - #------------Defect analysis, PKA_kin_eng: 5000 eV-------cutoff: 1 eV-----#
2026-03-14 10:05 - ml4cascades.lammps.process - INFO - defect.txt already exists in folder 1.
2026-03-14 10:05 - ml4cascades.lammps.process - INFO - defect.txt already exists in folder 2.
2026-03-14 10:05 - ml4cascades.lammps.process - INFO - defect.txt already exists in folder 3.
2026-03-14 10:05 - ml4cascades.lammps.process - INFO - defect.txt already exists in folder 4.
2026-03-14 10:05 - ml4cascades.lammps.process - INFO - defect.txt already exists in folder 5.
2026-03-14 10:05 - ml4cascades.lammps.process - WARNING - Warning: thermo.out in folder 6 runs 0.5034442666115112 ps.
2026-03-14 10:05 - ml4cascades.lammps.process - INFO - defect.txt already exists in folder 7.
2026-03-14 10:05 - ml4cascades.lammps.process - INFO - defect.txt already exists in folder 8.
2026-03-14 10:05 - ml4cascades.lammps.process - INFO - defect.txt already exists in folder 9.
2026-03-14 10:05 - ml4cascades.lammps.process - INFO - defect.txt already exists in folder 10.
2026-03-14 10:05 - ml4cascades.lammps.process - INFO - defect.txt already exists in folder 11.
2026-03-14 10:05 - ml4cascades.lammps.process - INFO - defect.txt already exists in folder 12.
2026-03-14 10:05 - ml4cascades.lammps.process - INFO - defect.txt already exists in folder 13.
2026-03-14 10:05 - ml4cascades.lammps.process - INFO - defect.txt already exists in folder 14.
2026-03-14 10:05 - ml4cascades.lammps.process - INFO - defect.txt already exists in folder 15.
2026-03-14 10:05 - ml4cascades.lammps.process - WARNING - Warning: thermo.out in folder 16 runs 0.26222149000025796 ps.
2026-03-14 10:05 - ml4cascades.lammps.process - INFO - defect.txt already exists in folder 17.
2026-03-14 10:05 - ml4cascades.lammps.process - INFO - defect.txt already exists in folder 18.
2026-03-14 10:05 - ml4cascades.lammps.process - INFO - defect.txt already exists in folder 19.
2026-03-14 10:05 - ml4cascades.lammps.process - INFO - defect.txt already exists in folder 20.
2026-03-14 10:05 - ml4cascades.lammps.process - INFO - defect.txt already exists in folder 21.
2026-03-14 10:05 - ml4cascades.lammps.process - WARNING - Warning: thermo.out in folder 22 runs 0.250819878778757 ps.
2026-03-14 10:05 - ml4cascades.lammps.process - INFO - defect.txt already exists in folder 23.
2026-03-14 10:05 - ml4cascades.lammps.process - INFO - defect.txt already exists in folder 24.
2026-03-14 10:05 - ml4cascades.lammps.process - WARNING - Warning: thermo.out in folder 25 runs 0.37262373852576774 ps.
2026-03-14 10:05 - ml4cascades.lammps.process - INFO - defect.txt already exists in folder 26.
2026-03-14 10:05 - ml4cascades.lammps.process - INFO - defect.txt already exists in folder 27.
2026-03-14 10:05 - ml4cascades.lammps.process - INFO - defect.txt already exists in folder 28.
2026-03-14 10:05 - ml4cascades.lammps.process - INFO - defect.txt already exists in folder 29.
2026-03-14 10:05 - ml4cascades.lammps.process - INFO - defect.txt already exists in folder 30.
2026-03-14 10:05 - ml4cascades.lammps.process - INFO - defect.txt already exists in folder 31.
2026-03-14 10:05 - ml4cascades.lammps.process - WARNING - Warning: thermo.out in folder 32 runs 0.1741813268809005 ps.
2026-03-14 10:05 - ml4cascades.lammps.process - INFO - defect.txt already exists in folder 33.
2026-03-14 10:05 - ml4cascades.lammps.process - WARNING - Warning: thermo.out in folder 34 runs 0.3142897206056208 ps.
2026-03-14 10:05 - ml4cascades.lammps.process - INFO - defect.txt already exists in folder 35.
2026-03-14 10:05 - ml4cascades.lammps.process - INFO - #------------ Defect analysis completed. ------------#



2026-03-14 10:07 - ml4cascades.lammps.process - INFO - #------------Defect analysis, PKA_kin_eng: 5000 eV -------cutoff: 10 eV------#
2026-03-14 10:07 - ml4cascades.lammps.process - INFO - Starting the 1th trajectory in folder 1...
2026-03-14 10:12 - ml4cascades.lammps.process - INFO - Starting the 2th trajectory in folder 2...
2026-03-14 10:16 - ml4cascades.lammps.process - INFO - Starting the 3th trajectory in folder 3...
2026-03-14 10:21 - ml4cascades.lammps.process - INFO - Starting the 4th trajectory in folder 4...
2026-03-14 10:26 - ml4cascades.lammps.process - INFO - Starting the 5th trajectory in folder 5...
2026-03-14 10:30 - ml4cascades.lammps.process - INFO - Starting the 6th trajectory in folder 6...
2026-03-14 10:34 - ml4cascades.lammps.process - INFO - Starting the 7th trajectory in folder 7...
2026-03-14 10:39 - ml4cascades.lammps.process - INFO - Starting the 8th trajectory in folder 8...
2026-03-14 10:43 - ml4cascades.lammps.process - INFO - Starting the 9th trajectory in folder 9...
2026-03-14 10:47 - ml4cascades.lammps.process - INFO - Starting the 10th trajectory in folder 10...
2026-03-14 10:52 - ml4cascades.lammps.process - INFO - Starting the 11th trajectory in folder 11...
2026-03-14 10:56 - ml4cascades.lammps.process - INFO - Starting the 12th trajectory in folder 12...
2026-03-14 11:00 - ml4cascades.lammps.process - INFO - Starting the 13th trajectory in folder 13...
2026-03-14 11:05 - ml4cascades.lammps.process - INFO - Starting the 14th trajectory in folder 14...
2026-03-14 11:09 - ml4cascades.lammps.process - INFO - Starting the 15th trajectory in folder 15...
2026-03-14 11:14 - ml4cascades.lammps.process - WARNING - Warning: thermo.out in folder 16 runs 0.2499404246118758 ps.
2026-03-14 11:14 - ml4cascades.lammps.process - INFO - Starting the 16th trajectory in folder 17...
2026-03-14 11:18 - ml4cascades.lammps.process - INFO - Starting the 17th trajectory in folder 18...
2026-03-14 11:22 - ml4cascades.lammps.process - INFO - Starting the 18th trajectory in folder 19...
2026-03-14 11:27 - ml4cascades.lammps.process - INFO - Starting the 19th trajectory in folder 20...
2026-03-14 11:31 - ml4cascades.lammps.process - INFO - Starting the 20th trajectory in folder 21...
2026-03-14 11:35 - ml4cascades.lammps.process - WARNING - Warning: thermo.out in folder 22 runs 0.2077469625286562 ps.
2026-03-14 11:35 - ml4cascades.lammps.process - INFO - Starting the 21th trajectory in folder 23...
2026-03-14 11:40 - ml4cascades.lammps.process - INFO - Starting the 22th trajectory in folder 24...
2026-03-14 11:44 - ml4cascades.lammps.process - WARNING - Warning: thermo.out in folder 25 runs 0.32596758781776447 ps.
2026-03-14 11:44 - ml4cascades.lammps.process - INFO - Starting the 23th trajectory in folder 26...
2026-03-14 11:48 - ml4cascades.lammps.process - INFO - Starting the 24th trajectory in folder 27...
2026-03-14 11:53 - ml4cascades.lammps.process - INFO - Starting the 25th trajectory in folder 28...
2026-03-14 11:57 - ml4cascades.lammps.process - INFO - Starting the 26th trajectory in folder 29...
2026-03-14 12:02 - ml4cascades.lammps.process - INFO - Starting the 27th trajectory in folder 30...
2026-03-14 12:06 - ml4cascades.lammps.process - INFO - Starting the 28th trajectory in folder 31...
2026-03-14 12:10 - ml4cascades.lammps.process - WARNING - Warning: thermo.out in folder 32 runs 0.17574953316971847 ps.
2026-03-14 12:10 - ml4cascades.lammps.process - INFO - Starting the 29th trajectory in folder 33...
2026-03-14 12:15 - ml4cascades.lammps.process - WARNING - Warning: thermo.out in folder 34 runs 0.3069208963010104 ps.
2026-03-14 12:15 - ml4cascades.lammps.process - INFO - Starting the 30th trajectory in folder 35...
2026-03-14 12:19 - ml4cascades.lammps.process - INFO - #------------ Defect analysis completed. ------------#



2026-03-16 08:54 - ml4cascades.lammps.process - INFO - #------------Average defect analysis, PKA_kin_eng: 5000 eV-------cutoff: 1 eV-----#
2026-03-16 08:54 - ml4cascades.lammps.process - INFO - #------------Processing 29 files------------#

2026-03-16 08:56 - ml4cascades.lammps.process - INFO - #------------Average defect analysis, PKA_kin_eng: 5000 eV-------cutoff: 10 eV-----#
2026-03-16 08:56 - ml4cascades.lammps.process - INFO - #------------Processing 30 files------------#

# radius: 0.7 1 eV #

2026-03-18 08:00 - ml4cascades.lammps.process - INFO - #------------Defect analysis, PKA_kin_eng: 10000 eV------------#
2026-03-18 08:00 - ml4cascades.lammps.process - INFO - Starting the 1th trajectory in folder 1...
2026-03-18 08:07 - ml4cascades.lammps.process - INFO - Starting the 2th trajectory in folder 2...
2026-03-18 08:13 - ml4cascades.lammps.process - INFO - Starting the 3th trajectory in folder 3...
2026-03-18 08:20 - ml4cascades.lammps.process - WARNING - Warning: thermo.out in folder 4 runs 0.6084487594258029 ps.
2026-03-18 08:20 - ml4cascades.lammps.process - INFO - Starting the 4th trajectory in folder 5...
2026-03-18 08:27 - ml4cascades.lammps.process - INFO - Starting the 5th trajectory in folder 6...
2026-03-18 08:34 - ml4cascades.lammps.process - WARNING - Warning: thermo.out in folder 7 runs 0.3129906653679921 ps.
2026-03-18 08:34 - ml4cascades.lammps.process - INFO - Starting the 6th trajectory in folder 8...
2026-03-18 08:41 - ml4cascades.lammps.process - INFO - Starting the 7th trajectory in folder 9...
2026-03-18 08:47 - ml4cascades.lammps.process - INFO - Starting the 8th trajectory in folder 10...
2026-03-18 08:54 - ml4cascades.lammps.process - WARNING - Warning: thermo.out in folder 11 runs 0.23326728777449915 ps.
2026-03-18 08:54 - ml4cascades.lammps.process - INFO - Starting the 9th trajectory in folder 12...
2026-03-18 09:01 - ml4cascades.lammps.process - INFO - Starting the 10th trajectory in folder 13...
2026-03-18 09:08 - ml4cascades.lammps.process - INFO - Starting the 11th trajectory in folder 14...
2026-03-18 09:15 - ml4cascades.lammps.process - INFO - Starting the 12th trajectory in folder 15...
2026-03-18 09:22 - ml4cascades.lammps.process - WARNING - Warning: thermo.out in folder 16 runs 0.38208966036613345 ps.
2026-03-18 09:22 - ml4cascades.lammps.process - INFO - Starting the 13th trajectory in folder 17...
2026-03-18 09:29 - ml4cascades.lammps.process - INFO - Starting the 14th trajectory in folder 18...
2026-03-18 09:36 - ml4cascades.lammps.process - INFO - Starting the 15th trajectory in folder 19...
2026-03-18 09:43 - ml4cascades.lammps.process - WARNING - Warning: thermo.out in folder 20 runs 0.23510612280959234 ps.
2026-03-18 09:43 - ml4cascades.lammps.process - WARNING - Warning: thermo.out in folder 21 runs 0.202261880565426 ps.
2026-03-18 09:43 - ml4cascades.lammps.process - INFO - Starting the 16th trajectory in folder 22...
2026-03-18 09:50 - ml4cascades.lammps.process - INFO - Starting the 17th trajectory in folder 23...
2026-03-18 09:57 - ml4cascades.lammps.process - INFO - Starting the 18th trajectory in folder 24...
2026-03-18 10:04 - ml4cascades.lammps.process - INFO - Starting the 19th trajectory in folder 25...
2026-03-18 10:11 - ml4cascades.lammps.process - INFO - Starting the 20th trajectory in folder 26...
2026-03-18 10:18 - ml4cascades.lammps.process - INFO - Starting the 21th trajectory in folder 27...
2026-03-18 10:25 - ml4cascades.lammps.process - INFO - Starting the 22th trajectory in folder 28...
2026-03-18 10:32 - ml4cascades.lammps.process - WARNING - Warning: thermo.out in folder 29 runs 0.2484527719867678 ps.
2026-03-18 10:32 - ml4cascades.lammps.process - INFO - Starting the 23th trajectory in folder 30...
2026-03-18 10:38 - ml4cascades.lammps.process - INFO - #------------ Defect analysis completed. ------------#

# radius: 0.8 1 eV #
2026-03-18 11:03 - ml4cascades.lammps.process - INFO - #------------Defect analysis, PKA_kin_eng: 10000 eV------------#
2026-03-18 11:03 - ml4cascades.lammps.process - WARNING - Warning: thermo.out does not exist in folder 1.
2026-03-18 11:03 - ml4cascades.lammps.process - WARNING - Warning: thermo.out does not exist in folder 2.
2026-03-18 11:03 - ml4cascades.lammps.process - WARNING - Warning: thermo.out does not exist in folder 3.
2026-03-18 11:03 - ml4cascades.lammps.process - INFO - Starting the 1th trajectory in folder 4...
2026-03-18 11:10 - ml4cascades.lammps.process - WARNING - Warning: thermo.out does not exist in folder 5.
2026-03-18 11:10 - ml4cascades.lammps.process - WARNING - Warning: thermo.out does not exist in folder 6.
2026-03-18 11:10 - ml4cascades.lammps.process - INFO - Starting the 2th trajectory in folder 7...
2026-03-18 11:18 - ml4cascades.lammps.process - WARNING - Warning: thermo.out does not exist in folder 8.
2026-03-18 11:18 - ml4cascades.lammps.process - WARNING - Warning: thermo.out does not exist in folder 9.
2026-03-18 11:18 - ml4cascades.lammps.process - WARNING - Warning: thermo.out does not exist in folder 10.
2026-03-18 11:18 - ml4cascades.lammps.process - INFO - Starting the 3th trajectory in folder 11...
2026-03-18 11:25 - ml4cascades.lammps.process - WARNING - Warning: thermo.out does not exist in folder 12.
2026-03-18 11:25 - ml4cascades.lammps.process - WARNING - Warning: thermo.out does not exist in folder 13.
2026-03-18 11:25 - ml4cascades.lammps.process - WARNING - Warning: thermo.out does not exist in folder 14.
2026-03-18 11:25 - ml4cascades.lammps.process - WARNING - Warning: thermo.out does not exist in folder 15.
2026-03-18 11:25 - ml4cascades.lammps.process - INFO - Starting the 4th trajectory in folder 16...
2026-03-18 11:32 - ml4cascades.lammps.process - WARNING - Warning: thermo.out does not exist in folder 17.
2026-03-18 11:32 - ml4cascades.lammps.process - WARNING - Warning: thermo.out does not exist in folder 18.
2026-03-18 11:32 - ml4cascades.lammps.process - WARNING - Warning: thermo.out does not exist in folder 19.
2026-03-18 11:32 - ml4cascades.lammps.process - INFO - Starting the 5th trajectory in folder 20...
2026-03-18 11:39 - ml4cascades.lammps.process - INFO - Starting the 6th trajectory in folder 21...
2026-03-18 11:46 - ml4cascades.lammps.process - WARNING - Warning: thermo.out does not exist in folder 22.
2026-03-18 11:46 - ml4cascades.lammps.process - WARNING - Warning: thermo.out does not exist in folder 23.
2026-03-18 11:46 - ml4cascades.lammps.process - WARNING - Warning: thermo.out does not exist in folder 24.
2026-03-18 11:46 - ml4cascades.lammps.process - WARNING - Warning: thermo.out does not exist in folder 25.
2026-03-18 11:46 - ml4cascades.lammps.process - WARNING - Warning: thermo.out does not exist in folder 26.
2026-03-18 11:46 - ml4cascades.lammps.process - WARNING - Warning: thermo.out does not exist in folder 27.
2026-03-18 11:46 - ml4cascades.lammps.process - WARNING - Warning: thermo.out does not exist in folder 28.
2026-03-18 11:46 - ml4cascades.lammps.process - WARNING - Warning: thermo.out in folder 29 runs 0.29929621503705084 ps.
2026-03-18 11:46 - ml4cascades.lammps.process - WARNING - Warning: thermo.out does not exist in folder 30.
2026-03-18 11:46 - ml4cascades.lammps.process - INFO - #------------ Defect analysis completed. ------------#

# radius: 0.7 10 eV #
2026-03-18 11:56 - ml4cascades.lammps.process - INFO - #------------Defect analysis, PKA_kin_eng: 10000 eV------------#
2026-03-18 11:56 - ml4cascades.lammps.process - INFO - Starting the 1th trajectory in folder 1...
2026-03-18 12:03 - ml4cascades.lammps.process - INFO - Starting the 2th trajectory in folder 2...
2026-03-18 12:10 - ml4cascades.lammps.process - INFO - Starting the 3th trajectory in folder 3...
2026-03-18 12:17 - ml4cascades.lammps.process - INFO - Starting the 4th trajectory in folder 4...
2026-03-18 12:23 - ml4cascades.lammps.process - INFO - Starting the 5th trajectory in folder 5...
2026-03-18 12:30 - ml4cascades.lammps.process - INFO - Starting the 6th trajectory in folder 6...
2026-03-18 12:37 - ml4cascades.lammps.process - WARNING - Warning: thermo.out in folder 7 runs 0.2901152041381208 ps.
2026-03-18 12:37 - ml4cascades.lammps.process - INFO - Starting the 7th trajectory in folder 8...
2026-03-18 12:44 - ml4cascades.lammps.process - INFO - Starting the 8th trajectory in folder 9...
2026-03-18 12:50 - ml4cascades.lammps.process - INFO - Starting the 9th trajectory in folder 10...
2026-03-18 12:57 - ml4cascades.lammps.process - INFO - Starting the 10th trajectory in folder 11...
2026-03-18 13:04 - ml4cascades.lammps.process - WARNING - Warning: thermo.out in folder 12 runs 0.4222338357208597 ps.
2026-03-18 13:04 - ml4cascades.lammps.process - INFO - Starting the 11th trajectory in folder 13...
2026-03-18 13:10 - ml4cascades.lammps.process - INFO - Starting the 12th trajectory in folder 14...
2026-03-18 13:17 - ml4cascades.lammps.process - INFO - Starting the 13th trajectory in folder 15...
2026-03-18 13:24 - ml4cascades.lammps.process - INFO - Starting the 14th trajectory in folder 16...
2026-03-18 13:31 - ml4cascades.lammps.process - INFO - Starting the 15th trajectory in folder 17...
2026-03-18 13:38 - ml4cascades.lammps.process - INFO - Starting the 16th trajectory in folder 18...
2026-03-18 13:45 - ml4cascades.lammps.process - INFO - Starting the 17th trajectory in folder 19...
2026-03-18 13:52 - ml4cascades.lammps.process - WARNING - Warning: thermo.out in folder 20 runs 0.2046332684674721 ps.
2026-03-18 13:52 - ml4cascades.lammps.process - WARNING - Warning: thermo.out in folder 21 runs 0.20023835884282218 ps.
2026-03-18 13:52 - ml4cascades.lammps.process - INFO - Starting the 18th trajectory in folder 22...
2026-03-18 13:59 - ml4cascades.lammps.process - INFO - Starting the 19th trajectory in folder 23...
2026-03-18 14:06 - ml4cascades.lammps.process - INFO - Starting the 20th trajectory in folder 24...
2026-03-18 14:13 - ml4cascades.lammps.process - INFO - Starting the 21th trajectory in folder 25...
2026-03-18 14:20 - ml4cascades.lammps.process - INFO - Starting the 22th trajectory in folder 26...
2026-03-18 14:27 - ml4cascades.lammps.process - INFO - Starting the 23th trajectory in folder 27...
2026-03-18 14:34 - ml4cascades.lammps.process - INFO - Starting the 24th trajectory in folder 28...
2026-03-18 14:41 - ml4cascades.lammps.process - WARNING - Warning: thermo.out in folder 29 runs 0.43968444548638524 ps.
2026-03-18 14:41 - ml4cascades.lammps.process - INFO - Starting the 25th trajectory in folder 30...
2026-03-18 14:48 - ml4cascades.lammps.process - INFO - #------------ Defect analysis completed. ------------#

2026-03-18 15:02 - ml4cascades.lammps.process - INFO - #------------Defect analysis, PKA_kin_eng: 10000 eV------------#
2026-03-18 15:02 - ml4cascades.lammps.process - WARNING - Warning: thermo.out does not exist in folder 1.
2026-03-18 15:02 - ml4cascades.lammps.process - WARNING - Warning: thermo.out does not exist in folder 2.
2026-03-18 15:02 - ml4cascades.lammps.process - WARNING - Warning: thermo.out does not exist in folder 3.
2026-03-18 15:02 - ml4cascades.lammps.process - WARNING - Warning: thermo.out does not exist in folder 4.
2026-03-18 15:02 - ml4cascades.lammps.process - WARNING - Warning: thermo.out does not exist in folder 5.
2026-03-18 15:02 - ml4cascades.lammps.process - WARNING - Warning: thermo.out does not exist in folder 6.
2026-03-18 15:02 - ml4cascades.lammps.process - INFO - Starting the 1th trajectory in folder 7...
2026-03-18 15:10 - ml4cascades.lammps.process - WARNING - Warning: thermo.out does not exist in folder 8.
2026-03-18 15:10 - ml4cascades.lammps.process - WARNING - Warning: thermo.out does not exist in folder 9.
2026-03-18 15:10 - ml4cascades.lammps.process - WARNING - Warning: thermo.out does not exist in folder 10.
2026-03-18 15:10 - ml4cascades.lammps.process - WARNING - Warning: thermo.out does not exist in folder 11.
2026-03-18 15:10 - ml4cascades.lammps.process - INFO - Starting the 2th trajectory in folder 12...
2026-03-18 15:17 - ml4cascades.lammps.process - WARNING - Warning: thermo.out does not exist in folder 13.
2026-03-18 15:17 - ml4cascades.lammps.process - WARNING - Warning: thermo.out does not exist in folder 14.
2026-03-18 15:17 - ml4cascades.lammps.process - WARNING - Warning: thermo.out does not exist in folder 15.
2026-03-18 15:17 - ml4cascades.lammps.process - WARNING - Warning: thermo.out does not exist in folder 16.
2026-03-18 15:17 - ml4cascades.lammps.process - WARNING - Warning: thermo.out does not exist in folder 17.
2026-03-18 15:17 - ml4cascades.lammps.process - WARNING - Warning: thermo.out does not exist in folder 18.
2026-03-18 15:17 - ml4cascades.lammps.process - WARNING - Warning: thermo.out does not exist in folder 19.
2026-03-18 15:17 - ml4cascades.lammps.process - INFO - Starting the 3th trajectory in folder 20...
2026-03-18 15:24 - ml4cascades.lammps.process - INFO - Starting the 4th trajectory in folder 21...
2026-03-18 15:31 - ml4cascades.lammps.process - WARNING - Warning: thermo.out does not exist in folder 22.
2026-03-18 15:31 - ml4cascades.lammps.process - WARNING - Warning: thermo.out does not exist in folder 23.
2026-03-18 15:31 - ml4cascades.lammps.process - WARNING - Warning: thermo.out does not exist in folder 24.
2026-03-18 15:31 - ml4cascades.lammps.process - WARNING - Warning: thermo.out does not exist in folder 25.
2026-03-18 15:31 - ml4cascades.lammps.process - WARNING - Warning: thermo.out does not exist in folder 26.
2026-03-18 15:31 - ml4cascades.lammps.process - WARNING - Warning: thermo.out does not exist in folder 27.
2026-03-18 15:31 - ml4cascades.lammps.process - WARNING - Warning: thermo.out does not exist in folder 28.
2026-03-18 15:31 - ml4cascades.lammps.process - INFO - Starting the 5th trajectory in folder 29...
2026-03-18 15:38 - ml4cascades.lammps.process - WARNING - Warning: thermo.out does not exist in folder 30.
2026-03-18 15:38 - ml4cascades.lammps.process - INFO - #------------ Defect analysis completed. ------------#

2026-03-18 16:00 - ml4cascades.lammps.process - INFO - #------------Average defect analysis, PKA_kin_eng: 10000 eV----cutoff: 1 eV--------#
2026-03-18 16:00 - ml4cascades.lammps.process - INFO - Found defect.txt in 30 running 45.02 ps.
2026-03-18 16:00 - ml4cascades.lammps.process - INFO - Found defect.txt in 12 running 45.026 ps.
2026-03-18 16:00 - ml4cascades.lammps.process - INFO - Found defect.txt in 9 running 44.986 ps.
2026-03-18 16:00 - ml4cascades.lammps.process - INFO - Found defect.txt in 1 running 45.006 ps.
2026-03-18 16:00 - ml4cascades.lammps.process - INFO - Found defect.txt in 3 running 45.034 ps.
2026-03-18 16:00 - ml4cascades.lammps.process - INFO - Found defect.txt in 24 running 45.071 ps.
2026-03-18 16:00 - ml4cascades.lammps.process - INFO - Found defect.txt in 22 running 45.089 ps.
2026-03-18 16:00 - ml4cascades.lammps.process - INFO - Found defect.txt in 26 running 44.898 ps.
2026-03-18 16:00 - ml4cascades.lammps.process - INFO - Found defect.txt in 2 running 44.854 ps.
2026-03-18 16:00 - ml4cascades.lammps.process - INFO - Found defect.txt in 8 running 44.933 ps.
2026-03-18 16:00 - ml4cascades.lammps.process - INFO - Found defect.txt in 6 running 44.972 ps.
2026-03-18 16:00 - ml4cascades.lammps.process - INFO - Found defect.txt in 5 running 44.97 ps.
2026-03-18 16:00 - ml4cascades.lammps.process - INFO - Found defect.txt in 15 running 45.037 ps.
2026-03-18 16:00 - ml4cascades.lammps.process - INFO - Found defect.txt in 10 running 44.974 ps.
2026-03-18 16:00 - ml4cascades.lammps.process - INFO - Found defect.txt in 27 running 44.949 ps.
2026-03-18 16:00 - ml4cascades.lammps.process - INFO - Found defect.txt in 19 running 44.901 ps.
2026-03-18 16:00 - ml4cascades.lammps.process - INFO - Found defect.txt in 28 running 44.857 ps.
2026-03-18 16:00 - ml4cascades.lammps.process - INFO - Found defect.txt in 18 running 44.832 ps.
2026-03-18 16:00 - ml4cascades.lammps.process - INFO - Found defect.txt in 14 running 44.984 ps.
2026-03-18 16:00 - ml4cascades.lammps.process - INFO - Found defect.txt in 13 running 45.084 ps.
2026-03-18 16:00 - ml4cascades.lammps.process - INFO - Found defect.txt in 17 running 44.855 ps.
2026-03-18 16:00 - ml4cascades.lammps.process - INFO - Found defect.txt in 25 running 44.97 ps.
2026-03-18 16:00 - ml4cascades.lammps.process - INFO - Found defect.txt in 23 running 45.023 ps.
2026-03-18 16:00 - ml4cascades.lammps.process - INFO - Found defect.txt in 11 running 44.949 ps.
2026-03-18 16:00 - ml4cascades.lammps.process - INFO - Found defect.txt in 20 running 44.899 ps.
2026-03-18 16:00 - ml4cascades.lammps.process - INFO - Found defect.txt in 16 running 44.87 ps.
2026-03-18 16:00 - ml4cascades.lammps.process - INFO - Found defect.txt in 21 running 45.012 ps.
2026-03-18 16:00 - ml4cascades.lammps.process - INFO - Found defect.txt in 7 running 44.922 ps.
2026-03-18 16:00 - ml4cascades.lammps.process - INFO - Found defect.txt in 4 running 45.048 ps.
2026-03-18 16:00 - ml4cascades.lammps.process - INFO - #------------Processing 29 files------------#

2026-03-18 16:01 - ml4cascades.lammps.process - INFO - #------------Average defect analysis, PKA_kin_eng: 10000 eV----cutoff: 10 eV--------#
2026-03-18 16:01 - ml4cascades.lammps.process - INFO - Found defect.txt in 30 running 44.84 ps.
2026-03-18 16:01 - ml4cascades.lammps.process - INFO - Found defect.txt in 11 running 44.946 ps.
2026-03-18 16:01 - ml4cascades.lammps.process - INFO - Found defect.txt in 9 running 44.94 ps.
2026-03-18 16:01 - ml4cascades.lammps.process - INFO - Found defect.txt in 1 running 44.975 ps.
2026-03-18 16:01 - ml4cascades.lammps.process - INFO - Found defect.txt in 3 running 45.061 ps.
2026-03-18 16:01 - ml4cascades.lammps.process - INFO - Found defect.txt in 24 running 45.065 ps.
2026-03-18 16:01 - ml4cascades.lammps.process - INFO - Found defect.txt in 22 running 44.861 ps.
2026-03-18 16:01 - ml4cascades.lammps.process - INFO - Found defect.txt in 26 running 44.878 ps.
2026-03-18 16:01 - ml4cascades.lammps.process - INFO - Found defect.txt in 2 running 44.823 ps.
2026-03-18 16:01 - ml4cascades.lammps.process - INFO - Found defect.txt in 8 running 44.862 ps.
2026-03-18 16:01 - ml4cascades.lammps.process - INFO - Found defect.txt in 6 running 45.036 ps.
2026-03-18 16:01 - ml4cascades.lammps.process - INFO - Found defect.txt in 5 running 44.976 ps.
2026-03-18 16:01 - ml4cascades.lammps.process - INFO - Found defect.txt in 15 running 44.959 ps.
2026-03-18 16:01 - ml4cascades.lammps.process - INFO - Found defect.txt in 16 running 44.982 ps.
2026-03-18 16:01 - ml4cascades.lammps.process - INFO - Found defect.txt in 10 running 45.075 ps.
2026-03-18 16:01 - ml4cascades.lammps.process - INFO - Found defect.txt in 27 running 44.929 ps.
2026-03-18 16:01 - ml4cascades.lammps.process - INFO - Found defect.txt in 19 running 44.832 ps.
2026-03-18 16:01 - ml4cascades.lammps.process - INFO - Found defect.txt in 28 running 45.032 ps.
2026-03-18 16:01 - ml4cascades.lammps.process - INFO - Found defect.txt in 18 running 44.824 ps.
2026-03-18 16:01 - ml4cascades.lammps.process - INFO - Found defect.txt in 14 running 44.856 ps.
2026-03-18 16:01 - ml4cascades.lammps.process - INFO - Found defect.txt in 13 running 45.034 ps.
2026-03-18 16:01 - ml4cascades.lammps.process - INFO - Found defect.txt in 17 running 44.892 ps.
2026-03-18 16:01 - ml4cascades.lammps.process - INFO - Found defect.txt in 25 running 44.941 ps.
2026-03-18 16:01 - ml4cascades.lammps.process - INFO - Found defect.txt in 4 running 44.989 ps.
2026-03-18 16:01 - ml4cascades.lammps.process - INFO - Found defect.txt in 23 running 45.069 ps.
2026-03-18 16:01 - ml4cascades.lammps.process - INFO - Found defect.txt in 29 running 44.836 ps.
2026-03-18 16:01 - ml4cascades.lammps.process - INFO - Found defect.txt in 12 running 45.061 ps.
2026-03-18 16:01 - ml4cascades.lammps.process - INFO - Found defect.txt in 20 running 44.816 ps.
2026-03-18 16:01 - ml4cascades.lammps.process - INFO - Found defect.txt in 21 running 45.007 ps.
2026-03-18 16:01 - ml4cascades.lammps.process - INFO - Found defect.txt in 7 running 45.063 ps.
2026-03-18 16:01 - ml4cascades.lammps.process - INFO - #------------Processing 30 files------------#
