2026-05-08 15:59 - ml4cascades.lammps.process - INFO - #------------Defect analysis, PKA_kin_eng: 10000 eV------------#
2026-05-08 15:59 - ml4cascades.lammps.process - INFO - defect.txt already exists in folder 1.
2026-05-08 15:59 - ml4cascades.lammps.process - INFO -   [CONVERGED] traj 1 num_vac: tail mean=249.8 std=3.2 drift=1.3% over last 20.0 ps (67 pts)
2026-05-08 15:59 - ml4cascades.lammps.process - INFO -   [CONVERGED] traj 1 num_int: tail mean=249.8 std=3.2 drift=1.3% over last 20.0 ps (67 pts)
2026-05-08 15:59 - ml4cascades.lammps.process - INFO -   [CONVERGED] traj 1 num_def: tail mean=499.5 std=6.5 drift=1.3% over last 20.0 ps (67 pts)
2026-05-08 15:59 - ml4cascades.lammps.process - INFO - defect.txt already exists in folder 2.
2026-05-08 15:59 - ml4cascades.lammps.process - INFO -   [CONVERGED] traj 2 num_vac: tail mean=303.5 std=3.0 drift=0.3% over last 20.0 ps (67 pts)
2026-05-08 15:59 - ml4cascades.lammps.process - INFO -   [CONVERGED] traj 2 num_int: tail mean=303.5 std=3.0 drift=0.3% over last 20.0 ps (67 pts)
2026-05-08 15:59 - ml4cascades.lammps.process - INFO -   [CONVERGED] traj 2 num_def: tail mean=607.0 std=5.9 drift=0.3% over last 20.0 ps (67 pts)
2026-05-08 15:59 - ml4cascades.lammps.process - WARNING - Warning: thermo.out does not exist in folder 3.
2026-05-08 15:59 - ml4cascades.lammps.process - INFO - defect.txt already exists in folder 4.
2026-05-08 15:59 - ml4cascades.lammps.process - INFO -   [CONVERGED] traj 4 num_vac: tail mean=467.1 std=4.1 drift=0.8% over last 20.0 ps (67 pts)
2026-05-08 15:59 - ml4cascades.lammps.process - INFO -   [CONVERGED] traj 4 num_int: tail mean=467.1 std=4.1 drift=0.8% over last 20.0 ps (67 pts)
2026-05-08 15:59 - ml4cascades.lammps.process - INFO -   [CONVERGED] traj 4 num_def: tail mean=934.2 std=8.1 drift=0.8% over last 20.0 ps (67 pts)
2026-05-08 15:59 - ml4cascades.lammps.process - INFO - defect.txt already exists in folder 5.
2026-05-08 15:59 - ml4cascades.lammps.process - INFO -   [CONVERGED] traj 5 num_vac: tail mean=290.7 std=2.8 drift=1.6% over last 20.0 ps (67 pts)
2026-05-08 15:59 - ml4cascades.lammps.process - INFO -   [CONVERGED] traj 5 num_int: tail mean=290.7 std=2.8 drift=1.6% over last 20.0 ps (67 pts)
2026-05-08 15:59 - ml4cascades.lammps.process - INFO -   [CONVERGED] traj 5 num_def: tail mean=581.3 std=5.6 drift=1.6% over last 20.0 ps (67 pts)
2026-05-08 15:59 - ml4cascades.lammps.process - INFO - defect.txt already exists in folder 6.
2026-05-08 15:59 - ml4cascades.lammps.process - INFO -   [CONVERGED] traj 6 num_vac: tail mean=263.2 std=2.7 drift=0.6% over last 20.0 ps (67 pts)
2026-05-08 15:59 - ml4cascades.lammps.process - INFO -   [CONVERGED] traj 6 num_int: tail mean=263.2 std=2.7 drift=0.6% over last 20.0 ps (67 pts)
2026-05-08 15:59 - ml4cascades.lammps.process - INFO -   [CONVERGED] traj 6 num_def: tail mean=526.4 std=5.5 drift=0.6% over last 20.0 ps (67 pts)
2026-05-08 15:59 - ml4cascades.lammps.process - INFO - defect.txt already exists in folder 7.
2026-05-08 15:59 - ml4cascades.lammps.process - INFO -   [CONVERGED] traj 7 num_vac: tail mean=278.4 std=3.2 drift=0.6% over last 20.0 ps (67 pts)
2026-05-08 15:59 - ml4cascades.lammps.process - INFO -   [CONVERGED] traj 7 num_int: tail mean=278.4 std=3.2 drift=0.6% over last 20.0 ps (67 pts)
2026-05-08 15:59 - ml4cascades.lammps.process - INFO -   [CONVERGED] traj 7 num_def: tail mean=556.9 std=6.4 drift=0.6% over last 20.0 ps (67 pts)
2026-05-08 15:59 - ml4cascades.lammps.process - WARNING - Warning: thermo.out does not exist in folder 8.
2026-05-08 15:59 - ml4cascades.lammps.process - INFO - defect.txt already exists in folder 9.
2026-05-08 15:59 - ml4cascades.lammps.process - INFO -   [CONVERGED] traj 9 num_vac: tail mean=202.2 std=2.5 drift=0.7% over last 20.0 ps (67 pts)
2026-05-08 15:59 - ml4cascades.lammps.process - INFO -   [CONVERGED] traj 9 num_int: tail mean=202.2 std=2.5 drift=0.7% over last 20.0 ps (67 pts)
2026-05-08 15:59 - ml4cascades.lammps.process - INFO -   [CONVERGED] traj 9 num_def: tail mean=404.4 std=5.0 drift=0.7% over last 20.0 ps (67 pts)
2026-05-08 15:59 - ml4cascades.lammps.process - INFO - defect.txt already exists in folder 10.
2026-05-08 15:59 - ml4cascades.lammps.process - INFO -   [CONVERGED] traj 10 num_vac: tail mean=235.9 std=2.6 drift=1.2% over last 20.0 ps (67 pts)
2026-05-08 15:59 - ml4cascades.lammps.process - INFO -   [CONVERGED] traj 10 num_int: tail mean=235.9 std=2.6 drift=1.2% over last 20.0 ps (67 pts)
2026-05-08 15:59 - ml4cascades.lammps.process - INFO -   [CONVERGED] traj 10 num_def: tail mean=471.8 std=5.2 drift=1.2% over last 20.0 ps (67 pts)
2026-05-08 15:59 - ml4cascades.lammps.process - INFO - Starting the 1th trajectory in folder 11...
2026-05-08 16:01 - ml4cascades.lammps.process - INFO -   [CONVERGED] traj 11 num_vac: tail mean=299.5 std=3.1 drift=0.3% over last 20.0 ps (67 pts)
2026-05-08 16:01 - ml4cascades.lammps.process - INFO -   [CONVERGED] traj 11 num_int: tail mean=299.5 std=3.1 drift=0.3% over last 20.0 ps (67 pts)
2026-05-08 16:01 - ml4cascades.lammps.process - INFO -   [CONVERGED] traj 11 num_def: tail mean=599.0 std=6.2 drift=0.3% over last 20.0 ps (67 pts)
2026-05-08 16:01 - ml4cascades.lammps.process - INFO - Starting the 2th trajectory in folder 12...
2026-05-08 16:04 - ml4cascades.lammps.process - INFO -   [CONVERGED] traj 12 num_vac: tail mean=349.3 std=2.8 drift=0.5% over last 20.0 ps (67 pts)
2026-05-08 16:04 - ml4cascades.lammps.process - INFO -   [CONVERGED] traj 12 num_int: tail mean=349.3 std=2.8 drift=0.5% over last 20.0 ps (67 pts)
2026-05-08 16:04 - ml4cascades.lammps.process - INFO -   [CONVERGED] traj 12 num_def: tail mean=698.6 std=5.7 drift=0.5% over last 20.0 ps (67 pts)
2026-05-08 16:04 - ml4cascades.lammps.process - INFO - Starting the 3th trajectory in folder 13...
2026-05-08 16:06 - ml4cascades.lammps.process - INFO -   [CONVERGED] traj 13 num_vac: tail mean=183.2 std=2.7 drift=1.2% over last 20.0 ps (67 pts)
2026-05-08 16:06 - ml4cascades.lammps.process - INFO -   [CONVERGED] traj 13 num_int: tail mean=183.2 std=2.7 drift=1.2% over last 20.0 ps (67 pts)
2026-05-08 16:06 - ml4cascades.lammps.process - INFO -   [CONVERGED] traj 13 num_def: tail mean=366.4 std=5.4 drift=1.2% over last 20.0 ps (67 pts)
2026-05-08 16:06 - ml4cascades.lammps.process - INFO - Starting the 4th trajectory in folder 14...
2026-05-08 16:08 - ml4cascades.lammps.process - INFO -   [CONVERGED] traj 14 num_vac: tail mean=260.4 std=3.1 drift=0.5% over last 20.0 ps (67 pts)
2026-05-08 16:08 - ml4cascades.lammps.process - INFO -   [CONVERGED] traj 14 num_int: tail mean=260.4 std=3.1 drift=0.5% over last 20.0 ps (67 pts)
2026-05-08 16:08 - ml4cascades.lammps.process - INFO -   [CONVERGED] traj 14 num_def: tail mean=520.8 std=6.2 drift=0.5% over last 20.0 ps (67 pts)
2026-05-08 16:08 - ml4cascades.lammps.process - INFO - Starting the 5th trajectory in folder 15...
2026-05-08 16:10 - ml4cascades.lammps.process - INFO -   [CONVERGED] traj 15 num_vac: tail mean=250.4 std=2.8 drift=1.5% over last 20.0 ps (67 pts)
2026-05-08 16:10 - ml4cascades.lammps.process - INFO -   [CONVERGED] traj 15 num_int: tail mean=250.4 std=2.8 drift=1.5% over last 20.0 ps (67 pts)
2026-05-08 16:10 - ml4cascades.lammps.process - INFO -   [CONVERGED] traj 15 num_def: tail mean=500.7 std=5.5 drift=1.5% over last 20.0 ps (67 pts)
2026-05-08 16:10 - ml4cascades.lammps.process - INFO - Starting the 6th trajectory in folder 16...
2026-05-08 16:13 - ml4cascades.lammps.process - INFO -   [CONVERGED] traj 16 num_vac: tail mean=156.6 std=1.3 drift=0.7% over last 20.0 ps (67 pts)
2026-05-08 16:13 - ml4cascades.lammps.process - INFO -   [CONVERGED] traj 16 num_int: tail mean=156.6 std=1.3 drift=0.7% over last 20.0 ps (67 pts)
2026-05-08 16:13 - ml4cascades.lammps.process - INFO -   [CONVERGED] traj 16 num_def: tail mean=313.2 std=2.5 drift=0.7% over last 20.0 ps (67 pts)
2026-05-08 16:13 - ml4cascades.lammps.process - INFO - Starting the 7th trajectory in folder 17...
2026-05-08 16:15 - ml4cascades.lammps.process - INFO -   [CONVERGED] traj 17 num_vac: tail mean=378.1 std=3.1 drift=0.6% over last 20.0 ps (67 pts)
2026-05-08 16:15 - ml4cascades.lammps.process - INFO -   [CONVERGED] traj 17 num_int: tail mean=378.1 std=3.1 drift=0.6% over last 20.0 ps (67 pts)
2026-05-08 16:15 - ml4cascades.lammps.process - INFO -   [CONVERGED] traj 17 num_def: tail mean=756.1 std=6.1 drift=0.6% over last 20.0 ps (67 pts)
2026-05-08 16:15 - ml4cascades.lammps.process - WARNING - Warning: thermo.out does not exist in folder 18.
2026-05-08 16:15 - ml4cascades.lammps.process - INFO - #------------ Defect analysis completed. ------------#

2026-05-08 16:21 - ml4cascades.lammps.process - INFO - #------------Average defect analysis, PKA_kin_eng: 10000 eV------------#
2026-05-08 16:21 - ml4cascades.lammps.process - INFO - #------------Average defect analysis, PKA_kin_eng: 10000 eV------------#
2026-05-08 16:21 - ml4cascades.lammps.process - INFO - Found defect.txt in 1 running 44.877 ps.
2026-05-08 16:21 - ml4cascades.lammps.process - INFO - Found defect.txt in 2 running 44.829 ps.
2026-05-08 16:21 - ml4cascades.lammps.process - INFO - Found defect.txt in 4 running 44.92 ps.
2026-05-08 16:21 - ml4cascades.lammps.process - INFO - Found defect.txt in 5 running 44.87 ps.
2026-05-08 16:21 - ml4cascades.lammps.process - INFO - Found defect.txt in 6 running 44.801 ps.
2026-05-08 16:21 - ml4cascades.lammps.process - INFO - Found defect.txt in 7 running 44.86 ps.
2026-05-08 16:21 - ml4cascades.lammps.process - INFO - Found defect.txt in 9 running 44.999 ps.
2026-05-08 16:21 - ml4cascades.lammps.process - INFO - Found defect.txt in 10 running 44.851 ps.
2026-05-08 16:21 - ml4cascades.lammps.process - INFO - Found defect.txt in 11 running 44.806 ps.
2026-05-08 16:21 - ml4cascades.lammps.process - INFO - Found defect.txt in 12 running 44.997 ps.
2026-05-08 16:21 - ml4cascades.lammps.process - INFO - Found defect.txt in 13 running 44.813 ps.
2026-05-08 16:21 - ml4cascades.lammps.process - INFO - Found defect.txt in 14 running 45.002 ps.
2026-05-08 16:21 - ml4cascades.lammps.process - INFO - Found defect.txt in 15 running 45.057 ps.
2026-05-08 16:21 - ml4cascades.lammps.process - INFO - Found defect.txt in 16 running 44.815 ps.
2026-05-08 16:21 - ml4cascades.lammps.process - INFO - Found defect.txt in 17 running 45.004 ps.
2026-05-08 16:21 - ml4cascades.lammps.process - INFO - #------------Processing 15 files------------#

